Archive member included to satisfy reference by file (symbol)

d:/st/stm32cubeide_1.11.2/stm32cubeide/plugins/com.st.stm32cube.ide.mcu.externaltools.gnu-tools-for-stm32.10.3-2021.10.win32_1.0.100.202210260954/tools/bin/../lib/gcc/arm-none-eabi/10.3.1/../../../../arm-none-eabi/lib/thumb/v6-m/nofp\libc_nano.a(lib_a-errno.o)
                              ./Core/Src/syscalls.o (__errno)
d:/st/stm32cubeide_1.11.2/stm32cubeide/plugins/com.st.stm32cube.ide.mcu.externaltools.gnu-tools-for-stm32.10.3-2021.10.win32_1.0.100.202210260954/tools/bin/../lib/gcc/arm-none-eabi/10.3.1/../../../../arm-none-eabi/lib/thumb/v6-m/nofp\libc_nano.a(lib_a-exit.o)
                              d:/st/stm32cubeide_1.11.2/stm32cubeide/plugins/com.st.stm32cube.ide.mcu.externaltools.gnu-tools-for-stm32.10.3-2021.10.win32_1.0.100.202210260954/tools/bin/../lib/gcc/arm-none-eabi/10.3.1/../../../../arm-none-eabi/lib/thumb/v6-m/nofp/crt0.o (exit)
d:/st/stm32cubeide_1.11.2/stm32cubeide/plugins/com.st.stm32cube.ide.mcu.externaltools.gnu-tools-for-stm32.10.3-2021.10.win32_1.0.100.202210260954/tools/bin/../lib/gcc/arm-none-eabi/10.3.1/../../../../arm-none-eabi/lib/thumb/v6-m/nofp\libc_nano.a(lib_a-impure.o)
                              d:/st/stm32cubeide_1.11.2/stm32cubeide/plugins/com.st.stm32cube.ide.mcu.externaltools.gnu-tools-for-stm32.10.3-2021.10.win32_1.0.100.202210260954/tools/bin/../lib/gcc/arm-none-eabi/10.3.1/../../../../arm-none-eabi/lib/thumb/v6-m/nofp\libc_nano.a(lib_a-exit.o) (_global_impure_ptr)
d:/st/stm32cubeide_1.11.2/stm32cubeide/plugins/com.st.stm32cube.ide.mcu.externaltools.gnu-tools-for-stm32.10.3-2021.10.win32_1.0.100.202210260954/tools/bin/../lib/gcc/arm-none-eabi/10.3.1/../../../../arm-none-eabi/lib/thumb/v6-m/nofp\libc_nano.a(lib_a-init.o)
                              d:/st/stm32cubeide_1.11.2/stm32cubeide/plugins/com.st.stm32cube.ide.mcu.externaltools.gnu-tools-for-stm32.10.3-2021.10.win32_1.0.100.202210260954/tools/bin/../lib/gcc/arm-none-eabi/10.3.1/../../../../arm-none-eabi/lib/thumb/v6-m/nofp/crt0.o (__libc_init_array)
d:/st/stm32cubeide_1.11.2/stm32cubeide/plugins/com.st.stm32cube.ide.mcu.externaltools.gnu-tools-for-stm32.10.3-2021.10.win32_1.0.100.202210260954/tools/bin/../lib/gcc/arm-none-eabi/10.3.1/../../../../arm-none-eabi/lib/thumb/v6-m/nofp\libc_nano.a(lib_a-malloc.o)
                              ./MyCode/oled/spi_oled.o (malloc)
d:/st/stm32cubeide_1.11.2/stm32cubeide/plugins/com.st.stm32cube.ide.mcu.externaltools.gnu-tools-for-stm32.10.3-2021.10.win32_1.0.100.202210260954/tools/bin/../lib/gcc/arm-none-eabi/10.3.1/../../../../arm-none-eabi/lib/thumb/v6-m/nofp\libc_nano.a(lib_a-memcpy-stub.o)
                              ./MyCode/oled/spi_oled.o (memcpy)
d:/st/stm32cubeide_1.11.2/stm32cubeide/plugins/com.st.stm32cube.ide.mcu.externaltools.gnu-tools-for-stm32.10.3-2021.10.win32_1.0.100.202210260954/tools/bin/../lib/gcc/arm-none-eabi/10.3.1/../../../../arm-none-eabi/lib/thumb/v6-m/nofp\libc_nano.a(lib_a-memset.o)
                              d:/st/stm32cubeide_1.11.2/stm32cubeide/plugins/com.st.stm32cube.ide.mcu.externaltools.gnu-tools-for-stm32.10.3-2021.10.win32_1.0.100.202210260954/tools/bin/../lib/gcc/arm-none-eabi/10.3.1/../../../../arm-none-eabi/lib/thumb/v6-m/nofp/crt0.o (memset)
d:/st/stm32cubeide_1.11.2/stm32cubeide/plugins/com.st.stm32cube.ide.mcu.externaltools.gnu-tools-for-stm32.10.3-2021.10.win32_1.0.100.202210260954/tools/bin/../lib/gcc/arm-none-eabi/10.3.1/../../../../arm-none-eabi/lib/thumb/v6-m/nofp\libc_nano.a(lib_a-nano-freer.o)
                              d:/st/stm32cubeide_1.11.2/stm32cubeide/plugins/com.st.stm32cube.ide.mcu.externaltools.gnu-tools-for-stm32.10.3-2021.10.win32_1.0.100.202210260954/tools/bin/../lib/gcc/arm-none-eabi/10.3.1/../../../../arm-none-eabi/lib/thumb/v6-m/nofp\libc_nano.a(lib_a-malloc.o) (_free_r)
d:/st/stm32cubeide_1.11.2/stm32cubeide/plugins/com.st.stm32cube.ide.mcu.externaltools.gnu-tools-for-stm32.10.3-2021.10.win32_1.0.100.202210260954/tools/bin/../lib/gcc/arm-none-eabi/10.3.1/../../../../arm-none-eabi/lib/thumb/v6-m/nofp\libc_nano.a(lib_a-nano-mallocr.o)
                              d:/st/stm32cubeide_1.11.2/stm32cubeide/plugins/com.st.stm32cube.ide.mcu.externaltools.gnu-tools-for-stm32.10.3-2021.10.win32_1.0.100.202210260954/tools/bin/../lib/gcc/arm-none-eabi/10.3.1/../../../../arm-none-eabi/lib/thumb/v6-m/nofp\libc_nano.a(lib_a-malloc.o) (_malloc_r)
d:/st/stm32cubeide_1.11.2/stm32cubeide/plugins/com.st.stm32cube.ide.mcu.externaltools.gnu-tools-for-stm32.10.3-2021.10.win32_1.0.100.202210260954/tools/bin/../lib/gcc/arm-none-eabi/10.3.1/../../../../arm-none-eabi/lib/thumb/v6-m/nofp\libc_nano.a(lib_a-nano-vfprintf_float.o)
                              (_printf_float)
d:/st/stm32cubeide_1.11.2/stm32cubeide/plugins/com.st.stm32cube.ide.mcu.externaltools.gnu-tools-for-stm32.10.3-2021.10.win32_1.0.100.202210260954/tools/bin/../lib/gcc/arm-none-eabi/10.3.1/../../../../arm-none-eabi/lib/thumb/v6-m/nofp\libc_nano.a(lib_a-nano-vfprintf_i.o)
[...]
Memory Configuration

Name             Origin             Length             Attributes
RAM              0x0000000020000000 0x0000000000009000 xrw
FLASH            0x0000000008000000 0x0000000000020000 xr
*default*        0x0000000000000000 0xffffffffffffffff

Linker script and memory map

LOAD d:/st/stm32cubeide_1.11.2/stm32cubeide/plugins/com.st.stm32cube.ide.mcu.externaltools.gnu-tools-for-stm32.10.3-2021.10.win32_1.0.100.202210260954/tools/bin/../lib/gcc/arm-none-eabi/10.3.1/thumb/v6-m/nofp/crti.o
LOAD d:/st/stm32cubeide_1.11.2/stm32cubeide/plugins/com.st.stm32cube.ide.mcu.externaltools.gnu-tools-for-stm32.10.3-2021.10.win32_1.0.100.202210260954/tools/bin/../lib/gcc/arm-none-eabi/10.3.1/thumb/v6-m/nofp/crtbegin.o
LOAD d:/st/stm32cubeide_1.11.2/stm32cubeide/plugins/com.st.stm32cube.ide.mcu.externaltools.gnu-tools-for-stm32.10.3-2021.10.win32_1.0.100.202210260954/tools/bin/../lib/gcc/arm-none-eabi/10.3.1/../../../../arm-none-eabi/lib/thumb/v6-m/nofp/crt0.o
LOAD ./Core/Src/adc.o
LOAD ./Core/Src/dma.o
LOAD ./Core/Src/gpio.o
LOAD ./Core/Src/main.o
LOAD ./Core/Src/spi.o
LOAD ./Core/Src/stm32g0xx_hal_msp.o
LOAD ./Core/Src/stm32g0xx_it.o
LOAD ./Core/Src/syscalls.o
LOAD ./Core/Src/sysmem.o
LOAD ./Core/Src/system_stm32g0xx.o
LOAD ./Core/Src/tim.o
LOAD ./Core/Src/usart.o
LOAD ./Core/Startup/startup_stm32g070rbtx.o
LOAD ./Drivers/STM32G0xx_HAL_Driver/Src/stm32g0xx_hal.o
LOAD ./Drivers/STM32G0xx_HAL_Driver/Src/stm32g0xx_hal_adc.o
LOAD ./Drivers/STM32G0xx_HAL_Driver/Src/stm32g0xx_hal_adc_ex.o
LOAD ./Drivers/STM32G0xx_HAL_Driver/Src/stm32g0xx_hal_cortex.o
LOAD ./Drivers/STM32G0xx_HAL_Driver/Src/stm32g0xx_hal_dma.o
LOAD ./Drivers/STM32G0xx_HAL_Driver/Src/stm32g0xx_hal_dma_ex.o
LOAD ./Drivers/STM32G0xx_HAL_Driver/Src/stm32g0xx_hal_exti.o
LOAD ./Drivers/STM32G0xx_HAL_Driver/Src/stm32g0xx_hal_flash.o
LOAD ./Drivers/STM32G0xx_HAL_Driver/Src/stm32g0xx_hal_flash_ex.o
LOAD ./Drivers/STM32G0xx_HAL_Driver/Src/stm32g0xx_hal_gpio.o
LOAD ./Drivers/STM32G0xx_HAL_Driver/Src/stm32g0xx_hal_pwr.o
LOAD ./Drivers/STM32G0xx_HAL_Driver/Src/stm32g0xx_hal_pwr_ex.o
LOAD ./Drivers/STM32G0xx_HAL_Driver/Src/stm32g0xx_hal_rcc.o
LOAD ./Drivers/STM32G0xx_HAL_Driver/Src/stm32g0xx_hal_rcc_ex.o
LOAD ./Drivers/STM32G0xx_HAL_Driver/Src/stm32g0xx_hal_spi.o
LOAD ./Drivers/STM32G0xx_HAL_Driver/Src/stm32g0xx_hal_spi_ex.o
LOAD ./Drivers/STM32G0xx_HAL_Driver/Src/stm32g0xx_hal_tim.o
LOAD ./Drivers/STM32G0xx_HAL_Driver/Src/stm32g0xx_hal_tim_ex.o
LOAD ./Drivers/STM32G0xx_HAL_Driver/Src/stm32g0xx_hal_uart.o
LOAD ./Drivers/STM32G0xx_HAL_Driver/Src/stm32g0xx_hal_uart_ex.o
LOAD ./Drivers/STM32G0xx_HAL_Driver/Src/stm32g0xx_ll_adc.o
LOAD ./Drivers/STM32G0xx_HAL_Driver/Src/stm32g0xx_ll_dma.o
LOAD ./Drivers/STM32G0xx_HAL_Driver/Src/stm32g0xx_ll_rcc.o
LOAD ./MyCode/AT25/at25.o
LOAD ./MyCode/DAC/DAC.o
LOAD ./MyCode/ENCODER/ENCODER.o
LOAD ./MyCode/FONTS/FONTS.o
LOAD ./MyCode/KEY/newkey.o
LOAD ./MyCode/PROTECT/protect.o
LOAD ./MyCode/PROTECT/time_delay_cycle.o
LOAD ./MyCode/RS232/MYADC/filter.o
LOAD ./MyCode/RS232/MYADC/myadc.o
LOAD ./MyCode/RS232/RS232.o
LOAD ./MyCode/oled/spi_oled.o
LOAD ./MyCode/oled/time_oled.o
START GROUP
LOAD d:/st/stm32cubeide_1.11.2/stm32cubeide/plugins/com.st.stm32cube.ide.mcu.externaltools.gnu-tools-for-stm32.10.3-2021.10.win32_1.0.100.202210260954/tools/bin/../lib/gcc/arm-none-eabi/10.3.1/../../../../arm-none-eabi/lib/thumb/v6-m/nofp\libc_nano.a
LOAD d:/st/stm32cubeide_1.11.2/stm32cubeide/plugins/com.st.stm32cube.ide.mcu.externaltools.gnu-tools-for-stm32.10.3-2021.10.win32_1.0.100.202210260954/tools/bin/../lib/gcc/arm-none-eabi/10.3.1/../../../../arm-none-eabi/lib/thumb/v6-m/nofp\libm.a
END GROUP
START GROUP
LOAD d:/st/stm32cubeide_1.11.2/stm32cubeide/plugins/com.st.stm32cube.ide.mcu.externaltools.gnu-tools-for-stm32.10.3-2021.10.win32_1.0.100.202210260954/tools/bin/../lib/gcc/arm-none-eabi/10.3.1/thumb/v6-m/nofp\libgcc.a
LOAD d:/st/stm32cubeide_1.11.2/stm32cubeide/plugins/com.st.stm32cube.ide.mcu.externaltools.gnu-tools-for-stm32.10.3-2021.10.win32_1.0.100.202210260954/tools/bin/../lib/gcc/arm-none-eabi/10.3.1/../../../../arm-none-eabi/lib/thumb/v6-m/nofp\libc_nano.a
END GROUP
START GROUP
LOAD d:/st/stm32cubeide_1.11.2/stm32cubeide/plugins/com.st.stm32cube.ide.mcu.externaltools.gnu-tools-for-stm32.10.3-2021.10.win32_1.0.100.202210260954/tools/bin/../lib/gcc/arm-none-eabi/10.3.1/thumb/v6-m/nofp\libgcc.a
LOAD d:/st/stm32cubeide_1.11.2/stm32cubeide/plugins/com.st.stm32cube.ide.mcu.externaltools.gnu-tools-for-stm32.10.3-2021.10.win32_1.0.100.202210260954/tools/bin/../lib/gcc/arm-none-eabi/10.3.1/../../../../arm-none-eabi/lib/thumb/v6-m/nofp\libc_nano.a
LOAD d:/st/stm32cubeide_1.11.2/stm32cubeide/plugins/com.st.stm32cube.ide.mcu.externaltools.gnu-tools-for-stm32.10.3-2021.10.win32_1.0.100.202210260954/tools/bin/../lib/gcc/arm-none-eabi/10.3.1/../../../../arm-none-eabi/lib/thumb/v6-m/nofp\libnosys.a
END GROUP
START GROUP
LOAD d:/st/stm32cubeide_1.11.2/stm32cubeide/plugins/com.st.stm32cube.ide.mcu.externaltools.gnu-tools-for-stm32.10.3-2021.10.win32_1.0.100.202210260954/tools/bin/../lib/gcc/arm-none-eabi/10.3.1/thumb/v6-m/nofp\libgcc.a
LOAD d:/st/stm32cubeide_1.11.2/stm32cubeide/plugins/com.st.stm32cube.ide.mcu.externaltools.gnu-tools-for-stm32.10.3-2021.10.win32_1.0.100.202210260954/tools/bin/../lib/gcc/arm-none-eabi/10.3.1/../../../../arm-none-eabi/lib/thumb/v6-m/nofp\libc_nano.a
LOAD d:/st/stm32cubeide_1.11.2/stm32cubeide/plugins/com.st.stm32cube.ide.mcu.externaltools.gnu-tools-for-stm32.10.3-2021.10.win32_1.0.100.202210260954/tools/bin/../lib/gcc/arm-none-eabi/10.3.1/../../../../arm-none-eabi/lib/thumb/v6-m/nofp\libnosys.a
END GROUP
LOAD d:/st/stm32cubeide_1.11.2/stm32cubeide/plugins/com.st.stm32cube.ide.mcu.externaltools.gnu-tools-for-stm32.10.3-2021.10.win32_1.0.100.202210260954/tools/bin/../lib/gcc/arm-none-eabi/10.3.1/thumb/v6-m/nofp/crtend.o
LOAD d:/st/stm32cubeide_1.11.2/stm32cubeide/plugins/com.st.stm32cube.ide.mcu.externaltools.gnu-tools-for-stm32.10.3-2021.10.win32_1.0.100.202210260954/tools/bin/../lib/gcc/arm-none-eabi/10.3.1/thumb/v6-m/nofp/crtn.o
                0x0000000020009000                _estack = (ORIGIN (RAM) + LENGTH (RAM))
                0x0000000000000200                _Min_Heap_Size = 0x200
                0x0000000000000400                _Min_Stack_Size = 0x400

.isr_vector     0x0000000008000000       0xb8
                0x0000000008000000                . = ALIGN (0x4)
 *(.isr_vector)
 .isr_vector    0x0000000008000000       0xb8 ./Core/Startup/startup_stm32g070rbtx.o
                0x0000000008000000                g_pfnVectors
                0x00000000080000b8                . = ALIGN (0x4)

.text           0x00000000080000b8    0x1832c
                0x00000000080000b8                . = ALIGN (0x4)
 *(.text)
 .text          0x00000000080000b8       0x48 d:/st/stm32cubeide_1.11.2/stm32cubeide/plugins/com.st.stm32cube.ide.mcu.externaltools.gnu-tools-for-stm32.10.3-2021.10.win32_1.0.100.202210260954/tools/bin/../lib/gcc/arm-none-eabi/10.3.1/thumb/v6-m/nofp/crtbegin.o
 .text          0x0000000008000100       0x14 d:/st/stm32cubeide_1.11.2/stm32cubeide/plugins/com.st.stm32cube.ide.mcu.externaltools.gnu-tools-for-stm32.10.3-2021.10.win32_1.0.100.202210260954/tools/bin/../lib/gcc/arm-none-eabi/10.3.1/../../../../arm-none-eabi/lib/thumb/v6-m/nofp\libc_nano.a(lib_a-strcmp.o)
                0x0000000008000100                strcmp
 .text          0x0000000008000114        0xe d:/st/stm32cubeide_1.11.2/stm32cubeide/plugins/com.st.stm32cube.ide.mcu.externaltools.gnu-tools-for-stm32.10.3-2021.10.win32_1.0.100.202210260954/tools/bin/../lib/gcc/arm-none-eabi/10.3.1/../../../../arm-none-eabi/lib/thumb/v6-m/nofp\libc_nano.a(lib_a-strlen.o)
                0x0000000008000114                strlen
 *fill*         0x0000000008000122        0x2 
 .text          0x0000000008000124       0x14 d:/st/stm32cubeide_1.11.2/stm32cubeide/plugins/com.st.stm32cube.ide.mcu.externaltools.gnu-tools-for-stm32.10.3-2021.10.win32_1.0.100.202210260954/tools/bin/../lib/gcc/arm-none-eabi/10.3.1/thumb/v6-m/nofp\libgcc.a(_thumb1_case_uqi.o)
                0x0000000008000124                __gnu_thumb1_case_uqi
 .text          0x0000000008000138       0x14 d:/st/stm32cubeide_1.11.2/stm32cubeide/plugins/com.st.stm32cube.ide.mcu.externaltools.gnu-tools-for-stm32.10.3-2021.10.win32_1.0.100.202210260954/tools/bin/../lib/gcc/arm-none-eabi/10.3.1/thumb/v6-m/nofp\libgcc.a(_thumb1_case_shi.o)
                0x0000000008000138                __gnu_thumb1_case_shi
 .text          0x000000000800014c      0x114 d:/st/stm32cubeide_1.11.2/stm32cubeide/plugins/com.st.stm32cube.ide.mcu.externaltools.gnu-tools-for-stm32.10.3-2021.10.win32_1.0.100.202210260954/tools/bin/../lib/gcc/arm-none-eabi/10.3.1/thumb/v6-m/nofp\libgcc.a(_udivsi3.o)
                0x000000000800014c                __aeabi_uidiv
                0x000000000800014c                __udivsi3
                0x0000000008000258                __aeabi_uidivmod
 .text          0x0000000008000260      0x1d4 d:/st/stm32cubeide_1.11.2/stm32cubeide/plugins/com.st.stm32cube.ide.mcu.externaltools.gnu-tools-for-stm32.10.3-2021.10.win32_1.0.100.202210260954/tools/bin/../lib/gcc/arm-none-eabi/10.3.1/thumb/v6-m/nofp\libgcc.a(_divsi3.o)
                0x0000000008000260                __divsi3
                0x0000000008000260                __aeabi_idiv
                0x000000000800042c                __aeabi_idivmod
 .text          0x0000000008000434        0x4 d:/st/stm32cubeide_1.11.2/stm32cubeide/plugins/com.st.stm32cube.ide.mcu.externaltools.gnu-tools-for-stm32.10.3-2021.10.win32_1.0.100.202210260954/tools/bin/../lib/gcc/arm-none-eabi/10.3.1/thumb/v6-m/nofp\libgcc.a(_dvmd_tls.o)
                0x0000000008000434                __aeabi_idiv0
                0x0000000008000434                __aeabi_ldiv0
 .text          0x0000000008000438       0x7c d:/st/stm32cubeide_1.11.2/stm32cubeide/plugins/com.st.stm32cube.ide.mcu.externaltools.gnu-tools-for-stm32.10.3-2021.10.win32_1.0.100.202210260954/tools/bin/../lib/gcc/arm-none-eabi/10.3.1/thumb/v6-m/nofp\libgcc.a(_arm_cmpdf2.o)
                0x0000000008000438                __aeabi_cdrcmple
                0x0000000008000448                __aeabi_cdcmple
                0x0000000008000448                __aeabi_cdcmpeq
                0x0000000008000458                __aeabi_dcmpeq
                0x0000000008000464                __aeabi_dcmplt
                0x0000000008000478                __aeabi_dcmple
                0x000000000800048c                __aeabi_dcmpgt
                0x00000000080004a0                __aeabi_dcmpge
 .text          0x00000000080004b4       0x74 d:/st/stm32cubeide_1.11.2/stm32cubeide/plugins/com.st.stm32cube.ide.mcu.externaltools.gnu-tools-for-stm32.10.3-2021.10.win32_1.0.100.202210260954/tools/bin/../lib/gcc/arm-none-eabi/10.3.1/thumb/v6-m/nofp\libgcc.a(_arm_cmpsf2.o)
                0x00000000080004b4                __aeabi_cfrcmple
                0x00000000080004bc                __aeabi_cfcmpeq
                0x00000000080004bc                __aeabi_cfcmple
                0x00000000080004cc                __aeabi_fcmpeq
                0x00000000080004d8                __aeabi_fcmplt
                0x00000000080004ec                __aeabi_fcmple
                0x0000000008000500                __aeabi_fcmpgt
                0x0000000008000514                __aeabi_fcmpge
 .text          0x0000000008000528       0x30 d:/st/stm32cubeide_1.11.2/stm32cubeide/plugins/com.st.stm32cube.ide.mcu.externaltools.gnu-tools-for-stm32.10.3-2021.10.win32_1.0.100.202210260954/tools/bin/../lib/gcc/arm-none-eabi/10.3.1/thumb/v6-m/nofp\libgcc.a(_fixunssfsi.o)
                0x0000000008000528                __fixunssfsi
                0x0000000008000528                __aeabi_f2uiz
 .text          0x0000000008000558       0x3c d:/st/stm32cubeide_1.11.2/stm32cubeide/plugins/com.st.stm32cube.ide.mcu.externaltools.gnu-tools-for-stm32.10.3-2021.10.win32_1.0.100.202210260954/tools/bin/../lib/gcc/arm-none-eabi/10.3.1/thumb/v6-m/nofp\libgcc.a(_fixunsdfsi.o)
                0x0000000008000558                __aeabi_d2uiz
                0x0000000008000558                __fixunsdfsi
 .text          0x0000000008000594      0x33c d:/st/stm32cubeide_1.11.2/stm32cubeide/plugins/com.st.stm32cube.ide.mcu.externaltools.gnu-tools-for-stm32.10.3-2021.10.win32_1.0.100.202210260954/tools/bin/../lib/gcc/arm-none-eabi/10.3.1/thumb/v6-m/nofp\libgcc.a(addsf3.o)
                0x0000000008000594                __aeabi_fadd
 .text          0x00000000080008d0      0x230 d:/st/stm32cubeide_1.11.2/stm32cubeide/plugins/com.st.stm32cube.ide.mcu.externaltools.gnu-tools-for-stm32.10.3-2021.10.win32_1.0.100.202210260954/tools/bin/../lib/gcc/arm-none-eabi/10.3.1/thumb/v6-m/nofp\libgcc.a(divsf3.o)
                0x00000000080008d0                __aeabi_fdiv
 .text          0x0000000008000b00       0x4c d:/st/stm32cubeide_1.11.2/stm32cubeide/plugins/com.st.stm32cube.ide.mcu.externaltools.gnu-tools-for-stm32.10.3-2021.10.win32_1.0.100.202210260954/tools/bin/../lib/gcc/arm-none-eabi/10.3.1/thumb/v6-m/nofp\libgcc.a(eqsf2.o)
                0x0000000008000b00                __eqsf2
                0x0000000008000b00                __nesf2
 .text          0x0000000008000b4c       0x8c d:/st/stm32cubeide_1.11.2/stm32cubeide/plugins/com.st.stm32cube.ide.mcu.externaltools.gnu-tools-for-stm32.10.3-2021.10.win32_1.0.100.202210260954/tools/bin/../lib/gcc/arm-none-eabi/10.3.1/thumb/v6-m/nofp\libgcc.a(gesf2.o)
                0x0000000008000b4c                __gesf2
                0x0000000008000b4c                __gtsf2
 .text          0x0000000008000bd8       0x88 d:/st/stm32cubeide_1.11.2/stm32cubeide/plugins/com.st.stm32cube.ide.mcu.externaltools.gnu-tools-for-stm32.10.3-2021.10.win32_1.0.100.202210260954/tools/bin/../lib/gcc/arm-none-eabi/10.3.1/thumb/v6-m/nofp\libgcc.a(lesf2.o)
                0x0000000008000bd8                __ltsf2
                0x0000000008000bd8                __lesf2
 .text          0x0000000008000c60      0x24c d:/st/stm32cubeide_1.11.2/stm32cubeide/plugins/com.st.stm32cube.ide.mcu.externaltools.gnu-tools-for-stm32.10.3-2021.10.win32_1.0.100.202210260954/tools/bin/../lib/gcc/arm-none-eabi/10.3.1/thumb/v6-m/nofp\libgcc.a(mulsf3.o)
                0x0000000008000c60                __aeabi_fmul
 .text          0x0000000008000eac      0x35c d:/st/stm32cubeide_1.11.2/stm32cubeide/plugins/com.st.stm32cube.ide.mcu.externaltools.gnu-tools-for-stm32.10.3-2021.10.win32_1.0.100.202210260954/tools/bin/../lib/gcc/arm-none-eabi/10.3.1/thumb/v6-m/nofp\libgcc.a(subsf3.o)
                0x0000000008000eac                __aeabi_fsub
 .text          0x0000000008001208       0x40 d:/st/stm32cubeide_1.11.2/stm32cubeide/plugins/com.st.stm32cube.ide.mcu.externaltools.gnu-tools-for-stm32.10.3-2021.10.win32_1.0.100.202210260954/tools/bin/../lib/gcc/arm-none-eabi/10.3.1/thumb/v6-m/nofp\libgcc.a(fixsfsi.o)
                0x0000000008001208                __aeabi_f2iz
 .text          0x0000000008001248       0x9c d:/st/stm32cubeide_1.11.2/stm32cubeide/plugins/com.st.stm32cube.ide.mcu.externaltools.gnu-tools-for-stm32.10.3-2021.10.win32_1.0.100.202210260954/tools/bin/../lib/gcc/arm-none-eabi/10.3.1/thumb/v6-m/nofp\libgcc.a(floatsisf.o)
                0x0000000008001248                __aeabi_i2f
 .text          0x00000000080012e4      0x678 d:/st/stm32cubeide_1.11.2/stm32cubeide/plugins/com.st.stm32cube.ide.mcu.externaltools.gnu-tools-for-stm32.10.3-2021.10.win32_1.0.100.202210260954/tools/bin/../lib/gcc/arm-none-eabi/10.3.1/thumb/v6-m/nofp\libgcc.a(adddf3.o)
                0x00000000080012e4                __aeabi_dadd
 .text          0x000000000800195c      0x5ec d:/st/stm32cubeide_1.11.2/stm32cubeide/plugins/com.st.stm32cube.ide.mcu.externaltools.gnu-tools-for-stm32.10.3-2021.10.win32_1.0.100.202210260954/tools/bin/../lib/gcc/arm-none-eabi/10.3.1/thumb/v6-m/nofp\libgcc.a(divdf3.o)
                0x000000000800195c                __aeabi_ddiv
 .text          0x0000000008001f48       0x84 d:/st/stm32cubeide_1.11.2/stm32cubeide/plugins/com.st.stm32cube.ide.mcu.externaltools.gnu-tools-for-stm32.10.3-2021.10.win32_1.0.100.202210260954/tools/bin/../lib/gcc/arm-none-eabi/10.3.1/thumb/v6-m/nofp\libgcc.a(eqdf2.o)
                0x0000000008001f48                __nedf2
                0x0000000008001f48                __eqdf2
 .text          0x0000000008001fcc       0xcc d:/st/stm32cubeide_1.11.2/stm32cubeide/plugins/com.st.stm32cube.ide.mcu.externaltools.gnu-tools-for-stm32.10.3-2021.10.win32_1.0.100.202210260954/tools/bin/../lib/gcc/arm-none-eabi/10.3.1/thumb/v6-m/nofp\libgcc.a(gedf2.o)
                0x0000000008001fcc                __gedf2
                0x0000000008001fcc                __gtdf2
 .text          0x0000000008002098       0xc8 d:/st/stm32cubeide_1.11.2/stm32cubeide/plugins/com.st.stm32cube.ide.mcu.externaltools.gnu-tools-for-stm32.10.3-2021.10.win32_1.0.100.202210260954/tools/bin/../lib/gcc/arm-none-eabi/10.3.1/thumb/v6-m/nofp\libgcc.a(ledf2.o)
                0x0000000008002098                __ledf2
                0x0000000008002098                __ltdf2
 .text          0x0000000008002160      0x4d8 d:/st/stm32cubeide_1.11.2/stm32cubeide/plugins/com.st.stm32cube.ide.mcu.externaltools.gnu-tools-for-stm32.10.3-2021.10.win32_1.0.100.202210260954/tools/bin/../lib/gcc/arm-none-eabi/10.3.1/thumb/v6-m/nofp\libgcc.a(muldf3.o)
                0x0000000008002160                __aeabi_dmul
 .text          0x0000000008002638      0x724 d:/st/stm32cubeide_1.11.2/stm32cubeide/plugins/com.st.stm32cube.ide.mcu.externaltools.gnu-tools-for-stm32.10.3-2021.10.win32_1.0.100.202210260954/tools/bin/../lib/gcc/arm-none-eabi/10.3.1/thumb/v6-m/nofp\libgcc.a(subdf3.o)
                0x0000000008002638                __aeabi_dsub
 .text          0x0000000008002d5c       0x3c d:/st/stm32cubeide_1.11.2/stm32cubeide/plugins/com.st.stm32cube.ide.mcu.externaltools.gnu-tools-for-stm32.10.3-2021.10.win32_1.0.100.202210260954/tools/bin/../lib/gcc/arm-none-eabi/10.3.1/thumb/v6-m/nofp\libgcc.a(unorddf2.o)
                0x0000000008002d5c                __aeabi_dcmpun
 .text          0x0000000008002d98       0x6c d:/st/stm32cubeide_1.11.2/stm32cubeide/plugins/com.st.stm32cube.ide.mcu.externaltools.gnu-tools-for-stm32.10.3-2021.10.win32_1.0.100.202210260954/tools/bin/../lib/gcc/arm-none-eabi/10.3.1/thumb/v6-m/nofp\libgcc.a(fixdfsi.o)
                0x0000000008002d98                __aeabi_d2iz
 .text          0x0000000008002e04       0x60 d:/st/stm32cubeide_1.11.2/stm32cubeide/plugins/com.st.stm32cube.ide.mcu.externaltools.gnu-tools-for-stm32.10.3-2021.10.win32_1.0.100.202210260954/tools/bin/../lib/gcc/arm-none-eabi/10.3.1/thumb/v6-m/nofp\libgcc.a(floatsidf.o)
                0x0000000008002e04                __aeabi_i2d
 .text          0x0000000008002e64       0x4c d:/st/stm32cubeide_1.11.2/stm32cubeide/plugins/com.st.stm32cube.ide.mcu.externaltools.gnu-tools-for-stm32.10.3-2021.10.win32_1.0.100.202210260954/tools/bin/../lib/gcc/arm-none-eabi/10.3.1/thumb/v6-m/nofp\libgcc.a(floatunsidf.o)
                0x0000000008002e64                __aeabi_ui2d
 .text          0x0000000008002eb0       0x90 d:/st/stm32cubeide_1.11.2/stm32cubeide/plugins/com.st.stm32cube.ide.mcu.externaltools.gnu-tools-for-stm32.10.3-2021.10.win32_1.0.100.202210260954/tools/bin/../lib/gcc/arm-none-eabi/10.3.1/thumb/v6-m/nofp\libgcc.a(extendsfdf2.o)
                0x0000000008002eb0                __aeabi_f2d
 .text          0x0000000008002f40      0x110 d:/st/stm32cubeide_1.11.2/stm32cubeide/plugins/com.st.stm32cube.ide.mcu.externaltools.gnu-tools-for-stm32.10.3-2021.10.win32_1.0.100.202210260954/tools/bin/../lib/gcc/arm-none-eabi/10.3.1/thumb/v6-m/nofp\libgcc.a(truncdfsf2.o)
                0x0000000008002f40                __aeabi_d2f
 .text          0x0000000008003050       0x3c d:/st/stm32cubeide_1.11.2/stm32cubeide/plugins/com.st.stm32cube.ide.mcu.externaltools.gnu-tools-for-stm32.10.3-2021.10.win32_1.0.100.202210260954/tools/bin/../lib/gcc/arm-none-eabi/10.3.1/thumb/v6-m/nofp\libgcc.a(_clzsi2.o)
                0x0000000008003050                __clzsi2
 *(.text*)
 .text.MX_ADC1_Init
                0x000000000800308c      0x104 ./Core/Src/adc.o
                0x000000000800308c                MX_ADC1_Init
 .text.HAL_ADC_MspInit
                0x0000000008003190      0x128 ./Core/Src/adc.o
                0x0000000008003190                HAL_ADC_MspInit
 .text.MX_DMA_Init
                0x00000000080032b8       0x5c ./Core/Src/dma.o
                0x00000000080032b8                MX_DMA_Init
 .text.MX_GPIO_Init
                0x0000000008003314      0x174 ./Core/Src/gpio.o
                0x0000000008003314                MX_GPIO_Init
 .text.main     0x0000000008003488       0x5a ./Core/Src/main.o
                0x0000000008003488                main
 .text.SystemClock_Config
                0x00000000080034e2       0xaa ./Core/Src/main.o
                0x00000000080034e2                SystemClock_Config
 .text.My_sys_Init
                0x000000000800358c      0x134 ./Core/Src/main.o
                0x000000000800358c                My_sys_Init
 .text.IT_handle
                0x00000000080036c0      0x278 ./Core/Src/main.o
                0x00000000080036c0                IT_handle
 .text.Error_Handler
                0x0000000008003938        0xa ./Core/Src/main.o
                0x0000000008003938                Error_Handler
 *fill*         0x0000000008003942        0x2 
 .text.MX_SPI1_Init
                0x0000000008003944       0x7c ./Core/Src/spi.o
                0x0000000008003944                MX_SPI1_Init
 .text.HAL_SPI_MspInit
                0x00000000080039c0       0xe0 ./Core/Src/spi.o
                0x00000000080039c0                HAL_SPI_MspInit
 .text.HAL_MspInit
                0x0000000008003aa0       0x48 ./Core/Src/stm32g0xx_hal_msp.o
                0x0000000008003aa0                HAL_MspInit
 .text.NMI_Handler
                0x0000000008003ae8        0x6 ./Core/Src/stm32g0xx_it.o
                0x0000000008003ae8                NMI_Handler
 .text.HardFault_Handler
                0x0000000008003aee        0x6 ./Core/Src/stm32g0xx_it.o
                0x0000000008003aee                HardFault_Handler
 .text.SVC_Handler
                0x0000000008003af4        0xa ./Core/Src/stm32g0xx_it.o
                0x0000000008003af4                SVC_Handler
 .text.PendSV_Handler
                0x0000000008003afe        0xa ./Core/Src/stm32g0xx_it.o
                0x0000000008003afe                PendSV_Handler
 .text.SysTick_Handler
                0x0000000008003b08        0xe ./Core/Src/stm32g0xx_it.o
                0x0000000008003b08                SysTick_Handler
 *fill*         0x0000000008003b16        0x2 
 .text.DMA1_Channel1_IRQHandler
                0x0000000008003b18       0x18 ./Core/Src/stm32g0xx_it.o
                0x0000000008003b18                DMA1_Channel1_IRQHandler
 .text.DMA1_Channel2_3_IRQHandler
                0x0000000008003b30       0x18 ./Core/Src/stm32g0xx_it.o
                0x0000000008003b30                DMA1_Channel2_3_IRQHandler
 .text.DMA1_Ch4_7_DMAMUX1_OVR_IRQHandler
                0x0000000008003b48       0x24 ./Core/Src/stm32g0xx_it.o
                0x0000000008003b48                DMA1_Ch4_7_DMAMUX1_OVR_IRQHandler
 .text.ADC1_IRQHandler
                0x0000000008003b6c       0x18 ./Core/Src/stm32g0xx_it.o
                0x0000000008003b6c                ADC1_IRQHandler
 .text.TIM1_BRK_UP_TRG_COM_IRQHandler
                0x0000000008003b84       0x18 ./Core/Src/stm32g0xx_it.o
                0x0000000008003b84                TIM1_BRK_UP_TRG_COM_IRQHandler
 .text.TIM3_IRQHandler
                0x0000000008003b9c       0x18 ./Core/Src/stm32g0xx_it.o
                0x0000000008003b9c                TIM3_IRQHandler
 .text.TIM6_IRQHandler
                0x0000000008003bb4       0x18 ./Core/Src/stm32g0xx_it.o
                0x0000000008003bb4                TIM6_IRQHandler
 .text.TIM7_IRQHandler
                0x0000000008003bcc       0x18 ./Core/Src/stm32g0xx_it.o
                0x0000000008003bcc                TIM7_IRQHandler
 .text.TIM14_IRQHandler
                0x0000000008003be4       0x18 ./Core/Src/stm32g0xx_it.o
                0x0000000008003be4                TIM14_IRQHandler
 .text.TIM16_IRQHandler
                0x0000000008003bfc       0x18 ./Core/Src/stm32g0xx_it.o
                0x0000000008003bfc                TIM16_IRQHandler
 .text.TIM17_IRQHandler
                0x0000000008003c14       0x18 ./Core/Src/stm32g0xx_it.o
                0x0000000008003c14                TIM17_IRQHandler
 .text.USART1_IRQHandler
                0x0000000008003c2c       0x18 ./Core/Src/stm32g0xx_it.o
                0x0000000008003c2c                USART1_IRQHandler
 .text.USART2_IRQHandler
                0x0000000008003c44       0x60 ./Core/Src/stm32g0xx_it.o
                0x0000000008003c44                USART2_IRQHandler
 .text._getpid  0x0000000008003ca4        0xc ./Core/Src/syscalls.o
                0x0000000008003ca4                _getpid
 .text._kill    0x0000000008003cb0       0x20 ./Core/Src/syscalls.o
                0x0000000008003cb0                _kill
 .text._exit    0x0000000008003cd0       0x18 ./Core/Src/syscalls.o
                0x0000000008003cd0                _exit
 .text._read    0x0000000008003ce8       0x3a ./Core/Src/syscalls.o
                0x0000000008003ce8                _read
 .text._write   0x0000000008003d22       0x38 ./Core/Src/syscalls.o
                0x0000000008003d22                _write
 .text._close   0x0000000008003d5a       0x14 ./Core/Src/syscalls.o
                0x0000000008003d5a                _close
 .text._fstat   0x0000000008003d6e       0x1c ./Core/Src/syscalls.o
                0x0000000008003d6e                _fstat
 .text._isatty  0x0000000008003d8a       0x12 ./Core/Src/syscalls.o
                0x0000000008003d8a                _isatty
 .text._lseek   0x0000000008003d9c       0x16 ./Core/Src/syscalls.o
                0x0000000008003d9c                _lseek
 *fill*         0x0000000008003db2        0x2 
 .text._sbrk    0x0000000008003db4       0x6c ./Core/Src/sysmem.o
                0x0000000008003db4                _sbrk
 .text.SystemInit
                0x0000000008003e20        0xa ./Core/Src/system_stm32g0xx.o
                0x0000000008003e20                SystemInit
 *fill*         0x0000000008003e2a        0x2 
 .text.MX_TIM1_Init
                0x0000000008003e2c       0xfc ./Core/Src/tim.o
                0x0000000008003e2c                MX_TIM1_Init
 .text.MX_TIM3_Init
                0x0000000008003f28       0xcc ./Core/Src/tim.o
                0x0000000008003f28                MX_TIM3_Init
 .text.MX_TIM6_Init
                0x0000000008003ff4       0x84 ./Core/Src/tim.o
                0x0000000008003ff4                MX_TIM6_Init
 .text.MX_TIM7_Init
                0x0000000008004078       0x88 ./Core/Src/tim.o
                0x0000000008004078                MX_TIM7_Init
 .text.MX_TIM14_Init
                0x0000000008004100       0x54 ./Core/Src/tim.o
                0x0000000008004100                MX_TIM14_Init
 .text.MX_TIM15_Init
                0x0000000008004154      0x1b4 ./Core/Src/tim.o
                0x0000000008004154                MX_TIM15_Init
 .text.MX_TIM16_Init
                0x0000000008004308       0x98 ./Core/Src/tim.o
                0x0000000008004308                MX_TIM16_Init
 .text.MX_TIM17_Init
                0x00000000080043a0       0x94 ./Core/Src/tim.o
                0x00000000080043a0                MX_TIM17_Init
 .text.HAL_TIM_Base_MspInit
                0x0000000008004434      0x1a0 ./Core/Src/tim.o
                0x0000000008004434                HAL_TIM_Base_MspInit
 .text.HAL_TIM_Encoder_MspInit
                0x00000000080045d4       0xa4 ./Core/Src/tim.o
                0x00000000080045d4                HAL_TIM_Encoder_MspInit
 .text.HAL_TIM_MspPostInit
                0x0000000008004678       0x7c ./Core/Src/tim.o
                0x0000000008004678                HAL_TIM_MspPostInit
 .text.HAL_TIM_PeriodElapsedCallback
                0x00000000080046f4      0x348 ./Core/Src/tim.o
                0x00000000080046f4                HAL_TIM_PeriodElapsedCallback
 .text.MX_USART1_UART_Init
                0x0000000008004a3c       0x9c ./Core/Src/usart.o
                0x0000000008004a3c                MX_USART1_UART_Init
 .text.MX_USART2_UART_Init
                0x0000000008004ad8       0xa4 ./Core/Src/usart.o
                0x0000000008004ad8                MX_USART2_UART_Init
 .text.MX_USART3_UART_Init
                0x0000000008004b7c       0x6c ./Core/Src/usart.o
                0x0000000008004b7c                MX_USART3_UART_Init
 .text.HAL_UART_MspInit
                0x0000000008004be8      0x348 ./Core/Src/usart.o
                0x0000000008004be8                HAL_UART_MspInit
 .text.USART2_IDLECallback
                0x0000000008004f30      0x158 ./Core/Src/usart.o
                0x0000000008004f30                USART2_IDLECallback
 .text.Reset_Handler
                0x0000000008005088       0x50 ./Core/Startup/startup_stm32g070rbtx.o
                0x0000000008005088                Reset_Handler
 .text.Default_Handler
                0x00000000080050d8        0x2 ./Core/Startup/startup_stm32g070rbtx.o
                0x00000000080050d8                TIM1_CC_IRQHandler
                0x00000000080050d8                I2C1_IRQHandler
                0x00000000080050d8                RTC_TAMP_IRQHandler
                0x00000000080050d8                SPI1_IRQHandler
                0x00000000080050d8                USART3_4_IRQHandler
                0x00000000080050d8                EXTI2_3_IRQHandler
                0x00000000080050d8                I2C2_IRQHandler
                0x00000000080050d8                EXTI4_15_IRQHandler
                0x00000000080050d8                RCC_IRQHandler
                0x00000000080050d8                Default_Handler
                0x00000000080050d8                TIM15_IRQHandler
                0x00000000080050d8                EXTI0_1_IRQHandler
                0x00000000080050d8                SPI2_IRQHandler
                0x00000000080050d8                WWDG_IRQHandler
                0x00000000080050d8                FLASH_IRQHandler
 *fill*         0x00000000080050da        0x2 
 .text.HAL_Init
                0x00000000080050dc       0x40 ./Drivers/STM32G0xx_HAL_Driver/Src/stm32g0xx_hal.o
                0x00000000080050dc                HAL_Init
 .text.HAL_InitTick
                0x000000000800511c       0x94 ./Drivers/STM32G0xx_HAL_Driver/Src/stm32g0xx_hal.o
                0x000000000800511c                HAL_InitTick
 .text.HAL_IncTick
                0x00000000080051b0       0x24 ./Drivers/STM32G0xx_HAL_Driver/Src/stm32g0xx_hal.o
                0x00000000080051b0                HAL_IncTick
 .text.HAL_GetTick
                0x00000000080051d4       0x14 ./Drivers/STM32G0xx_HAL_Driver/Src/stm32g0xx_hal.o
                0x00000000080051d4                HAL_GetTick
 .text.HAL_Delay
                0x00000000080051e8       0x48 ./Drivers/STM32G0xx_HAL_Driver/Src/stm32g0xx_hal.o
                0x00000000080051e8                HAL_Delay
 .text.LL_ADC_SetCommonPathInternalCh
                0x0000000008005230       0x28 ./Drivers/STM32G0xx_HAL_Driver/Src/stm32g0xx_hal_adc.o
 .text.LL_ADC_GetCommonPathInternalCh
                0x0000000008005258       0x1a ./Drivers/STM32G0xx_HAL_Driver/Src/stm32g0xx_hal_adc.o
 .text.LL_ADC_SetSamplingTimeCommonChannels
                0x0000000008005272       0x3a ./Drivers/STM32G0xx_HAL_Driver/Src/stm32g0xx_hal_adc.o
 .text.LL_ADC_GetSamplingTimeCommonChannels
                0x00000000080052ac       0x2e ./Drivers/STM32G0xx_HAL_Driver/Src/stm32g0xx_hal_adc.o
 .text.LL_ADC_REG_IsTriggerSourceSWStart
                0x00000000080052da       0x22 ./Drivers/STM32G0xx_HAL_Driver/Src/stm32g0xx_hal_adc.o
 .text.LL_ADC_REG_SetSequencerRanks
                0x00000000080052fc       0x40 ./Drivers/STM32G0xx_HAL_Driver/Src/stm32g0xx_hal_adc.o
 .text.LL_ADC_REG_SetSequencerChAdd
                0x000000000800533c       0x22 ./Drivers/STM32G0xx_HAL_Driver/Src/stm32g0xx_hal_adc.o
 .text.LL_ADC_REG_SetSequencerChRem
                0x000000000800535e       0x24 ./Drivers/STM32G0xx_HAL_Driver/Src/stm32g0xx_hal_adc.o
 .text.LL_ADC_REG_GetDMATransfer
                0x0000000008005382       0x18 ./Drivers/STM32G0xx_HAL_Driver/Src/stm32g0xx_hal_adc.o
 *fill*         0x000000000800539a        0x2 
 .text.LL_ADC_SetChannelSamplingTime
                0x000000000800539c       0x38 ./Drivers/STM32G0xx_HAL_Driver/Src/stm32g0xx_hal_adc.o
 .text.LL_ADC_EnableInternalRegulator
                0x00000000080053d4       0x28 ./Drivers/STM32G0xx_HAL_Driver/Src/stm32g0xx_hal_adc.o
 .text.LL_ADC_IsInternalRegulatorEnabled
                0x00000000080053fc       0x28 ./Drivers/STM32G0xx_HAL_Driver/Src/stm32g0xx_hal_adc.o
 .text.LL_ADC_Enable
                0x0000000008005424       0x24 ./Drivers/STM32G0xx_HAL_Driver/Src/stm32g0xx_hal_adc.o
 .text.LL_ADC_Disable
                0x0000000008005448       0x24 ./Drivers/STM32G0xx_HAL_Driver/Src/stm32g0xx_hal_adc.o
 .text.LL_ADC_IsEnabled
                0x000000000800546c       0x22 ./Drivers/STM32G0xx_HAL_Driver/Src/stm32g0xx_hal_adc.o
 .text.LL_ADC_IsDisableOngoing
                0x000000000800548e       0x22 ./Drivers/STM32G0xx_HAL_Driver/Src/stm32g0xx_hal_adc.o
 .text.LL_ADC_REG_StartConversion
                0x00000000080054b0       0x24 ./Drivers/STM32G0xx_HAL_Driver/Src/stm32g0xx_hal_adc.o
 .text.LL_ADC_REG_StopConversion
                0x00000000080054d4       0x24 ./Drivers/STM32G0xx_HAL_Driver/Src/stm32g0xx_hal_adc.o
 .text.LL_ADC_REG_IsConversionOngoing
                0x00000000080054f8       0x22 ./Drivers/STM32G0xx_HAL_Driver/Src/stm32g0xx_hal_adc.o
 *fill*         0x000000000800551a        0x2 
 .text.HAL_ADC_Init
                0x000000000800551c      0x350 ./Drivers/STM32G0xx_HAL_Driver/Src/stm32g0xx_hal_adc.o
                0x000000000800551c                HAL_ADC_Init
 .text.HAL_ADC_Start_DMA
                0x000000000800586c      0x11c ./Drivers/STM32G0xx_HAL_Driver/Src/stm32g0xx_hal_adc.o
                0x000000000800586c                HAL_ADC_Start_DMA
 .text.HAL_ADC_Stop_DMA
                0x0000000008005988       0xe4 ./Drivers/STM32G0xx_HAL_Driver/Src/stm32g0xx_hal_adc.o
                0x0000000008005988                HAL_ADC_Stop_DMA
 .text.HAL_ADC_IRQHandler
                0x0000000008005a6c      0x230 ./Drivers/STM32G0xx_HAL_Driver/Src/stm32g0xx_hal_adc.o
                0x0000000008005a6c                HAL_ADC_IRQHandler
 .text.HAL_ADC_ConvHalfCpltCallback
                0x0000000008005c9c       0x10 ./Drivers/STM32G0xx_HAL_Driver/Src/stm32g0xx_hal_adc.o
                0x0000000008005c9c                HAL_ADC_ConvHalfCpltCallback
 .text.HAL_ADC_LevelOutOfWindowCallback
                0x0000000008005cac       0x10 ./Drivers/STM32G0xx_HAL_Driver/Src/stm32g0xx_hal_adc.o
                0x0000000008005cac                HAL_ADC_LevelOutOfWindowCallback
 .text.HAL_ADC_ErrorCallback
                0x0000000008005cbc       0x10 ./Drivers/STM32G0xx_HAL_Driver/Src/stm32g0xx_hal_adc.o
                0x0000000008005cbc                HAL_ADC_ErrorCallback
 .text.HAL_ADC_ConfigChannel
                0x0000000008005ccc      0x3b0 ./Drivers/STM32G0xx_HAL_Driver/Src/stm32g0xx_hal_adc.o
                0x0000000008005ccc                HAL_ADC_ConfigChannel
 .text.ADC_ConversionStop
                0x000000000800607c       0x84 ./Drivers/STM32G0xx_HAL_Driver/Src/stm32g0xx_hal_adc.o
                0x000000000800607c                ADC_ConversionStop
 .text.ADC_Enable
                0x0000000008006100      0x10c ./Drivers/STM32G0xx_HAL_Driver/Src/stm32g0xx_hal_adc.o
                0x0000000008006100                ADC_Enable
 .text.ADC_Disable
                0x000000000800620c       0xbc ./Drivers/STM32G0xx_HAL_Driver/Src/stm32g0xx_hal_adc.o
                0x000000000800620c                ADC_Disable
 .text.ADC_DMAConvCplt
                0x00000000080062c8       0xc8 ./Drivers/STM32G0xx_HAL_Driver/Src/stm32g0xx_hal_adc.o
 .text.ADC_DMAHalfConvCplt
                0x0000000008006390       0x1e ./Drivers/STM32G0xx_HAL_Driver/Src/stm32g0xx_hal_adc.o
 .text.ADC_DMAError
                0x00000000080063ae       0x36 ./Drivers/STM32G0xx_HAL_Driver/Src/stm32g0xx_hal_adc.o
 .text.HAL_ADCEx_LevelOutOfWindow2Callback
                0x00000000080063e4       0x10 ./Drivers/STM32G0xx_HAL_Driver/Src/stm32g0xx_hal_adc_ex.o
                0x00000000080063e4                HAL_ADCEx_LevelOutOfWindow2Callback
 .text.HAL_ADCEx_LevelOutOfWindow3Callback
                0x00000000080063f4       0x10 ./Drivers/STM32G0xx_HAL_Driver/Src/stm32g0xx_hal_adc_ex.o
                0x00000000080063f4                HAL_ADCEx_LevelOutOfWindow3Callback
 .text.HAL_ADCEx_EndOfSamplingCallback
                0x0000000008006404       0x10 ./Drivers/STM32G0xx_HAL_Driver/Src/stm32g0xx_hal_adc_ex.o
                0x0000000008006404                HAL_ADCEx_EndOfSamplingCallback
 .text.HAL_ADCEx_ChannelConfigReadyCallback
                0x0000000008006414       0x10 ./Drivers/STM32G0xx_HAL_Driver/Src/stm32g0xx_hal_adc_ex.o
                0x0000000008006414                HAL_ADCEx_ChannelConfigReadyCallback
 .text.__NVIC_EnableIRQ
                0x0000000008006424       0x34 ./Drivers/STM32G0xx_HAL_Driver/Src/stm32g0xx_hal_cortex.o
 .text.__NVIC_SetPriority
                0x0000000008006458       0xdc ./Drivers/STM32G0xx_HAL_Driver/Src/stm32g0xx_hal_cortex.o
 .text.SysTick_Config
                0x0000000008006534       0x48 ./Drivers/STM32G0xx_HAL_Driver/Src/stm32g0xx_hal_cortex.o
 .text.HAL_NVIC_SetPriority
                0x000000000800657c       0x2a ./Drivers/STM32G0xx_HAL_Driver/Src/stm32g0xx_hal_cortex.o
                0x000000000800657c                HAL_NVIC_SetPriority
 .text.HAL_NVIC_EnableIRQ
                0x00000000080065a6       0x20 ./Drivers/STM32G0xx_HAL_Driver/Src/stm32g0xx_hal_cortex.o
                0x00000000080065a6                HAL_NVIC_EnableIRQ
 .text.HAL_SYSTICK_Config
                0x00000000080065c6       0x1a ./Drivers/STM32G0xx_HAL_Driver/Src/stm32g0xx_hal_cortex.o
                0x00000000080065c6                HAL_SYSTICK_Config
 .text.HAL_DMA_Init
                0x00000000080065e0      0x114 ./Drivers/STM32G0xx_HAL_Driver/Src/stm32g0xx_hal_dma.o
                0x00000000080065e0                HAL_DMA_Init
 .text.HAL_DMA_Start_IT
                0x00000000080066f4      0x10c ./Drivers/STM32G0xx_HAL_Driver/Src/stm32g0xx_hal_dma.o
                0x00000000080066f4                HAL_DMA_Start_IT
 .text.HAL_DMA_Abort
                0x0000000008006800       0xc4 ./Drivers/STM32G0xx_HAL_Driver/Src/stm32g0xx_hal_dma.o
                0x0000000008006800                HAL_DMA_Abort
 .text.HAL_DMA_Abort_IT
                0x00000000080068c4       0xd4 ./Drivers/STM32G0xx_HAL_Driver/Src/stm32g0xx_hal_dma.o
                0x00000000080068c4                HAL_DMA_Abort_IT
 .text.HAL_DMA_IRQHandler
                0x0000000008006998      0x164 ./Drivers/STM32G0xx_HAL_Driver/Src/stm32g0xx_hal_dma.o
                0x0000000008006998                HAL_DMA_IRQHandler
 .text.HAL_DMA_GetError
                0x0000000008006afc       0x14 ./Drivers/STM32G0xx_HAL_Driver/Src/stm32g0xx_hal_dma.o
                0x0000000008006afc                HAL_DMA_GetError
 .text.DMA_SetConfig
                0x0000000008006b10       0x80 ./Drivers/STM32G0xx_HAL_Driver/Src/stm32g0xx_hal_dma.o
 .text.DMA_CalcDMAMUXChannelBaseAndMask
                0x0000000008006b90       0x58 ./Drivers/STM32G0xx_HAL_Driver/Src/stm32g0xx_hal_dma.o
 .text.DMA_CalcDMAMUXRequestGenBaseAndMask
                0x0000000008006be8       0x48 ./Drivers/STM32G0xx_HAL_Driver/Src/stm32g0xx_hal_dma.o
 .text.HAL_GPIO_Init
                0x0000000008006c30      0x2c8 ./Drivers/STM32G0xx_HAL_Driver/Src/stm32g0xx_hal_gpio.o
                0x0000000008006c30                HAL_GPIO_Init
 .text.HAL_GPIO_ReadPin
                0x0000000008006ef8       0x3a ./Drivers/STM32G0xx_HAL_Driver/Src/stm32g0xx_hal_gpio.o
                0x0000000008006ef8                HAL_GPIO_ReadPin
 .text.HAL_GPIO_WritePin
                0x0000000008006f32       0x3a ./Drivers/STM32G0xx_HAL_Driver/Src/stm32g0xx_hal_gpio.o
                0x0000000008006f32                HAL_GPIO_WritePin
 .text.HAL_PWREx_ControlVoltageScaling
                0x0000000008006f6c       0x80 ./Drivers/STM32G0xx_HAL_Driver/Src/stm32g0xx_hal_pwr_ex.o
                0x0000000008006f6c                HAL_PWREx_ControlVoltageScaling
 .text.LL_RCC_GetAPB1Prescaler
                0x0000000008006fec       0x18 ./Drivers/STM32G0xx_HAL_Driver/Src/stm32g0xx_hal_rcc.o
 .text.HAL_RCC_OscConfig
                0x0000000008007004      0x620 ./Drivers/STM32G0xx_HAL_Driver/Src/stm32g0xx_hal_rcc.o
                0x0000000008007004                HAL_RCC_OscConfig
 .text.HAL_RCC_ClockConfig
                0x0000000008007624      0x210 ./Drivers/STM32G0xx_HAL_Driver/Src/stm32g0xx_hal_rcc.o
                0x0000000008007624                HAL_RCC_ClockConfig
 .text.HAL_RCC_GetSysClockFreq
                0x0000000008007834      0x104 ./Drivers/STM32G0xx_HAL_Driver/Src/stm32g0xx_hal_rcc.o
                0x0000000008007834                HAL_RCC_GetSysClockFreq
 .text.HAL_RCC_GetHCLKFreq
                0x0000000008007938       0x14 ./Drivers/STM32G0xx_HAL_Driver/Src/stm32g0xx_hal_rcc.o
                0x0000000008007938                HAL_RCC_GetHCLKFreq
 .text.HAL_RCC_GetPCLK1Freq
                0x000000000800794c       0x2c ./Drivers/STM32G0xx_HAL_Driver/Src/stm32g0xx_hal_rcc.o
                0x000000000800794c                HAL_RCC_GetPCLK1Freq
 .text.HAL_RCCEx_PeriphCLKConfig
                0x0000000008007978      0x268 ./Drivers/STM32G0xx_HAL_Driver/Src/stm32g0xx_hal_rcc_ex.o
                0x0000000008007978                HAL_RCCEx_PeriphCLKConfig
 .text.HAL_SPI_Init
                0x0000000008007be0      0x170 ./Drivers/STM32G0xx_HAL_Driver/Src/stm32g0xx_hal_spi.o
                0x0000000008007be0                HAL_SPI_Init
 .text.HAL_SPI_Transmit
                0x0000000008007d50      0x2b0 ./Drivers/STM32G0xx_HAL_Driver/Src/stm32g0xx_hal_spi.o
                0x0000000008007d50                HAL_SPI_Transmit
 .text.HAL_SPI_Receive
                0x0000000008008000      0x298 ./Drivers/STM32G0xx_HAL_Driver/Src/stm32g0xx_hal_spi.o
                0x0000000008008000                HAL_SPI_Receive
 .text.HAL_SPI_TransmitReceive
                0x0000000008008298      0x3a4 ./Drivers/STM32G0xx_HAL_Driver/Src/stm32g0xx_hal_spi.o
                0x0000000008008298                HAL_SPI_TransmitReceive
 .text.SPI_WaitFlagStateUntilTimeout
                0x000000000800863c      0x11c ./Drivers/STM32G0xx_HAL_Driver/Src/stm32g0xx_hal_spi.o
 .text.SPI_WaitFifoStateUntilTimeout
                0x0000000008008758      0x144 ./Drivers/STM32G0xx_HAL_Driver/Src/stm32g0xx_hal_spi.o
 .text.SPI_EndRxTransaction
                0x000000000800889c       0xbc ./Drivers/STM32G0xx_HAL_Driver/Src/stm32g0xx_hal_spi.o
 .text.SPI_EndRxTxTransaction
                0x0000000008008958       0x8c ./Drivers/STM32G0xx_HAL_Driver/Src/stm32g0xx_hal_spi.o
 .text.HAL_TIM_Base_Init
                0x00000000080089e4       0xb0 ./Drivers/STM32G0xx_HAL_Driver/Src/stm32g0xx_hal_tim.o
                0x00000000080089e4                HAL_TIM_Base_Init
 .text.HAL_TIM_Base_Start
                0x0000000008008a94       0x9c ./Drivers/STM32G0xx_HAL_Driver/Src/stm32g0xx_hal_tim.o
                0x0000000008008a94                HAL_TIM_Base_Start
 .text.HAL_TIM_Base_Start_IT
                0x0000000008008b30       0xac ./Drivers/STM32G0xx_HAL_Driver/Src/stm32g0xx_hal_tim.o
                0x0000000008008b30                HAL_TIM_Base_Start_IT
 .text.HAL_TIM_PWM_Init
                0x0000000008008bdc       0xb0 ./Drivers/STM32G0xx_HAL_Driver/Src/stm32g0xx_hal_tim.o
                0x0000000008008bdc                HAL_TIM_PWM_Init
 .text.HAL_TIM_PWM_MspInit
                0x0000000008008c8c       0x10 ./Drivers/STM32G0xx_HAL_Driver/Src/stm32g0xx_hal_tim.o
                0x0000000008008c8c                HAL_TIM_PWM_MspInit
 .text.HAL_TIM_PWM_Start
                0x0000000008008c9c      0x1c8 ./Drivers/STM32G0xx_HAL_Driver/Src/stm32g0xx_hal_tim.o
                0x0000000008008c9c                HAL_TIM_PWM_Start
 .text.HAL_TIM_Encoder_Init
                0x0000000008008e64      0x150 ./Drivers/STM32G0xx_HAL_Driver/Src/stm32g0xx_hal_tim.o
                0x0000000008008e64                HAL_TIM_Encoder_Init
 .text.HAL_TIM_Encoder_Start
                0x0000000008008fb4      0x148 ./Drivers/STM32G0xx_HAL_Driver/Src/stm32g0xx_hal_tim.o
                0x0000000008008fb4                HAL_TIM_Encoder_Start
 .text.HAL_TIM_IRQHandler
                0x00000000080090fc      0x264 ./Drivers/STM32G0xx_HAL_Driver/Src/stm32g0xx_hal_tim.o
                0x00000000080090fc                HAL_TIM_IRQHandler
 .text.HAL_TIM_PWM_ConfigChannel
                0x0000000008009360      0x200 ./Drivers/STM32G0xx_HAL_Driver/Src/stm32g0xx_hal_tim.o
                0x0000000008009360                HAL_TIM_PWM_ConfigChannel
 .text.HAL_TIM_ConfigClockSource
                0x0000000008009560      0x1ac ./Drivers/STM32G0xx_HAL_Driver/Src/stm32g0xx_hal_tim.o
                0x0000000008009560                HAL_TIM_ConfigClockSource
 .text.HAL_TIM_OC_DelayElapsedCallback
                0x000000000800970c       0x10 ./Drivers/STM32G0xx_HAL_Driver/Src/stm32g0xx_hal_tim.o
                0x000000000800970c                HAL_TIM_OC_DelayElapsedCallback
 .text.HAL_TIM_IC_CaptureCallback
                0x000000000800971c       0x10 ./Drivers/STM32G0xx_HAL_Driver/Src/stm32g0xx_hal_tim.o
                0x000000000800971c                HAL_TIM_IC_CaptureCallback
 .text.HAL_TIM_PWM_PulseFinishedCallback
                0x000000000800972c       0x10 ./Drivers/STM32G0xx_HAL_Driver/Src/stm32g0xx_hal_tim.o
                0x000000000800972c                HAL_TIM_PWM_PulseFinishedCallback
 .text.HAL_TIM_TriggerCallback
                0x000000000800973c       0x10 ./Drivers/STM32G0xx_HAL_Driver/Src/stm32g0xx_hal_tim.o
                0x000000000800973c                HAL_TIM_TriggerCallback
 .text.TIM_Base_SetConfig
                0x000000000800974c       0xec ./Drivers/STM32G0xx_HAL_Driver/Src/stm32g0xx_hal_tim.o
                0x000000000800974c                TIM_Base_SetConfig
 .text.TIM_OC1_SetConfig
                0x0000000008009838      0x114 ./Drivers/STM32G0xx_HAL_Driver/Src/stm32g0xx_hal_tim.o
 .text.TIM_OC2_SetConfig
                0x000000000800994c      0x108 ./Drivers/STM32G0xx_HAL_Driver/Src/stm32g0xx_hal_tim.o
                0x000000000800994c                TIM_OC2_SetConfig
 .text.TIM_OC3_SetConfig
                0x0000000008009a54      0x110 ./Drivers/STM32G0xx_HAL_Driver/Src/stm32g0xx_hal_tim.o
 .text.TIM_OC4_SetConfig
                0x0000000008009b64       0xd4 ./Drivers/STM32G0xx_HAL_Driver/Src/stm32g0xx_hal_tim.o
 .text.TIM_OC5_SetConfig
                0x0000000008009c38       0xc0 ./Drivers/STM32G0xx_HAL_Driver/Src/stm32g0xx_hal_tim.o
 .text.TIM_OC6_SetConfig
                0x0000000008009cf8       0xc8 ./Drivers/STM32G0xx_HAL_Driver/Src/stm32g0xx_hal_tim.o
 .text.TIM_TI1_ConfigInputStage
                0x0000000008009dc0       0x5c ./Drivers/STM32G0xx_HAL_Driver/Src/stm32g0xx_hal_tim.o
 .text.TIM_TI2_ConfigInputStage
                0x0000000008009e1c       0x64 ./Drivers/STM32G0xx_HAL_Driver/Src/stm32g0xx_hal_tim.o
 .text.TIM_ITRx_SetConfig
                0x0000000008009e80       0x38 ./Drivers/STM32G0xx_HAL_Driver/Src/stm32g0xx_hal_tim.o
 .text.TIM_ETR_SetConfig
                0x0000000008009eb8       0x40 ./Drivers/STM32G0xx_HAL_Driver/Src/stm32g0xx_hal_tim.o
                0x0000000008009eb8                TIM_ETR_SetConfig
 .text.TIM_CCxChannelCmd
                0x0000000008009ef8       0x46 ./Drivers/STM32G0xx_HAL_Driver/Src/stm32g0xx_hal_tim.o
                0x0000000008009ef8                TIM_CCxChannelCmd
 *fill*         0x0000000008009f3e        0x2 
 .text.HAL_TIMEx_MasterConfigSynchronization
                0x0000000008009f40       0xd0 ./Drivers/STM32G0xx_HAL_Driver/Src/stm32g0xx_hal_tim_ex.o
                0x0000000008009f40                HAL_TIMEx_MasterConfigSynchronization
 .text.HAL_TIMEx_ConfigBreakDeadTime
                0x000000000800a010      0x14c ./Drivers/STM32G0xx_HAL_Driver/Src/stm32g0xx_hal_tim_ex.o
                0x000000000800a010                HAL_TIMEx_ConfigBreakDeadTime
 .text.HAL_TIMEx_CommutCallback
                0x000000000800a15c       0x10 ./Drivers/STM32G0xx_HAL_Driver/Src/stm32g0xx_hal_tim_ex.o
                0x000000000800a15c                HAL_TIMEx_CommutCallback
 .text.HAL_TIMEx_BreakCallback
                0x000000000800a16c       0x10 ./Drivers/STM32G0xx_HAL_Driver/Src/stm32g0xx_hal_tim_ex.o
                0x000000000800a16c                HAL_TIMEx_BreakCallback
 .text.HAL_TIMEx_Break2Callback
                0x000000000800a17c       0x10 ./Drivers/STM32G0xx_HAL_Driver/Src/stm32g0xx_hal_tim_ex.o
                0x000000000800a17c                HAL_TIMEx_Break2Callback
 .text.HAL_UART_Init
                0x000000000800a18c       0xac ./Drivers/STM32G0xx_HAL_Driver/Src/stm32g0xx_hal_uart.o
                0x000000000800a18c                HAL_UART_Init
 .text.HAL_UART_Transmit_IT
                0x000000000800a238      0x150 ./Drivers/STM32G0xx_HAL_Driver/Src/stm32g0xx_hal_uart.o
                0x000000000800a238                HAL_UART_Transmit_IT
 .text.HAL_UART_Receive_DMA
                0x000000000800a388       0xae ./Drivers/STM32G0xx_HAL_Driver/Src/stm32g0xx_hal_uart.o
                0x000000000800a388                HAL_UART_Receive_DMA
 .text.HAL_UART_DMAStop
                0x000000000800a436      0x128 ./Drivers/STM32G0xx_HAL_Driver/Src/stm32g0xx_hal_uart.o
                0x000000000800a436                HAL_UART_DMAStop
 *fill*         0x000000000800a55e        0x2 
 .text.HAL_UART_IRQHandler
                0x000000000800a560      0x64c ./Drivers/STM32G0xx_HAL_Driver/Src/stm32g0xx_hal_uart.o
                0x000000000800a560                HAL_UART_IRQHandler
 .text.HAL_UART_TxCpltCallback
                0x000000000800abac       0x10 ./Drivers/STM32G0xx_HAL_Driver/Src/stm32g0xx_hal_uart.o
                0x000000000800abac                HAL_UART_TxCpltCallback
 .text.HAL_UART_RxCpltCallback
                0x000000000800abbc       0x10 ./Drivers/STM32G0xx_HAL_Driver/Src/stm32g0xx_hal_uart.o
                0x000000000800abbc                HAL_UART_RxCpltCallback
 .text.HAL_UART_RxHalfCpltCallback
                0x000000000800abcc       0x10 ./Drivers/STM32G0xx_HAL_Driver/Src/stm32g0xx_hal_uart.o
                0x000000000800abcc                HAL_UART_RxHalfCpltCallback
 .text.HAL_UART_ErrorCallback
                0x000000000800abdc       0x10 ./Drivers/STM32G0xx_HAL_Driver/Src/stm32g0xx_hal_uart.o
                0x000000000800abdc                HAL_UART_ErrorCallback
 .text.HAL_UARTEx_RxEventCallback
                0x000000000800abec       0x16 ./Drivers/STM32G0xx_HAL_Driver/Src/stm32g0xx_hal_uart.o
                0x000000000800abec                HAL_UARTEx_RxEventCallback
 *fill*         0x000000000800ac02        0x2 
 .text.UART_SetConfig
                0x000000000800ac04      0x348 ./Drivers/STM32G0xx_HAL_Driver/Src/stm32g0xx_hal_uart.o
                0x000000000800ac04                UART_SetConfig
 .text.UART_AdvFeatureConfig
                0x000000000800af4c      0x168 ./Drivers/STM32G0xx_HAL_Driver/Src/stm32g0xx_hal_uart.o
                0x000000000800af4c                UART_AdvFeatureConfig
 .text.UART_CheckIdleState
                0x000000000800b0b4       0x9c ./Drivers/STM32G0xx_HAL_Driver/Src/stm32g0xx_hal_uart.o
                0x000000000800b0b4                UART_CheckIdleState
 .text.UART_WaitOnFlagUntilTimeout
                0x000000000800b150      0x190 ./Drivers/STM32G0xx_HAL_Driver/Src/stm32g0xx_hal_uart.o
                0x000000000800b150                UART_WaitOnFlagUntilTimeout
 .text.UART_Start_Receive_DMA
                0x000000000800b2e0      0x14c ./Drivers/STM32G0xx_HAL_Driver/Src/stm32g0xx_hal_uart.o
                0x000000000800b2e0                UART_Start_Receive_DMA
 .text.UART_EndTxTransfer
                0x000000000800b42c       0x80 ./Drivers/STM32G0xx_HAL_Driver/Src/stm32g0xx_hal_uart.o
 .text.UART_EndRxTransfer
                0x000000000800b4ac       0xcc ./Drivers/STM32G0xx_HAL_Driver/Src/stm32g0xx_hal_uart.o
 .text.UART_DMAReceiveCplt
                0x000000000800b578      0x130 ./Drivers/STM32G0xx_HAL_Driver/Src/stm32g0xx_hal_uart.o
 .text.UART_DMARxHalfCplt
                0x000000000800b6a8       0x42 ./Drivers/STM32G0xx_HAL_Driver/Src/stm32g0xx_hal_uart.o
 .text.UART_DMAError
                0x000000000800b6ea       0x86 ./Drivers/STM32G0xx_HAL_Driver/Src/stm32g0xx_hal_uart.o
 .text.UART_DMAAbortOnError
                0x000000000800b770       0x2e ./Drivers/STM32G0xx_HAL_Driver/Src/stm32g0xx_hal_uart.o
 .text.UART_TxISR_8BIT
                0x000000000800b79e       0xb4 ./Drivers/STM32G0xx_HAL_Driver/Src/stm32g0xx_hal_uart.o
 .text.UART_TxISR_16BIT
                0x000000000800b852       0xbe ./Drivers/STM32G0xx_HAL_Driver/Src/stm32g0xx_hal_uart.o
 .text.UART_TxISR_8BIT_FIFOEN
                0x000000000800b910       0xec ./Drivers/STM32G0xx_HAL_Driver/Src/stm32g0xx_hal_uart.o
 .text.UART_TxISR_16BIT_FIFOEN
                0x000000000800b9fc       0xf4 ./Drivers/STM32G0xx_HAL_Driver/Src/stm32g0xx_hal_uart.o
 .text.UART_EndTransmit_IT
                0x000000000800baf0       0x58 ./Drivers/STM32G0xx_HAL_Driver/Src/stm32g0xx_hal_uart.o
 .text.HAL_RS485Ex_Init
                0x000000000800bb48       0xe4 ./Drivers/STM32G0xx_HAL_Driver/Src/stm32g0xx_hal_uart_ex.o
                0x000000000800bb48                HAL_RS485Ex_Init
 .text.HAL_UARTEx_WakeupCallback
                0x000000000800bc2c       0x10 ./Drivers/STM32G0xx_HAL_Driver/Src/stm32g0xx_hal_uart_ex.o
                0x000000000800bc2c                HAL_UARTEx_WakeupCallback
 .text.HAL_UARTEx_RxFifoFullCallback
                0x000000000800bc3c       0x10 ./Drivers/STM32G0xx_HAL_Driver/Src/stm32g0xx_hal_uart_ex.o
                0x000000000800bc3c                HAL_UARTEx_RxFifoFullCallback
 .text.HAL_UARTEx_TxFifoEmptyCallback
                0x000000000800bc4c       0x10 ./Drivers/STM32G0xx_HAL_Driver/Src/stm32g0xx_hal_uart_ex.o
                0x000000000800bc4c                HAL_UARTEx_TxFifoEmptyCallback
 .text.HAL_UARTEx_DisableFifoMode
                0x000000000800bc5c       0x74 ./Drivers/STM32G0xx_HAL_Driver/Src/stm32g0xx_hal_uart_ex.o
                0x000000000800bc5c                HAL_UARTEx_DisableFifoMode
 .text.HAL_UARTEx_SetTxFifoThreshold
                0x000000000800bcd0       0x7e ./Drivers/STM32G0xx_HAL_Driver/Src/stm32g0xx_hal_uart_ex.o
                0x000000000800bcd0                HAL_UARTEx_SetTxFifoThreshold
 *fill*         0x000000000800bd4e        0x2 
 .text.HAL_UARTEx_SetRxFifoThreshold
                0x000000000800bd50       0x84 ./Drivers/STM32G0xx_HAL_Driver/Src/stm32g0xx_hal_uart_ex.o
                0x000000000800bd50                HAL_UARTEx_SetRxFifoThreshold
 .text.UARTEx_SetNbDataToProcess
                0x000000000800bdd4       0xbc ./Drivers/STM32G0xx_HAL_Driver/Src/stm32g0xx_hal_uart_ex.o
 .text.AT_25_init
                0x000000000800be90       0xdc ./MyCode/AT25/at25.o
                0x000000000800be90                AT_25_init
 .text.SPI_Save_Word_16bits
                0x000000000800bf6c      0x10c ./MyCode/AT25/at25.o
                0x000000000800bf6c                SPI_Save_Word_16bits
 .text.SPI_Load_Word_16bits
                0x000000000800c078       0xd8 ./MyCode/AT25/at25.o
                0x000000000800c078                SPI_Load_Word_16bits
 .text.SPI_AT25_Write
                0x000000000800c150       0x5e ./MyCode/AT25/at25.o
                0x000000000800c150                SPI_AT25_Write
 .text.SPI_AT25_Read
                0x000000000800c1ae       0x5e ./MyCode/AT25/at25.o
                0x000000000800c1ae                SPI_AT25_Read
 .text.AT25_Save_VISet
                0x000000000800c20c       0x8c ./MyCode/AT25/at25.o
                0x000000000800c20c                AT25_Save_VISet
 .text.AT25_Save_Recall_Save_VI
                0x000000000800c298       0xd8 ./MyCode/AT25/at25.o
                0x000000000800c298                AT25_Save_Recall_Save_VI
 .text.AT25_Save_Recall_Recall_VI
                0x000000000800c370       0x80 ./MyCode/AT25/at25.o
                0x000000000800c370                AT25_Save_Recall_Recall_VI
 .text.AT25_Save_Delay
                0x000000000800c3f0       0x34 ./MyCode/AT25/at25.o
                0x000000000800c3f0                AT25_Save_Delay
 .text.AT25_Save_Cycle
                0x000000000800c424       0x4c ./MyCode/AT25/at25.o
                0x000000000800c424                AT25_Save_Cycle
 .text.AT25_Save_CC_CV_CP
                0x000000000800c470       0x2c ./MyCode/AT25/at25.o
                0x000000000800c470                AT25_Save_CC_CV_CP
 .text.AT25_Save_VI_Rate
                0x000000000800c49c       0x38 ./MyCode/AT25/at25.o
                0x000000000800c49c                AT25_Save_VI_Rate
 .text.AT25_Save_AD_Param
                0x000000000800c4d4       0xb0 ./MyCode/AT25/at25.o
                0x000000000800c4d4                AT25_Save_AD_Param
 .text.AT25_load_AD_Param
                0x000000000800c584       0xd0 ./MyCode/AT25/at25.o
                0x000000000800c584                AT25_load_AD_Param
 .text.AT25_Reset
                0x000000000800c654      0x128 ./MyCode/AT25/at25.o
                0x000000000800c654                AT25_Reset
 .text.ADD      0x000000000800c77c       0x62 ./MyCode/DAC/DAC.o
                0x000000000800c77c                ADD
 *fill*         0x000000000800c7de        0x2 
 .text.DAC_Cmd_send
                0x000000000800c7e0      0x1b4 ./MyCode/DAC/DAC.o
                0x000000000800c7e0                DAC_Cmd_send
 .text.power_on
                0x000000000800c994       0x20 ./MyCode/DAC/DAC.o
                0x000000000800c994                power_on
 .text.power_off
                0x000000000800c9b4       0x58 ./MyCode/DAC/DAC.o
                0x000000000800c9b4                power_off
 .text.Output_Zero
                0x000000000800ca0c       0x4c ./MyCode/DAC/DAC.o
                0x000000000800ca0c                Output_Zero
 .text.First_menu_data_Refresh
                0x000000000800ca58       0x3c ./MyCode/ENCODER/ENCODER.o
 .text.Calibration_V_data_Refresh
                0x000000000800ca94      0x23c ./MyCode/ENCODER/ENCODER.o
 .text.Calibration_I_data_Refresh
                0x000000000800ccd0      0x23c ./MyCode/ENCODER/ENCODER.o
 .text.Vset_data_Refresh
                0x000000000800cf0c      0x2e4 ./MyCode/ENCODER/ENCODER.o
 .text.Iset_data_Refresh
                0x000000000800d1f0      0x2f0 ./MyCode/ENCODER/ENCODER.o
 .text.VRate_data_Refresh
                0x000000000800d4e0      0x408 ./MyCode/ENCODER/ENCODER.o
 .text.IRate_data_Refresh
                0x000000000800d8e8      0x160 ./MyCode/ENCODER/ENCODER.o
 .text.Save_data_Refresh
                0x000000000800da48      0x1f4 ./MyCode/ENCODER/ENCODER.o
 .text.Recall_data_Refresh
                0x000000000800dc3c       0x34 ./MyCode/ENCODER/ENCODER.o
 .text.Timer_data_Refresh
                0x000000000800dc70      0x134 ./MyCode/ENCODER/ENCODER.o
 .text.Light_data_Refresh
                0x000000000800dda4       0x58 ./MyCode/ENCODER/ENCODER.o
 .text.FAN_data_Refresh
                0x000000000800ddfc       0xa0 ./MyCode/ENCODER/ENCODER.o
 .text.enter_action
                0x000000000800de9c      0x268 ./MyCode/ENCODER/ENCODER.o
 .text.Encoder_Data_refresh
                0x000000000800e104      0x15c ./MyCode/ENCODER/ENCODER.o
                0x000000000800e104                Encoder_Data_refresh
 .text.Encoder_Enter_Handle
                0x000000000800e260       0x88 ./MyCode/ENCODER/ENCODER.o
                0x000000000800e260                Encoder_Enter_Handle
 .text.__NVIC_SystemReset
                0x000000000800e2e8       0x24 ./MyCode/KEY/newkey.o
 .text.String_to_float
                0x000000000800e30c      0x2a8 ./MyCode/KEY/newkey.o
                0x000000000800e30c                String_to_float
 .text.String_To_Float
                0x000000000800e5b4      0x634 ./MyCode/KEY/newkey.o
                0x000000000800e5b4                String_To_Float
 .text.Keys_Input_Set_Voltage
                0x000000000800ebe8       0xa8 ./MyCode/KEY/newkey.o
 .text.Keys_Input_Set_Current
                0x000000000800ec90       0x98 ./MyCode/KEY/newkey.o
 .text.Keys_Input_Set_V_Rate
                0x000000000800ed28       0xec ./MyCode/KEY/newkey.o
 .text.Keys_Input_Set_I_Rate
                0x000000000800ee14       0xec ./MyCode/KEY/newkey.o
 .text.Keys_Input_RS232
                0x000000000800ef00       0xa0 ./MyCode/KEY/newkey.o
 .text.Keys_Input_Cycle
                0x000000000800efa0      0x16c ./MyCode/KEY/newkey.o
 .text.Keys_Input_Delay
                0x000000000800f10c       0xc8 ./MyCode/KEY/newkey.o
 .text.Keys_Input_Save
                0x000000000800f1d4      0x170 ./MyCode/KEY/newkey.o
 .text.Keys_Input_Recall
                0x000000000800f344       0x24 ./MyCode/KEY/newkey.o
 .text.Keys_Input_Password
                0x000000000800f368       0x7c ./MyCode/KEY/newkey.o
 .text.Keys_Input_Calibration_Voltage
                0x000000000800f3e4       0xc4 ./MyCode/KEY/newkey.o
 .text.Keys_Input_Calibration_Current
                0x000000000800f4a8       0xc4 ./MyCode/KEY/newkey.o
 .text.key_num_handle
                0x000000000800f56c      0x10e ./MyCode/KEY/newkey.o
                0x000000000800f56c                key_num_handle
 *fill*         0x000000000800f67a        0x2 
 .text.Key_V_set
                0x000000000800f67c      0x264 ./MyCode/KEY/newkey.o
                0x000000000800f67c                Key_V_set
 .text.Key_I_set
                0x000000000800f8e0      0x260 ./MyCode/KEY/newkey.o
                0x000000000800f8e0                Key_I_set
 .text.enter_second_menu
                0x000000000800fb40       0x60 ./MyCode/KEY/newkey.o
 .text.ISET_enter
                0x000000000800fba0      0x140 ./MyCode/KEY/newkey.o
 .text.VSET_enter
                0x000000000800fce0      0x120 ./MyCode/KEY/newkey.o
 .text.Password_enter
                0x000000000800fe00       0xbc ./MyCode/KEY/newkey.o
 .text.IRateSET_enter
                0x000000000800febc       0x6c ./MyCode/KEY/newkey.o
 .text.VRateSET_enter
                0x000000000800ff28       0x70 ./MyCode/KEY/newkey.o
 .text.Save_enter
                0x000000000800ff98       0xac ./MyCode/KEY/newkey.o
 .text.Load_enter
                0x0000000008010044       0xe8 ./MyCode/KEY/newkey.o
 .text.Delay_enter
                0x000000000801012c       0xfc ./MyCode/KEY/newkey.o
 .text.Cycle_enter
                0x0000000008010228      0x238 ./MyCode/KEY/newkey.o
 .text.Reset_enter
                0x0000000008010460       0x48 ./MyCode/KEY/newkey.o
 .text.Sample_show_enter
                0x00000000080104a8       0x4c ./MyCode/KEY/newkey.o
 .text.Key_Enter
                0x00000000080104f4      0x404 ./MyCode/KEY/newkey.o
                0x00000000080104f4                Key_Enter
 .text.Key_Shift
                0x00000000080108f8      0x1cc ./MyCode/KEY/newkey.o
                0x00000000080108f8                Key_Shift
 .text.Key_ON_OFF
                0x0000000008010ac4       0x60 ./MyCode/KEY/newkey.o
                0x0000000008010ac4                Key_ON_OFF
 .text.Key_Preset_Lock
                0x0000000008010b24       0x74 ./MyCode/KEY/newkey.o
                0x0000000008010b24                Key_Preset_Lock
 .text.Key_Recall_Save
                0x0000000008010b98       0xe8 ./MyCode/KEY/newkey.o
                0x0000000008010b98                Key_Recall_Save
 .text.Key_Up   0x0000000008010c80      0x2a8 ./MyCode/KEY/newkey.o
                0x0000000008010c80                Key_Up
 .text.Key_Down
                0x0000000008010f28      0x298 ./MyCode/KEY/newkey.o
                0x0000000008010f28                Key_Down
 .text.Key_ESC  0x00000000080111c0      0x180 ./MyCode/KEY/newkey.o
                0x00000000080111c0                Key_ESC
 .text.key_scan
                0x0000000008011340      0x2a0 ./MyCode/KEY/newkey.o
                0x0000000008011340                key_scan
 .text.KEY_Handle
                0x00000000080115e0      0x190 ./MyCode/KEY/newkey.o
                0x00000000080115e0                KEY_Handle
 .text.HAL_ADC_ConvCpltCallback
                0x0000000008011770       0x40 ./MyCode/PROTECT/protect.o
                0x0000000008011770                HAL_ADC_ConvCpltCallback
 .text.Check_Error
                0x00000000080117b0      0x260 ./MyCode/PROTECT/protect.o
                0x00000000080117b0                Check_Error
 .text.TIM16_DELAY_ON
                0x0000000008011a10       0x3c ./MyCode/PROTECT/time_delay_cycle.o
                0x0000000008011a10                TIM16_DELAY_ON
 .text.TIM16_DELAY_OFF
                0x0000000008011a4c       0x48 ./MyCode/PROTECT/time_delay_cycle.o
                0x0000000008011a4c                TIM16_DELAY_OFF
 .text.TIM17_CYCLE_ON
                0x0000000008011a94       0xa0 ./MyCode/PROTECT/time_delay_cycle.o
                0x0000000008011a94                TIM17_CYCLE_ON
 .text.TIM17_CYCLE_OFF
                0x0000000008011b34       0x48 ./MyCode/PROTECT/time_delay_cycle.o
                0x0000000008011b34                TIM17_CYCLE_OFF
 .text.SPI_OLED_SendData
                0x0000000008011b7c       0x70 ./MyCode/oled/spi_oled.o
                0x0000000008011b7c                SPI_OLED_SendData
 .text.SPI_OLED_SendCommond
                0x0000000008011bec       0x70 ./MyCode/oled/spi_oled.o
                0x0000000008011bec                SPI_OLED_SendCommond
 .text.OLED_Init
                0x0000000008011c5c      0x1b8 ./MyCode/oled/spi_oled.o
                0x0000000008011c5c                OLED_Init
 .text.Font_1Bit_To_4Bit
                0x0000000008011e14      0x1b8 ./MyCode/oled/spi_oled.o
                0x0000000008011e14                Font_1Bit_To_4Bit
 .text._1Bit_To_4Bit_16x32
                0x0000000008011fcc      0x29c ./MyCode/oled/spi_oled.o
 .text._1Bit_To_4Bit_8x16
                0x0000000008012268      0x22c ./MyCode/oled/spi_oled.o
 .text.Font_1Bit_To_4Bit_12x24
                0x0000000008012494      0x2e0 ./MyCode/oled/spi_oled.o
                0x0000000008012494                Font_1Bit_To_4Bit_12x24
 .text.Set_Column_Address
                0x0000000008012774       0x3c ./MyCode/oled/spi_oled.o
                0x0000000008012774                Set_Column_Address
 .text.Set_Row_Address
                0x00000000080127b0       0x34 ./MyCode/oled/spi_oled.o
                0x00000000080127b0                Set_Row_Address
 .text.Set_WriteData
                0x00000000080127e4       0x10 ./MyCode/oled/spi_oled.o
                0x00000000080127e4                Set_WriteData
 .text.Fill_RAM
                0x00000000080127f4       0x80 ./MyCode/oled/spi_oled.o
                0x00000000080127f4                Fill_RAM
 .text.Clear_Screen
                0x0000000008012874       0xac ./MyCode/oled/spi_oled.o
                0x0000000008012874                Clear_Screen
 .text.Write_Single_8x16AsicII
                0x0000000008012920       0x88 ./MyCode/oled/spi_oled.o
                0x0000000008012920                Write_Single_8x16AsicII
 .text.Write_String_8x16AsicII
                0x00000000080129a8       0x7a ./MyCode/oled/spi_oled.o
                0x00000000080129a8                Write_String_8x16AsicII
 *fill*         0x0000000008012a22        0x2 
 .text.Write_Single_16x32AsicII
                0x0000000008012a24       0x88 ./MyCode/oled/spi_oled.o
                0x0000000008012a24                Write_Single_16x32AsicII
 .text.Write_String_16x32AsicII
                0x0000000008012aac       0x7a ./MyCode/oled/spi_oled.o
                0x0000000008012aac                Write_String_16x32AsicII
 *fill*         0x0000000008012b26        0x2 
 .text.Write_Single_12x24AsicII
                0x0000000008012b28       0xc0 ./MyCode/oled/spi_oled.o
                0x0000000008012b28                Write_Single_12x24AsicII
 .text.Write_String_12x24AsicII
                0x0000000008012be8       0x7e ./MyCode/oled/spi_oled.o
                0x0000000008012be8                Write_String_12x24AsicII
 *fill*         0x0000000008012c66        0x2 
 .text.Display_Main_Interface_Voltage
                0x0000000008012c68       0xe0 ./MyCode/oled/spi_oled.o
                0x0000000008012c68                Display_Main_Interface_Voltage
 .text.Display_Main_Interface_Current
                0x0000000008012d48       0xe0 ./MyCode/oled/spi_oled.o
                0x0000000008012d48                Display_Main_Interface_Current
 .text.Display_Main_Interface_Power
                0x0000000008012e28      0x158 ./MyCode/oled/spi_oled.o
                0x0000000008012e28                Display_Main_Interface_Power
 .text.Display_Main_Interface_Lock
                0x0000000008012f80       0x40 ./MyCode/oled/spi_oled.o
 .text.Display_Main_Interface_CV_CC_CP
                0x0000000008012fc0       0x64 ./MyCode/oled/spi_oled.o
                0x0000000008012fc0                Display_Main_Interface_CV_CC_CP
 .text.Display_Main_Interface_ON_OFF
                0x0000000008013024       0x40 ./MyCode/oled/spi_oled.o
                0x0000000008013024                Display_Main_Interface_ON_OFF
 .text.Display_Main_Interface_Shift
                0x0000000008013064       0x48 ./MyCode/oled/spi_oled.o
 .text.Display_Main_Interface_V_set
                0x00000000080130ac      0x294 ./MyCode/oled/spi_oled.o
                0x00000000080130ac                Display_Main_Interface_V_set
 .text.Display_Main_Interface_I_set
                0x0000000008013340      0x288 ./MyCode/oled/spi_oled.o
                0x0000000008013340                Display_Main_Interface_I_set
 .text.Display_Main_Interface
                0x00000000080135c8       0x7c ./MyCode/oled/spi_oled.o
                0x00000000080135c8                Display_Main_Interface
 .text.Display_Param_Interface
                0x0000000008013644       0x80 ./MyCode/oled/spi_oled.o
                0x0000000008013644                Display_Param_Interface
 .text.Display_Access_Interface_Voltage
                0x00000000080136c4       0xfc ./MyCode/oled/spi_oled.o
 .text.Display_Access_Interface_Current
                0x00000000080137c0       0xfc ./MyCode/oled/spi_oled.o
 .text.Display_Access_Interface_Save
                0x00000000080138bc       0x8c ./MyCode/oled/spi_oled.o
                0x00000000080138bc                Display_Access_Interface_Save
 .text.Display_Access_Interface_Recall
                0x0000000008013948       0xd4 ./MyCode/oled/spi_oled.o
                0x0000000008013948                Display_Access_Interface_Recall
 .text.Display_Menu_Function_Interface_First_Menu
                0x0000000008013a1c       0xc8 ./MyCode/oled/spi_oled.o
                0x0000000008013a1c                Display_Menu_Function_Interface_First_Menu
 .text.second_munu_system
                0x0000000008013ae4       0x2c ./MyCode/oled/spi_oled.o
 .text.second_munu_slope
                0x0000000008013b10       0x64 ./MyCode/oled/spi_oled.o
 .text.second_munu_RS232
                0x0000000008013b74       0x3c ./MyCode/oled/spi_oled.o
 .text.second_menu_timer
                0x0000000008013bb0       0x8c ./MyCode/oled/spi_oled.o
 .text.second_menu_AD
                0x0000000008013c3c      0x18c ./MyCode/oled/spi_oled.o
 .text.second_menu_Hard
                0x0000000008013dc8       0xc8 ./MyCode/oled/spi_oled.o
 .text.second_menu_Calibration
                0x0000000008013e90       0xd0 ./MyCode/oled/spi_oled.o
 .text.Display_Menu_Function_Interface_Second_Menu
                0x0000000008013f60       0x80 ./MyCode/oled/spi_oled.o
                0x0000000008013f60                Display_Menu_Function_Interface_Second_Menu
 .text.Display_Protect_Interface
                0x0000000008013fe0      0x2d0 ./MyCode/oled/spi_oled.o
                0x0000000008013fe0                Display_Protect_Interface
 .text.Cursor_flash
                0x00000000080142b0      0x1b4 ./MyCode/oled/spi_oled.o
                0x00000000080142b0                Cursor_flash
 .text.Cursor_flash_off
                0x0000000008014464       0x6c ./MyCode/oled/spi_oled.o
                0x0000000008014464                Cursor_flash_off
 .text.Cursor_flash_on
                0x00000000080144d0       0x20 ./MyCode/oled/spi_oled.o
                0x00000000080144d0                Cursor_flash_on
 .text.Display_Interface
                0x00000000080144f0      0x188 ./MyCode/oled/spi_oled.o
                0x00000000080144f0                Display_Interface
 .text.__errno  0x0000000008014678        0xc d:/st/stm32cubeide_1.11.2/stm32cubeide/plugins/com.st.stm32cube.ide.mcu.externaltools.gnu-tools-for-stm32.10.3-2021.10.win32_1.0.100.202210260954/tools/bin/../lib/gcc/arm-none-eabi/10.3.1/../../../../arm-none-eabi/lib/thumb/v6-m/nofp\libc_nano.a(lib_a-errno.o)
                0x0000000008014678                __errno
 .text.__libc_init_array
                0x0000000008014684       0x48 d:/st/stm32cubeide_1.11.2/stm32cubeide/plugins/com.st.stm32cube.ide.mcu.externaltools.gnu-tools-for-stm32.10.3-2021.10.win32_1.0.100.202210260954/tools/bin/../lib/gcc/arm-none-eabi/10.3.1/../../../../arm-none-eabi/lib/thumb/v6-m/nofp\libc_nano.a(lib_a-init.o)
                0x0000000008014684                __libc_init_array
 .text.malloc   0x00000000080146cc       0x14 d:/st/stm32cubeide_1.11.2/stm32cubeide/plugins/com.st.stm32cube.ide.mcu.externaltools.gnu-tools-for-stm32.10.3-2021.10.win32_1.0.100.202210260954/tools/bin/../lib/gcc/arm-none-eabi/10.3.1/../../../../arm-none-eabi/lib/thumb/v6-m/nofp\libc_nano.a(lib_a-malloc.o)
                0x00000000080146cc                malloc
 .text.memcpy   0x00000000080146e0       0x12 d:/st/stm32cubeide_1.11.2/stm32cubeide/plugins/com.st.stm32cube.ide.mcu.externaltools.gnu-tools-for-stm32.10.3-2021.10.win32_1.0.100.202210260954/tools/bin/../lib/gcc/arm-none-eabi/10.3.1/../../../../arm-none-eabi/lib/thumb/v6-m/nofp\libc_nano.a(lib_a-memcpy-stub.o)
                0x00000000080146e0                memcpy
 .text.memset   0x00000000080146f2       0x10 d:/st/stm32cubeide_1.11.2/stm32cubeide/plugins/com.st.stm32cube.ide.mcu.externaltools.gnu-tools-for-stm32.10.3-2021.10.win32_1.0.100.202210260954/tools/bin/../lib/gcc/arm-none-eabi/10.3.1/../../../../arm-none-eabi/lib/thumb/v6-m/nofp\libc_nano.a(lib_a-memset.o)
                0x00000000080146f2                memset
 *fill*         0x0000000008014702        0x2 
 .text._free_r  0x0000000008014704       0x94 d:/st/stm32cubeide_1.11.2/stm32cubeide/plugins/com.st.stm32cube.ide.mcu.externaltools.gnu-tools-for-stm32.10.3-2021.10.win32_1.0.100.202210260954/tools/bin/../lib/gcc/arm-none-eabi/10.3.1/../../../../arm-none-eabi/lib/thumb/v6-m/nofp\libc_nano.a(lib_a-nano-freer.o)
                0x0000000008014704                _free_r
 .text.sbrk_aligned
                0x0000000008014798       0x44 d:/st/stm32cubeide_1.11.2/stm32cubeide/plugins/com.st.stm32cube.ide.mcu.externaltools.gnu-tools-for-stm32.10.3-2021.10.win32_1.0.100.202210260954/tools/bin/../lib/gcc/arm-none-eabi/10.3.1/../../../../arm-none-eabi/lib/thumb/v6-m/nofp\libc_nano.a(lib_a-nano-mallocr.o)
 .text._malloc_r
                0x00000000080147dc       0xec d:/st/stm32cubeide_1.11.2/stm32cubeide/plugins/com.st.stm32cube.ide.mcu.externaltools.gnu-tools-for-stm32.10.3-2021.10.win32_1.0.100.202210260954/tools/bin/../lib/gcc/arm-none-eabi/10.3.1/../../../../arm-none-eabi/lib/thumb/v6-m/nofp\libc_nano.a(lib_a-nano-mallocr.o)
                0x00000000080147dc                _malloc_r
 .text.__cvt    0x00000000080148c8       0xc6 d:/st/stm32cubeide_1.11.2/stm32cubeide/plugins/com.st.stm32cube.ide.mcu.externaltools.gnu-tools-for-stm32.10.3-2021.10.win32_1.0.100.202210260954/tools/bin/../lib/gcc/arm-none-eabi/10.3.1/../../../../arm-none-eabi/lib/thumb/v6-m/nofp\libc_nano.a(lib_a-nano-vfprintf_float.o)
                0x00000000080148c8                __cvt
 .text.__exponent
                0x000000000801498e       0x8e d:/st/stm32cubeide_1.11.2/stm32cubeide/plugins/com.st.stm32cube.ide.mcu.externaltools.gnu-tools-for-stm32.10.3-2021.10.win32_1.0.100.202210260954/tools/bin/../lib/gcc/arm-none-eabi/10.3.1/../../../../arm-none-eabi/lib/thumb/v6-m/nofp\libc_nano.a(lib_a-nano-vfprintf_float.o)
                0x000000000801498e                __exponent
 .text._printf_float
                0x0000000008014a1c      0x484 d:/st/stm32cubeide_1.11.2/stm32cubeide/plugins/com.st.stm32cube.ide.mcu.externaltools.gnu-tools-for-stm32.10.3-2021.10.win32_1.0.100.202210260954/tools/bin/../lib/gcc/arm-none-eabi/10.3.1/../../../../arm-none-eabi/lib/thumb/v6-m/nofp\libc_nano.a(lib_a-nano-vfprintf_float.o)
                0x0000000008014a1c                _printf_float
 .text._printf_common
                0x0000000008014ea0       0xde d:/st/stm32cubeide_1.11.2/stm32cubeide/plugins/com.st.stm32cube.ide.mcu.externaltools.gnu-tools-for-stm32.10.3-2021.10.win32_1.0.100.202210260954/tools/bin/../lib/gcc/arm-none-eabi/10.3.1/../../../../arm-none-eabi/lib/thumb/v6-m/nofp\libc_nano.a(lib_a-nano-vfprintf_i.o)
                0x0000000008014ea0                _printf_common
 *fill*         0x0000000008014f7e        0x2 
 .text._printf_i
                0x0000000008014f80      0x224 d:/st/stm32cubeide_1.11.2/stm32cubeide/plugins/com.st.stm32cube.ide.mcu.externaltools.gnu-tools-for-stm32.10.3-2021.10.win32_1.0.100.202210260954/tools/bin/../lib/gcc/arm-none-eabi/10.3.1/../../../../arm-none-eabi/lib/thumb/v6-m/nofp\libc_nano.a(lib_a-nano-vfprintf_i.o)
                0x0000000008014f80                _printf_i
 .text._sbrk_r  0x00000000080151a4       0x24 d:/st/stm32cubeide_1.11.2/stm32cubeide/plugins/com.st.stm32cube.ide.mcu.externaltools.gnu-tools-for-stm32.10.3-2021.10.win32_1.0.100.202210260954/tools/bin/../lib/gcc/arm-none-eabi/10.3.1/../../../../arm-none-eabi/lib/thumb/v6-m/nofp\libc_nano.a(lib_a-sbrkr.o)
                0x00000000080151a4                _sbrk_r
 .text.sprintf  0x00000000080151c8       0x40 d:/st/stm32cubeide_1.11.2/stm32cubeide/plugins/com.st.stm32cube.ide.mcu.externaltools.gnu-tools-for-stm32.10.3-2021.10.win32_1.0.100.202210260954/tools/bin/../lib/gcc/arm-none-eabi/10.3.1/../../../../arm-none-eabi/lib/thumb/v6-m/nofp\libc_nano.a(lib_a-sprintf.o)
                0x00000000080151c8                siprintf
                0x00000000080151c8                sprintf
 .text.quorem   0x0000000008015208      0x116 d:/st/stm32cubeide_1.11.2/stm32cubeide/plugins/com.st.stm32cube.ide.mcu.externaltools.gnu-tools-for-stm32.10.3-2021.10.win32_1.0.100.202210260954/tools/bin/../lib/gcc/arm-none-eabi/10.3.1/../../../../arm-none-eabi/lib/thumb/v6-m/nofp\libc_nano.a(lib_a-dtoa.o)
 *fill*         0x000000000801531e        0x2 
 .text._dtoa_r  0x0000000008015320      0xc34 d:/st/stm32cubeide_1.11.2/stm32cubeide/plugins/com.st.stm32cube.ide.mcu.externaltools.gnu-tools-for-stm32.10.3-2021.10.win32_1.0.100.202210260954/tools/bin/../lib/gcc/arm-none-eabi/10.3.1/../../../../arm-none-eabi/lib/thumb/v6-m/nofp\libc_nano.a(lib_a-dtoa.o)
                0x0000000008015320                _dtoa_r
 .text._localeconv_r
                0x0000000008015f54        0x8 d:/st/stm32cubeide_1.11.2/stm32cubeide/plugins/com.st.stm32cube.ide.mcu.externaltools.gnu-tools-for-stm32.10.3-2021.10.win32_1.0.100.202210260954/tools/bin/../lib/gcc/arm-none-eabi/10.3.1/../../../../arm-none-eabi/lib/thumb/v6-m/nofp\libc_nano.a(lib_a-localeconv.o)
                0x0000000008015f54                _localeconv_r
 .text.memchr   0x0000000008015f5c       0x16 d:/st/stm32cubeide_1.11.2/stm32cubeide/plugins/com.st.stm32cube.ide.mcu.externaltools.gnu-tools-for-stm32.10.3-2021.10.win32_1.0.100.202210260954/tools/bin/../lib/gcc/arm-none-eabi/10.3.1/../../../../arm-none-eabi/lib/thumb/v6-m/nofp\libc_nano.a(lib_a-memchr-stub.o)
                0x0000000008015f5c                memchr
 *fill*         0x0000000008015f72        0x2 
 .text.__malloc_lock
                0x0000000008015f74       0x10 d:/st/stm32cubeide_1.11.2/stm32cubeide/plugins/com.st.stm32cube.ide.mcu.externaltools.gnu-tools-for-stm32.10.3-2021.10.win32_1.0.100.202210260954/tools/bin/../lib/gcc/arm-none-eabi/10.3.1/../../../../arm-none-eabi/lib/thumb/v6-m/nofp\libc_nano.a(lib_a-mlock.o)
                0x0000000008015f74                __malloc_lock
 .text.__malloc_unlock
                0x0000000008015f84       0x10 d:/st/stm32cubeide_1.11.2/stm32cubeide/plugins/com.st.stm32cube.ide.mcu.externaltools.gnu-tools-for-stm32.10.3-2021.10.win32_1.0.100.202210260954/tools/bin/../lib/gcc/arm-none-eabi/10.3.1/../../../../arm-none-eabi/lib/thumb/v6-m/nofp\libc_nano.a(lib_a-mlock.o)
                0x0000000008015f84                __malloc_unlock
 .text._Balloc  0x0000000008015f94       0x88 d:/st/stm32cubeide_1.11.2/stm32cubeide/plugins/com.st.stm32cube.ide.mcu.externaltools.gnu-tools-for-stm32.10.3-2021.10.win32_1.0.100.202210260954/tools/bin/../lib/gcc/arm-none-eabi/10.3.1/../../../../arm-none-eabi/lib/thumb/v6-m/nofp\libc_nano.a(lib_a-mprec.o)
                0x0000000008015f94                _Balloc
 .text._Bfree   0x000000000801601c       0x48 d:/st/stm32cubeide_1.11.2/stm32cubeide/plugins/com.st.stm32cube.ide.mcu.externaltools.gnu-tools-for-stm32.10.3-2021.10.win32_1.0.100.202210260954/tools/bin/../lib/gcc/arm-none-eabi/10.3.1/../../../../arm-none-eabi/lib/thumb/v6-m/nofp\libc_nano.a(lib_a-mprec.o)
                0x000000000801601c                _Bfree
 .text.__multadd
                0x0000000008016064       0x88 d:/st/stm32cubeide_1.11.2/stm32cubeide/plugins/com.st.stm32cube.ide.mcu.externaltools.gnu-tools-for-stm32.10.3-2021.10.win32_1.0.100.202210260954/tools/bin/../lib/gcc/arm-none-eabi/10.3.1/../../../../arm-none-eabi/lib/thumb/v6-m/nofp\libc_nano.a(lib_a-mprec.o)
                0x0000000008016064                __multadd
 .text.__hi0bits
                0x00000000080160ec       0x34 d:/st/stm32cubeide_1.11.2/stm32cubeide/plugins/com.st.stm32cube.ide.mcu.externaltools.gnu-tools-for-stm32.10.3-2021.10.win32_1.0.100.202210260954/tools/bin/../lib/gcc/arm-none-eabi/10.3.1/../../../../arm-none-eabi/lib/thumb/v6-m/nofp\libc_nano.a(lib_a-mprec.o)
                0x00000000080160ec                __hi0bits
 .text.__lo0bits
                0x0000000008016120       0x5c d:/st/stm32cubeide_1.11.2/stm32cubeide/plugins/com.st.stm32cube.ide.mcu.externaltools.gnu-tools-for-stm32.10.3-2021.10.win32_1.0.100.202210260954/tools/bin/../lib/gcc/arm-none-eabi/10.3.1/../../../../arm-none-eabi/lib/thumb/v6-m/nofp\libc_nano.a(lib_a-mprec.o)
                0x0000000008016120                __lo0bits
 .text.__i2b    0x000000000801617c       0x2c d:/st/stm32cubeide_1.11.2/stm32cubeide/plugins/com.st.stm32cube.ide.mcu.externaltools.gnu-tools-for-stm32.10.3-2021.10.win32_1.0.100.202210260954/tools/bin/../lib/gcc/arm-none-eabi/10.3.1/../../../../arm-none-eabi/lib/thumb/v6-m/nofp\libc_nano.a(lib_a-mprec.o)
                0x000000000801617c                __i2b
 .text.__multiply
                0x00000000080161a8      0x160 d:/st/stm32cubeide_1.11.2/stm32cubeide/plugins/com.st.stm32cube.ide.mcu.externaltools.gnu-tools-for-stm32.10.3-2021.10.win32_1.0.100.202210260954/tools/bin/../lib/gcc/arm-none-eabi/10.3.1/../../../../arm-none-eabi/lib/thumb/v6-m/nofp\libc_nano.a(lib_a-mprec.o)
                0x00000000080161a8                __multiply
 .text.__pow5mult
                0x0000000008016308       0xb8 d:/st/stm32cubeide_1.11.2/stm32cubeide/plugins/com.st.stm32cube.ide.mcu.externaltools.gnu-tools-for-stm32.10.3-2021.10.win32_1.0.100.202210260954/tools/bin/../lib/gcc/arm-none-eabi/10.3.1/../../../../arm-none-eabi/lib/thumb/v6-m/nofp\libc_nano.a(lib_a-mprec.o)
                0x0000000008016308                __pow5mult
 .text.__lshift
                0x00000000080163c0       0xdc d:/st/stm32cubeide_1.11.2/stm32cubeide/plugins/com.st.stm32cube.ide.mcu.externaltools.gnu-tools-for-stm32.10.3-2021.10.win32_1.0.100.202210260954/tools/bin/../lib/gcc/arm-none-eabi/10.3.1/../../../../arm-none-eabi/lib/thumb/v6-m/nofp\libc_nano.a(lib_a-mprec.o)
                0x00000000080163c0                __lshift
 .text.__mcmp   0x000000000801649c       0x36 d:/st/stm32cubeide_1.11.2/stm32cubeide/plugins/com.st.stm32cube.ide.mcu.externaltools.gnu-tools-for-stm32.10.3-2021.10.win32_1.0.100.202210260954/tools/bin/../lib/gcc/arm-none-eabi/10.3.1/../../../../arm-none-eabi/lib/thumb/v6-m/nofp\libc_nano.a(lib_a-mprec.o)
                0x000000000801649c                __mcmp
 *fill*         0x00000000080164d2        0x2 
 .text.__mdiff  0x00000000080164d4      0x130 d:/st/stm32cubeide_1.11.2/stm32cubeide/plugins/com.st.stm32cube.ide.mcu.externaltools.gnu-tools-for-stm32.10.3-2021.10.win32_1.0.100.202210260954/tools/bin/../lib/gcc/arm-none-eabi/10.3.1/../../../../arm-none-eabi/lib/thumb/v6-m/nofp\libc_nano.a(lib_a-mprec.o)
                0x00000000080164d4                __mdiff
 .text.__d2b    0x0000000008016604       0xc8 d:/st/stm32cubeide_1.11.2/stm32cubeide/plugins/com.st.stm32cube.ide.mcu.externaltools.gnu-tools-for-stm32.10.3-2021.10.win32_1.0.100.202210260954/tools/bin/../lib/gcc/arm-none-eabi/10.3.1/../../../../arm-none-eabi/lib/thumb/v6-m/nofp\libc_nano.a(lib_a-mprec.o)
                0x0000000008016604                __d2b
 .text._calloc_r
                0x00000000080166cc       0x58 d:/st/stm32cubeide_1.11.2/stm32cubeide/plugins/com.st.stm32cube.ide.mcu.externaltools.gnu-tools-for-stm32.10.3-2021.10.win32_1.0.100.202210260954/tools/bin/../lib/gcc/arm-none-eabi/10.3.1/../../../../arm-none-eabi/lib/thumb/v6-m/nofp\libc_nano.a(lib_a-nano-callocr.o)
                0x00000000080166cc                _calloc_r
 .text.__ssputs_r
                0x0000000008016724       0xc4 d:/st/stm32cubeide_1.11.2/stm32cubeide/plugins/com.st.stm32cube.ide.mcu.externaltools.gnu-tools-for-stm32.10.3-2021.10.win32_1.0.100.202210260954/tools/bin/../lib/gcc/arm-none-eabi/10.3.1/../../../../arm-none-eabi/lib/thumb/v6-m/nofp\libc_nano.a(lib_a-nano-svfprintf.o)
                0x0000000008016724                __ssputs_r
 .text._svfprintf_r
                0x00000000080167e8      0x200 d:/st/stm32cubeide_1.11.2/stm32cubeide/plugins/com.st.stm32cube.ide.mcu.externaltools.gnu-tools-for-stm32.10.3-2021.10.win32_1.0.100.202210260954/tools/bin/../lib/gcc/arm-none-eabi/10.3.1/../../../../arm-none-eabi/lib/thumb/v6-m/nofp\libc_nano.a(lib_a-nano-svfprintf.o)
                0x00000000080167e8                _svfiprintf_r
                0x00000000080167e8                _svfprintf_r
 .text.__assert_func
                0x00000000080169e8       0x3c d:/st/stm32cubeide_1.11.2/stm32cubeide/plugins/com.st.stm32cube.ide.mcu.externaltools.gnu-tools-for-stm32.10.3-2021.10.win32_1.0.100.202210260954/tools/bin/../lib/gcc/arm-none-eabi/10.3.1/../../../../arm-none-eabi/lib/thumb/v6-m/nofp\libc_nano.a(lib_a-assert.o)
                0x00000000080169e8                __assert_func
 .text.fprintf  0x0000000008016a24       0x20 d:/st/stm32cubeide_1.11.2/stm32cubeide/plugins/com.st.stm32cube.ide.mcu.externaltools.gnu-tools-for-stm32.10.3-2021.10.win32_1.0.100.202210260954/tools/bin/../lib/gcc/arm-none-eabi/10.3.1/../../../../arm-none-eabi/lib/thumb/v6-m/nofp\libc_nano.a(lib_a-fprintf.o)
                0x0000000008016a24                fiprintf
                0x0000000008016a24                fprintf
 .text.__retarget_lock_init_recursive
                0x0000000008016a44        0x2 d:/st/stm32cubeide_1.11.2/stm32cubeide/plugins/com.st.stm32cube.ide.mcu.externaltools.gnu-tools-for-stm32.10.3-2021.10.win32_1.0.100.202210260954/tools/bin/../lib/gcc/arm-none-eabi/10.3.1/../../../../arm-none-eabi/lib/thumb/v6-m/nofp\libc_nano.a(lib_a-lock.o)
                0x0000000008016a44                __retarget_lock_init_recursive
 .text.__retarget_lock_acquire_recursive
                0x0000000008016a46        0x2 d:/st/stm32cubeide_1.11.2/stm32cubeide/plugins/com.st.stm32cube.ide.mcu.externaltools.gnu-tools-for-stm32.10.3-2021.10.win32_1.0.100.202210260954/tools/bin/../lib/gcc/arm-none-eabi/10.3.1/../../../../arm-none-eabi/lib/thumb/v6-m/nofp\libc_nano.a(lib_a-lock.o)
                0x0000000008016a46                __retarget_lock_acquire_recursive
 .text.__retarget_lock_release_recursive
                0x0000000008016a48        0x2 d:/st/stm32cubeide_1.11.2/stm32cubeide/plugins/com.st.stm32cube.ide.mcu.externaltools.gnu-tools-for-stm32.10.3-2021.10.win32_1.0.100.202210260954/tools/bin/../lib/gcc/arm-none-eabi/10.3.1/../../../../arm-none-eabi/lib/thumb/v6-m/nofp\libc_nano.a(lib_a-lock.o)
                0x0000000008016a48                __retarget_lock_release_recursive
 .text.__ascii_mbtowc
                0x0000000008016a4a       0x24 d:/st/stm32cubeide_1.11.2/stm32cubeide/plugins/com.st.stm32cube.ide.mcu.externaltools.gnu-tools-for-stm32.10.3-2021.10.win32_1.0.100.202210260954/tools/bin/../lib/gcc/arm-none-eabi/10.3.1/../../../../arm-none-eabi/lib/thumb/v6-m/nofp\libc_nano.a(lib_a-mbtowc_r.o)
                0x0000000008016a4a                __ascii_mbtowc
 .text.memmove  0x0000000008016a6e       0x26 d:/st/stm32cubeide_1.11.2/stm32cubeide/plugins/com.st.stm32cube.ide.mcu.externaltools.gnu-tools-for-stm32.10.3-2021.10.win32_1.0.100.202210260954/tools/bin/../lib/gcc/arm-none-eabi/10.3.1/../../../../arm-none-eabi/lib/thumb/v6-m/nofp\libc_nano.a(lib_a-memmove.o)
                0x0000000008016a6e                memmove
 .text._realloc_r
                0x0000000008016a94       0x5e d:/st/stm32cubeide_1.11.2/stm32cubeide/plugins/com.st.stm32cube.ide.mcu.externaltools.gnu-tools-for-stm32.10.3-2021.10.win32_1.0.100.202210260954/tools/bin/../lib/gcc/arm-none-eabi/10.3.1/../../../../arm-none-eabi/lib/thumb/v6-m/nofp\libc_nano.a(lib_a-nano-reallocr.o)
                0x0000000008016a94                _realloc_r
 .text.__sfputc_r
                0x0000000008016af2       0x2a d:/st/stm32cubeide_1.11.2/stm32cubeide/plugins/com.st.stm32cube.ide.mcu.externaltools.gnu-tools-for-stm32.10.3-2021.10.win32_1.0.100.202210260954/tools/bin/../lib/gcc/arm-none-eabi/10.3.1/../../../../arm-none-eabi/lib/thumb/v6-m/nofp\libc_nano.a(lib_a-nano-vfprintf.o)
 .text.__sfputs_r
                0x0000000008016b1c       0x24 d:/st/stm32cubeide_1.11.2/stm32cubeide/plugins/com.st.stm32cube.ide.mcu.externaltools.gnu-tools-for-stm32.10.3-2021.10.win32_1.0.100.202210260954/tools/bin/../lib/gcc/arm-none-eabi/10.3.1/../../../../arm-none-eabi/lib/thumb/v6-m/nofp\libc_nano.a(lib_a-nano-vfprintf.o)
                0x0000000008016b1c                __sfputs_r
 .text._vfprintf_r
                0x0000000008016b40      0x274 d:/st/stm32cubeide_1.11.2/stm32cubeide/plugins/com.st.stm32cube.ide.mcu.externaltools.gnu-tools-for-stm32.10.3-2021.10.win32_1.0.100.202210260954/tools/bin/../lib/gcc/arm-none-eabi/10.3.1/../../../../arm-none-eabi/lib/thumb/v6-m/nofp\libc_nano.a(lib_a-nano-vfprintf.o)
                0x0000000008016b40                _vfprintf_r
                0x0000000008016b40                _vfiprintf_r
 .text.__swbuf_r
                0x0000000008016db4       0xac d:/st/stm32cubeide_1.11.2/stm32cubeide/plugins/com.st.stm32cube.ide.mcu.externaltools.gnu-tools-for-stm32.10.3-2021.10.win32_1.0.100.202210260954/tools/bin/../lib/gcc/arm-none-eabi/10.3.1/../../../../arm-none-eabi/lib/thumb/v6-m/nofp\libc_nano.a(lib_a-wbuf.o)
                0x0000000008016db4                __swbuf_r
 .text.__ascii_wctomb
                0x0000000008016e60       0x1a d:/st/stm32cubeide_1.11.2/stm32cubeide/plugins/com.st.stm32cube.ide.mcu.externaltools.gnu-tools-for-stm32.10.3-2021.10.win32_1.0.100.202210260954/tools/bin/../lib/gcc/arm-none-eabi/10.3.1/../../../../arm-none-eabi/lib/thumb/v6-m/nofp\libc_nano.a(lib_a-wctomb_r.o)
                0x0000000008016e60                __ascii_wctomb
 *fill*         0x0000000008016e7a        0x2 
 .text.__swsetup_r
                0x0000000008016e7c       0xf0 d:/st/stm32cubeide_1.11.2/stm32cubeide/plugins/com.st.stm32cube.ide.mcu.externaltools.gnu-tools-for-stm32.10.3-2021.10.win32_1.0.100.202210260954/tools/bin/../lib/gcc/arm-none-eabi/10.3.1/../../../../arm-none-eabi/lib/thumb/v6-m/nofp\libc_nano.a(lib_a-wsetup.o)
                0x0000000008016e7c                __swsetup_r
 .text.abort    0x0000000008016f6c        0xe d:/st/stm32cubeide_1.11.2/stm32cubeide/plugins/com.st.stm32cube.ide.mcu.externaltools.gnu-tools-for-stm32.10.3-2021.10.win32_1.0.100.202210260954/tools/bin/../lib/gcc/arm-none-eabi/10.3.1/../../../../arm-none-eabi/lib/thumb/v6-m/nofp\libc_nano.a(lib_a-abort.o)
                0x0000000008016f6c                abort
 *fill*         0x0000000008016f7a        0x2 
 .text.__sflush_r
                0x0000000008016f7c      0x118 d:/st/stm32cubeide_1.11.2/stm32cubeide/plugins/com.st.stm32cube.ide.mcu.externaltools.gnu-tools-for-stm32.10.3-2021.10.win32_1.0.100.202210260954/tools/bin/../lib/gcc/arm-none-eabi/10.3.1/../../../../arm-none-eabi/lib/thumb/v6-m/nofp\libc_nano.a(lib_a-fflush.o)
                0x0000000008016f7c                __sflush_r
 .text._fflush_r
                0x0000000008017094       0x80 d:/st/stm32cubeide_1.11.2/stm32cubeide/plugins/com.st.stm32cube.ide.mcu.externaltools.gnu-tools-for-stm32.10.3-2021.10.win32_1.0.100.202210260954/tools/bin/../lib/gcc/arm-none-eabi/10.3.1/../../../../arm-none-eabi/lib/thumb/v6-m/nofp\libc_nano.a(lib_a-fflush.o)
                0x0000000008017094                _fflush_r
 .text.std      0x0000000008017114       0x48 d:/st/stm32cubeide_1.11.2/stm32cubeide/plugins/com.st.stm32cube.ide.mcu.externaltools.gnu-tools-for-stm32.10.3-2021.10.win32_1.0.100.202210260954/tools/bin/../lib/gcc/arm-none-eabi/10.3.1/../../../../arm-none-eabi/lib/thumb/v6-m/nofp\libc_nano.a(lib_a-findfp.o)
 .text._cleanup_r
                0x000000000801715c       0x10 d:/st/stm32cubeide_1.11.2/stm32cubeide/plugins/com.st.stm32cube.ide.mcu.externaltools.gnu-tools-for-stm32.10.3-2021.10.win32_1.0.100.202210260954/tools/bin/../lib/gcc/arm-none-eabi/10.3.1/../../../../arm-none-eabi/lib/thumb/v6-m/nofp\libc_nano.a(lib_a-findfp.o)
                0x000000000801715c                _cleanup_r