Archive member included to satisfy reference by file (symbol)

d:/st/stm32cubeide_1.11.2/stm32cubeide/plugins/com.st.stm32cube.ide.mcu.externaltools.gnu-tools-for-stm32.10.3-2021.10.win32_1.0.100.202210260954/tools/bin/../lib/gcc/arm-none-eabi/10.3.1/../../../../arm-none-eabi/lib/thumb/v6-m/nofp\libc_nano.a(lib_a-errno.o)
                              ./Core/Src/syscalls.o (__errno)
d:/st/stm32cubeide_1.11.2/stm32cubeide/plugins/com.st.stm32cube.ide.mcu.externaltools.gnu-tools-for-stm32.10.3-2021.10.win32_1.0.100.202210260954/tools/bin/../lib/gcc/arm-none-eabi/10.3.1/../../../../arm-none-eabi/lib/thumb/v6-m/nofp\libc_nano.a(lib_a-exit.o)
                              d:/st/stm32cubeide_1.11.2/stm32cubeide/plugins/com.st.stm32cube.ide.mcu.externaltools.gnu-tools-for-stm32.10.3-2021.10.win32_1.0.100.202210260954/tools/bin/../lib/gcc/arm-none-eabi/10.3.1/../../../../arm-none-eabi/lib/thumb/v6-m/nofp/crt0.o (exit)
d:/st/stm32cubeide_1.11.2/stm32cubeide/plugins/com.st.stm32cube.ide.mcu.externaltools.gnu-tools-for-stm32.10.3-2021.10.win32_1.0.100.202210260954/tools/bin/../lib/gcc/arm-none-eabi/10.3.1/../../../../arm-none-eabi/lib/thumb/v6-m/nofp\libc_nano.a(lib_a-impure.o)
                              d:/st/stm32cubeide_1.11.2/stm32cubeide/plugins/com.st.stm32cube.ide.mcu.externaltools.gnu-tools-for-stm32.10.3-2021.10.win32_1.0.100.202210260954/tools/bin/../lib/gcc/arm-none-eabi/10.3.1/../../../../arm-none-eabi/lib/thumb/v6-m/nofp\libc_nano.a(lib_a-exit.o) (_global_impure_ptr)
d:/st/stm32cubeide_1.11.2/stm32cubeide/plugins/com.st.stm32cube.ide.mcu.externaltools.gnu-tools-for-stm32.10.3-2021.10.win32_1.0.100.202210260954/tools/bin/../lib/gcc/arm-none-eabi/10.3.1/../../../../arm-none-eabi/lib/thumb/v6-m/nofp\libc_nano.a(lib_a-init.o)
                              d:/st/stm32cubeide_1.11.2/stm32cubeide/plugins/com.st.stm32cube.ide.mcu.externaltools.gnu-tools-for-stm32.10.3-2021.10.win32_1.0.100.202210260954/tools/bin/../lib/gcc/arm-none-eabi/10.3.1/../../../../arm-none-eabi/lib/thumb/v6-m/nofp/crt0.o (__libc_init_array)
d:/st/stm32cubeide_1.11.2/stm32cubeide/plugins/com.st.stm32cube.ide.mcu.externaltools.gnu-tools-for-stm32.10.3-2021.10.win32_1.0.100.202210260954/tools/bin/../lib/gcc/arm-none-eabi/10.3.1/../../../../arm-none-eabi/lib/thumb/v6-m/nofp\libc_nano.a(lib_a-malloc.o)
                              ./MyCode/oled/spi_oled.o (malloc)
d:/st/stm32cubeide_1.11.2/stm32cubeide/plugins/com.st.stm32cube.ide.mcu.externaltools.gnu-tools-for-stm32.10.3-2021.10.win32_1.0.100.202210260954/tools/bin/../lib/gcc/arm-none-eabi/10.3.1/../../../../arm-none-eabi/lib/thumb/v6-m/nofp\libc_nano.a(lib_a-memcpy-stub.o)
                              ./MyCode/oled/spi_oled.o (memcpy)
d:/st/stm32cubeide_1.11.2/stm32cubeide/plugins/com.st.stm32cube.ide.mcu.externaltools.gnu-tools-for-stm32.10.3-2021.10.win32_1.0.100.202210260954/tools/bin/../lib/gcc/arm-none-eabi/10.3.1/../../../../arm-none-eabi/lib/thumb/v6-m/nofp\libc_nano.a(lib_a-memset.o)
                              d:/st/stm32cubeide_1.11.2/stm32cubeide/plugins/com.st.stm32cube.ide.mcu.externaltools.gnu-tools-for-stm32.10.3-2021.10.win32_1.0.100.202210260954/tools/bin/../lib/gcc/arm-none-eabi/10.3.1/../../../../arm-none-eabi/lib/thumb/v6-m/nofp/crt0.o (memset)
d:/st/stm32cubeide_1.11.2/stm32cubeide/plugins/com.st.stm32cube.ide.mcu.externaltools.gnu-tools-for-stm32.10.3-2021.10.win32_1.0.100.202210260954/tools/bin/../lib/gcc/arm-none-eabi/10.3.1/../../../../arm-none-eabi/lib/thumb/v6-m/nofp\libc_nano.a(lib_a-nano-freer.o)
                              d:/st/stm32cubeide_1.11.2/stm32cubeide/plugins/com.st.stm32cube.ide.mcu.externaltools.gnu-tools-for-stm32.10.3-2021.10.win32_1.0.100.202210260954/tools/bin/../lib/gcc/arm-none-eabi/10.3.1/../../../../arm-none-eabi/lib/thumb/v6-m/nofp\libc_nano.a(lib_a-malloc.o) (_free_r)
d:/st/stm32cubeide_1.11.2/stm32cubeide/plugins/com.st.stm32cube.ide.mcu.externaltools.gnu-tools-for-stm32.10.3-2021.10.win32_1.0.100.202210260954/tools/bin/../lib/gcc/arm-none-eabi/10.3.1/../../../../arm-none-eabi/lib/thumb/v6-m/nofp\libc_nano.a(lib_a-nano-mallocr.o)
                              d:/st/stm32cubeide_1.11.2/stm32cubeide/plugins/com.st.stm32cube.ide.mcu.externaltools.gnu-tools-for-stm32.10.3-2021.10.win32_1.0.100.202210260954/tools/bin/../lib/gcc/arm-none-eabi/10.3.1/../../../../arm-none-eabi/lib/thumb/v6-m/nofp\libc_nano.a(lib_a-malloc.o) (_malloc_r)
d:/st/stm32cubeide_1.11.2/stm32cubeide/plugins/com.st.stm32cube.ide.mcu.externaltools.gnu-tools-for-stm32.10.3-2021.10.win32_1.0.100.202210260954/tools/bin/../lib/gcc/arm-none-eabi/10.3.1/../../../../arm-none-eabi/lib/thumb/v6-m/nofp\libc_nano.a(lib_a-nano-vfprintf_float.o)
                              (_printf_float)
d:/st/stm32cubeide_1.11.2/stm32cubeide/plugins/com.st.stm32cube.ide.mcu.externaltools.gnu-tools-for-stm32.10.3-2021.10.win32_1.0.100.202210260954/tools/bin/../lib/gcc/arm-none-eabi/10.3.1/../../../../arm-none-eabi/lib/thumb/v6-m/nofp\libc_nano.a(lib_a-nano-vfprintf_i.o)
[...]
Memory Configuration

Name             Origin             Length             Attributes
RAM              0x0000000020000000 0x0000000000009000 xrw
FLASH            0x0000000008000000 0x0000000000020000 xr
*default*        0x0000000000000000 0xffffffffffffffff

Linker script and memory map

LOAD d:/st/stm32cubeide_1.11.2/stm32cubeide/plugins/com.st.stm32cube.ide.mcu.externaltools.gnu-tools-for-stm32.10.3-2021.10.win32_1.0.100.202210260954/tools/bin/../lib/gcc/arm-none-eabi/10.3.1/thumb/v6-m/nofp/crti.o
LOAD d:/st/stm32cubeide_1.11.2/stm32cubeide/plugins/com.st.stm32cube.ide.mcu.externaltools.gnu-tools-for-stm32.10.3-2021.10.win32_1.0.100.202210260954/tools/bin/../lib/gcc/arm-none-eabi/10.3.1/thumb/v6-m/nofp/crtbegin.o
LOAD d:/st/stm32cubeide_1.11.2/stm32cubeide/plugins/com.st.stm32cube.ide.mcu.externaltools.gnu-tools-for-stm32.10.3-2021.10.win32_1.0.100.202210260954/tools/bin/../lib/gcc/arm-none-eabi/10.3.1/../../../../arm-none-eabi/lib/thumb/v6-m/nofp/crt0.o
LOAD ./Core/Src/adc.o
LOAD ./Core/Src/dma.o
LOAD ./Core/Src/gpio.o
LOAD ./Core/Src/main.o
LOAD ./Core/Src/spi.o
LOAD ./Core/Src/stm32g0xx_hal_msp.o
LOAD ./Core/Src/stm32g0xx_it.o
LOAD ./Core/Src/syscalls.o
LOAD ./Core/Src/sysmem.o
LOAD ./Core/Src/system_stm32g0xx.o
LOAD ./Core/Src/tim.o
LOAD ./Core/Src/usart.o
LOAD ./Core/Startup/startup_stm32g070rbtx.o
LOAD ./Drivers/STM32G0xx_HAL_Driver/Src/stm32g0xx_hal.o
LOAD ./Drivers/STM32G0xx_HAL_Driver/Src/stm32g0xx_hal_adc.o
LOAD ./Drivers/STM32G0xx_HAL_Driver/Src/stm32g0xx_hal_adc_ex.o
LOAD ./Drivers/STM32G0xx_HAL_Driver/Src/stm32g0xx_hal_cortex.o
LOAD ./Drivers/STM32G0xx_HAL_Driver/Src/stm32g0xx_hal_dma.o
LOAD ./Drivers/STM32G0xx_HAL_Driver/Src/stm32g0xx_hal_dma_ex.o
LOAD ./Drivers/STM32G0xx_HAL_Driver/Src/stm32g0xx_hal_exti.o
LOAD ./Drivers/STM32G0xx_HAL_Driver/Src/stm32g0xx_hal_flash.o
LOAD ./Drivers/STM32G0xx_HAL_Driver/Src/stm32g0xx_hal_flash_ex.o
LOAD ./Drivers/STM32G0xx_HAL_Driver/Src/stm32g0xx_hal_gpio.o
LOAD ./Drivers/STM32G0xx_HAL_Driver/Src/stm32g0xx_hal_pwr.o
LOAD ./Drivers/STM32G0xx_HAL_Driver/Src/stm32g0xx_hal_pwr_ex.o
LOAD ./Drivers/STM32G0xx_HAL_Driver/Src/stm32g0xx_hal_rcc.o
LOAD ./Drivers/STM32G0xx_HAL_Driver/Src/stm32g0xx_hal_rcc_ex.o
LOAD ./Drivers/STM32G0xx_HAL_Driver/Src/stm32g0xx_hal_spi.o
LOAD ./Drivers/STM32G0xx_HAL_Driver/Src/stm32g0xx_hal_spi_ex.o
LOAD ./Drivers/STM32G0xx_HAL_Driver/Src/stm32g0xx_hal_tim.o
LOAD ./Drivers/STM32G0xx_HAL_Driver/Src/stm32g0xx_hal_tim_ex.o
LOAD ./Drivers/STM32G0xx_HAL_Driver/Src/stm32g0xx_hal_uart.o
LOAD ./Drivers/STM32G0xx_HAL_Driver/Src/stm32g0xx_hal_uart_ex.o
LOAD ./Drivers/STM32G0xx_HAL_Driver/Src/stm32g0xx_ll_adc.o
LOAD ./Drivers/STM32G0xx_HAL_Driver/Src/stm32g0xx_ll_dma.o
LOAD ./Drivers/STM32G0xx_HAL_Driver/Src/stm32g0xx_ll_rcc.o
LOAD ./MyCode/AT25/at25.o
LOAD ./MyCode/DAC/DAC.o
LOAD ./MyCode/ENCODER/ENCODER.o
LOAD ./MyCode/FONTS/FONTS.o
LOAD ./MyCode/KEY/newkey.o
LOAD ./MyCode/PROTECT/protect.o
LOAD ./MyCode/PROTECT/time_delay_cycle.o
LOAD ./MyCode/RS232/MYADC/filter.o
LOAD ./MyCode/RS232/MYADC/myadc.o
LOAD ./MyCode/RS232/RS232.o
LOAD ./MyCode/oled/spi_oled.o
LOAD ./MyCode/oled/time_oled.o
START GROUP
LOAD d:/st/stm32cubeide_1.11.2/stm32cubeide/plugins/com.st.stm32cube.ide.mcu.externaltools.gnu-tools-for-stm32.10.3-2021.10.win32_1.0.100.202210260954/tools/bin/../lib/gcc/arm-none-eabi/10.3.1/../../../../arm-none-eabi/lib/thumb/v6-m/nofp\libc_nano.a
LOAD d:/st/stm32cubeide_1.11.2/stm32cubeide/plugins/com.st.stm32cube.ide.mcu.externaltools.gnu-tools-for-stm32.10.3-2021.10.win32_1.0.100.202210260954/tools/bin/../lib/gcc/arm-none-eabi/10.3.1/../../../../arm-none-eabi/lib/thumb/v6-m/nofp\libm.a
END GROUP
START GROUP
LOAD d:/st/stm32cubeide_1.11.2/stm32cubeide/plugins/com.st.stm32cube.ide.mcu.externaltools.gnu-tools-for-stm32.10.3-2021.10.win32_1.0.100.202210260954/tools/bin/../lib/gcc/arm-none-eabi/10.3.1/thumb/v6-m/nofp\libgcc.a
LOAD d:/st/stm32cubeide_1.11.2/stm32cubeide/plugins/com.st.stm32cube.ide.mcu.externaltools.gnu-tools-for-stm32.10.3-2021.10.win32_1.0.100.202210260954/tools/bin/../lib/gcc/arm-none-eabi/10.3.1/../../../../arm-none-eabi/lib/thumb/v6-m/nofp\libc_nano.a
END GROUP
START GROUP
LOAD d:/st/stm32cubeide_1.11.2/stm32cubeide/plugins/com.st.stm32cube.ide.mcu.externaltools.gnu-tools-for-stm32.10.3-2021.10.win32_1.0.100.202210260954/tools/bin/../lib/gcc/arm-none-eabi/10.3.1/thumb/v6-m/nofp\libgcc.a
LOAD d:/st/stm32cubeide_1.11.2/stm32cubeide/plugins/com.st.stm32cube.ide.mcu.externaltools.gnu-tools-for-stm32.10.3-2021.10.win32_1.0.100.202210260954/tools/bin/../lib/gcc/arm-none-eabi/10.3.1/../../../../arm-none-eabi/lib/thumb/v6-m/nofp\libc_nano.a
LOAD d:/st/stm32cubeide_1.11.2/stm32cubeide/plugins/com.st.stm32cube.ide.mcu.externaltools.gnu-tools-for-stm32.10.3-2021.10.win32_1.0.100.202210260954/tools/bin/../lib/gcc/arm-none-eabi/10.3.1/../../../../arm-none-eabi/lib/thumb/v6-m/nofp\libnosys.a
END GROUP
START GROUP
LOAD d:/st/stm32cubeide_1.11.2/stm32cubeide/plugins/com.st.stm32cube.ide.mcu.externaltools.gnu-tools-for-stm32.10.3-2021.10.win32_1.0.100.202210260954/tools/bin/../lib/gcc/arm-none-eabi/10.3.1/thumb/v6-m/nofp\libgcc.a
LOAD d:/st/stm32cubeide_1.11.2/stm32cubeide/plugins/com.st.stm32cube.ide.mcu.externaltools.gnu-tools-for-stm32.10.3-2021.10.win32_1.0.100.202210260954/tools/bin/../lib/gcc/arm-none-eabi/10.3.1/../../../../arm-none-eabi/lib/thumb/v6-m/nofp\libc_nano.a
LOAD d:/st/stm32cubeide_1.11.2/stm32cubeide/plugins/com.st.stm32cube.ide.mcu.externaltools.gnu-tools-for-stm32.10.3-2021.10.win32_1.0.100.202210260954/tools/bin/../lib/gcc/arm-none-eabi/10.3.1/../../../../arm-none-eabi/lib/thumb/v6-m/nofp\libnosys.a
END GROUP
LOAD d:/st/stm32cubeide_1.11.2/stm32cubeide/plugins/com.st.stm32cube.ide.mcu.externaltools.gnu-tools-for-stm32.10.3-2021.10.win32_1.0.100.202210260954/tools/bin/../lib/gcc/arm-none-eabi/10.3.1/thumb/v6-m/nofp/crtend.o
LOAD d:/st/stm32cubeide_1.11.2/stm32cubeide/plugins/com.st.stm32cube.ide.mcu.externaltools.gnu-tools-for-stm32.10.3-2021.10.win32_1.0.100.202210260954/tools/bin/../lib/gcc/arm-none-eabi/10.3.1/thumb/v6-m/nofp/crtn.o
                0x0000000020009000                _estack = (ORIGIN (RAM) + LENGTH (RAM))
                0x0000000000000200                _Min_Heap_Size = 0x200
                0x0000000000000400                _Min_Stack_Size = 0x400

.isr_vector     0x0000000008000000       0xb8
                0x0000000008000000                . = ALIGN (0x4)
 *(.isr_vector)
 .isr_vector    0x0000000008000000       0xb8 ./Core/Startup/startup_stm32g070rbtx.o
                0x0000000008000000                g_pfnVectors
                0x00000000080000b8                . = ALIGN (0x4)

.text           0x00000000080000b8    0x1869c
                0x00000000080000b8                . = ALIGN (0x4)
 *(.text)
 .text          0x00000000080000b8       0x48 d:/st/stm32cubeide_1.11.2/stm32cubeide/plugins/com.st.stm32cube.ide.mcu.externaltools.gnu-tools-for-stm32.10.3-2021.10.win32_1.0.100.202210260954/tools/bin/../lib/gcc/arm-none-eabi/10.3.1/thumb/v6-m/nofp/crtbegin.o
 .text          0x0000000008000100       0x14 d:/st/stm32cubeide_1.11.2/stm32cubeide/plugins/com.st.stm32cube.ide.mcu.externaltools.gnu-tools-for-stm32.10.3-2021.10.win32_1.0.100.202210260954/tools/bin/../lib/gcc/arm-none-eabi/10.3.1/../../../../arm-none-eabi/lib/thumb/v6-m/nofp\libc_nano.a(lib_a-strcmp.o)
                0x0000000008000100                strcmp
 .text          0x0000000008000114        0xe d:/st/stm32cubeide_1.11.2/stm32cubeide/plugins/com.st.stm32cube.ide.mcu.externaltools.gnu-tools-for-stm32.10.3-2021.10.win32_1.0.100.202210260954/tools/bin/../lib/gcc/arm-none-eabi/10.3.1/../../../../arm-none-eabi/lib/thumb/v6-m/nofp\libc_nano.a(lib_a-strlen.o)
                0x0000000008000114                strlen
 *fill*         0x0000000008000122        0x2 
 .text          0x0000000008000124       0x14 d:/st/stm32cubeide_1.11.2/stm32cubeide/plugins/com.st.stm32cube.ide.mcu.externaltools.gnu-tools-for-stm32.10.3-2021.10.win32_1.0.100.202210260954/tools/bin/../lib/gcc/arm-none-eabi/10.3.1/thumb/v6-m/nofp\libgcc.a(_thumb1_case_uqi.o)
                0x0000000008000124                __gnu_thumb1_case_uqi
 .text          0x0000000008000138       0x14 d:/st/stm32cubeide_1.11.2/stm32cubeide/plugins/com.st.stm32cube.ide.mcu.externaltools.gnu-tools-for-stm32.10.3-2021.10.win32_1.0.100.202210260954/tools/bin/../lib/gcc/arm-none-eabi/10.3.1/thumb/v6-m/nofp\libgcc.a(_thumb1_case_shi.o)
                0x0000000008000138                __gnu_thumb1_case_shi
 .text          0x000000000800014c      0x114 d:/st/stm32cubeide_1.11.2/stm32cubeide/plugins/com.st.stm32cube.ide.mcu.externaltools.gnu-tools-for-stm32.10.3-2021.10.win32_1.0.100.202210260954/tools/bin/../lib/gcc/arm-none-eabi/10.3.1/thumb/v6-m/nofp\libgcc.a(_udivsi3.o)
                0x000000000800014c                __aeabi_uidiv
                0x000000000800014c                __udivsi3
                0x0000000008000258                __aeabi_uidivmod
 .text          0x0000000008000260      0x1d4 d:/st/stm32cubeide_1.11.2/stm32cubeide/plugins/com.st.stm32cube.ide.mcu.externaltools.gnu-tools-for-stm32.10.3-2021.10.win32_1.0.100.202210260954/tools/bin/../lib/gcc/arm-none-eabi/10.3.1/thumb/v6-m/nofp\libgcc.a(_divsi3.o)
                0x0000000008000260                __divsi3
                0x0000000008000260                __aeabi_idiv
                0x000000000800042c                __aeabi_idivmod
 .text          0x0000000008000434        0x4 d:/st/stm32cubeide_1.11.2/stm32cubeide/plugins/com.st.stm32cube.ide.mcu.externaltools.gnu-tools-for-stm32.10.3-2021.10.win32_1.0.100.202210260954/tools/bin/../lib/gcc/arm-none-eabi/10.3.1/thumb/v6-m/nofp\libgcc.a(_dvmd_tls.o)
                0x0000000008000434                __aeabi_idiv0
                0x0000000008000434                __aeabi_ldiv0
 .text          0x0000000008000438       0x7c d:/st/stm32cubeide_1.11.2/stm32cubeide/plugins/com.st.stm32cube.ide.mcu.externaltools.gnu-tools-for-stm32.10.3-2021.10.win32_1.0.100.202210260954/tools/bin/../lib/gcc/arm-none-eabi/10.3.1/thumb/v6-m/nofp\libgcc.a(_arm_cmpdf2.o)
                0x0000000008000438                __aeabi_cdrcmple
                0x0000000008000448                __aeabi_cdcmple
                0x0000000008000448                __aeabi_cdcmpeq
                0x0000000008000458                __aeabi_dcmpeq
                0x0000000008000464                __aeabi_dcmplt
                0x0000000008000478                __aeabi_dcmple
                0x000000000800048c                __aeabi_dcmpgt
                0x00000000080004a0                __aeabi_dcmpge
 .text          0x00000000080004b4       0x74 d:/st/stm32cubeide_1.11.2/stm32cubeide/plugins/com.st.stm32cube.ide.mcu.externaltools.gnu-tools-for-stm32.10.3-2021.10.win32_1.0.100.202210260954/tools/bin/../lib/gcc/arm-none-eabi/10.3.1/thumb/v6-m/nofp\libgcc.a(_arm_cmpsf2.o)
                0x00000000080004b4                __aeabi_cfrcmple
                0x00000000080004bc                __aeabi_cfcmpeq
                0x00000000080004bc                __aeabi_cfcmple
                0x00000000080004cc                __aeabi_fcmpeq
                0x00000000080004d8                __aeabi_fcmplt
                0x00000000080004ec                __aeabi_fcmple
                0x0000000008000500                __aeabi_fcmpgt
                0x0000000008000514                __aeabi_fcmpge
 .text          0x0000000008000528       0x30 d:/st/stm32cubeide_1.11.2/stm32cubeide/plugins/com.st.stm32cube.ide.mcu.externaltools.gnu-tools-for-stm32.10.3-2021.10.win32_1.0.100.202210260954/tools/bin/../lib/gcc/arm-none-eabi/10.3.1/thumb/v6-m/nofp\libgcc.a(_fixunssfsi.o)
                0x0000000008000528                __fixunssfsi
                0x0000000008000528                __aeabi_f2uiz
 .text          0x0000000008000558       0x3c d:/st/stm32cubeide_1.11.2/stm32cubeide/plugins/com.st.stm32cube.ide.mcu.externaltools.gnu-tools-for-stm32.10.3-2021.10.win32_1.0.100.202210260954/tools/bin/../lib/gcc/arm-none-eabi/10.3.1/thumb/v6-m/nofp\libgcc.a(_fixunsdfsi.o)
                0x0000000008000558                __aeabi_d2uiz
                0x0000000008000558                __fixunsdfsi
 .text          0x0000000008000594      0x33c d:/st/stm32cubeide_1.11.2/stm32cubeide/plugins/com.st.stm32cube.ide.mcu.externaltools.gnu-tools-for-stm32.10.3-2021.10.win32_1.0.100.202210260954/tools/bin/../lib/gcc/arm-none-eabi/10.3.1/thumb/v6-m/nofp\libgcc.a(addsf3.o)
                0x0000000008000594                __aeabi_fadd
 .text          0x00000000080008d0      0x230 d:/st/stm32cubeide_1.11.2/stm32cubeide/plugins/com.st.stm32cube.ide.mcu.externaltools.gnu-tools-for-stm32.10.3-2021.10.win32_1.0.100.202210260954/tools/bin/../lib/gcc/arm-none-eabi/10.3.1/thumb/v6-m/nofp\libgcc.a(divsf3.o)
                0x00000000080008d0                __aeabi_fdiv
 .text          0x0000000008000b00       0x4c d:/st/stm32cubeide_1.11.2/stm32cubeide/plugins/com.st.stm32cube.ide.mcu.externaltools.gnu-tools-for-stm32.10.3-2021.10.win32_1.0.100.202210260954/tools/bin/../lib/gcc/arm-none-eabi/10.3.1/thumb/v6-m/nofp\libgcc.a(eqsf2.o)
                0x0000000008000b00                __eqsf2
                0x0000000008000b00                __nesf2
 .text          0x0000000008000b4c       0x8c d:/st/stm32cubeide_1.11.2/stm32cubeide/plugins/com.st.stm32cube.ide.mcu.externaltools.gnu-tools-for-stm32.10.3-2021.10.win32_1.0.100.202210260954/tools/bin/../lib/gcc/arm-none-eabi/10.3.1/thumb/v6-m/nofp\libgcc.a(gesf2.o)
                0x0000000008000b4c                __gesf2
                0x0000000008000b4c                __gtsf2
 .text          0x0000000008000bd8       0x88 d:/st/stm32cubeide_1.11.2/stm32cubeide/plugins/com.st.stm32cube.ide.mcu.externaltools.gnu-tools-for-stm32.10.3-2021.10.win32_1.0.100.202210260954/tools/bin/../lib/gcc/arm-none-eabi/10.3.1/thumb/v6-m/nofp\libgcc.a(lesf2.o)
                0x0000000008000bd8                __ltsf2
                0x0000000008000bd8                __lesf2
 .text          0x0000000008000c60      0x24c d:/st/stm32cubeide_1.11.2/stm32cubeide/plugins/com.st.stm32cube.ide.mcu.externaltools.gnu-tools-for-stm32.10.3-2021.10.win32_1.0.100.202210260954/tools/bin/../lib/gcc/arm-none-eabi/10.3.1/thumb/v6-m/nofp\libgcc.a(mulsf3.o)
                0x0000000008000c60                __aeabi_fmul
 .text          0x0000000008000eac      0x35c d:/st/stm32cubeide_1.11.2/stm32cubeide/plugins/com.st.stm32cube.ide.mcu.externaltools.gnu-tools-for-stm32.10.3-2021.10.win32_1.0.100.202210260954/tools/bin/../lib/gcc/arm-none-eabi/10.3.1/thumb/v6-m/nofp\libgcc.a(subsf3.o)
                0x0000000008000eac                __aeabi_fsub
 .text          0x0000000008001208       0x40 d:/st/stm32cubeide_1.11.2/stm32cubeide/plugins/com.st.stm32cube.ide.mcu.externaltools.gnu-tools-for-stm32.10.3-2021.10.win32_1.0.100.202210260954/tools/bin/../lib/gcc/arm-none-eabi/10.3.1/thumb/v6-m/nofp\libgcc.a(fixsfsi.o)
                0x0000000008001208                __aeabi_f2iz
 .text          0x0000000008001248       0x9c d:/st/stm32cubeide_1.11.2/stm32cubeide/plugins/com.st.stm32cube.ide.mcu.externaltools.gnu-tools-for-stm32.10.3-2021.10.win32_1.0.100.202210260954/tools/bin/../lib/gcc/arm-none-eabi/10.3.1/thumb/v6-m/nofp\libgcc.a(floatsisf.o)
                0x0000000008001248                __aeabi_i2f
 .text          0x00000000080012e4      0x678 d:/st/stm32cubeide_1.11.2/stm32cubeide/plugins/com.st.stm32cube.ide.mcu.externaltools.gnu-tools-for-stm32.10.3-2021.10.win32_1.0.100.202210260954/tools/bin/../lib/gcc/arm-none-eabi/10.3.1/thumb/v6-m/nofp\libgcc.a(adddf3.o)
                0x00000000080012e4                __aeabi_dadd
 .text          0x000000000800195c      0x5ec d:/st/stm32cubeide_1.11.2/stm32cubeide/plugins/com.st.stm32cube.ide.mcu.externaltools.gnu-tools-for-stm32.10.3-2021.10.win32_1.0.100.202210260954/tools/bin/../lib/gcc/arm-none-eabi/10.3.1/thumb/v6-m/nofp\libgcc.a(divdf3.o)
                0x000000000800195c                __aeabi_ddiv
 .text          0x0000000008001f48       0x84 d:/st/stm32cubeide_1.11.2/stm32cubeide/plugins/com.st.stm32cube.ide.mcu.externaltools.gnu-tools-for-stm32.10.3-2021.10.win32_1.0.100.202210260954/tools/bin/../lib/gcc/arm-none-eabi/10.3.1/thumb/v6-m/nofp\libgcc.a(eqdf2.o)
                0x0000000008001f48                __nedf2
                0x0000000008001f48                __eqdf2
 .text          0x0000000008001fcc       0xcc d:/st/stm32cubeide_1.11.2/stm32cubeide/plugins/com.st.stm32cube.ide.mcu.externaltools.gnu-tools-for-stm32.10.3-2021.10.win32_1.0.100.202210260954/tools/bin/../lib/gcc/arm-none-eabi/10.3.1/thumb/v6-m/nofp\libgcc.a(gedf2.o)
                0x0000000008001fcc                __gedf2
                0x0000000008001fcc                __gtdf2
 .text          0x0000000008002098       0xc8 d:/st/stm32cubeide_1.11.2/stm32cubeide/plugins/com.st.stm32cube.ide.mcu.externaltools.gnu-tools-for-stm32.10.3-2021.10.win32_1.0.100.202210260954/tools/bin/../lib/gcc/arm-none-eabi/10.3.1/thumb/v6-m/nofp\libgcc.a(ledf2.o)
                0x0000000008002098                __ledf2
                0x0000000008002098                __ltdf2
 .text          0x0000000008002160      0x4d8 d:/st/stm32cubeide_1.11.2/stm32cubeide/plugins/com.st.stm32cube.ide.mcu.externaltools.gnu-tools-for-stm32.10.3-2021.10.win32_1.0.100.202210260954/tools/bin/../lib/gcc/arm-none-eabi/10.3.1/thumb/v6-m/nofp\libgcc.a(muldf3.o)
                0x0000000008002160                __aeabi_dmul
 .text          0x0000000008002638      0x724 d:/st/stm32cubeide_1.11.2/stm32cubeide/plugins/com.st.stm32cube.ide.mcu.externaltools.gnu-tools-for-stm32.10.3-2021.10.win32_1.0.100.202210260954/tools/bin/../lib/gcc/arm-none-eabi/10.3.1/thumb/v6-m/nofp\libgcc.a(subdf3.o)
                0x0000000008002638                __aeabi_dsub
 .text          0x0000000008002d5c       0x3c d:/st/stm32cubeide_1.11.2/stm32cubeide/plugins/com.st.stm32cube.ide.mcu.externaltools.gnu-tools-for-stm32.10.3-2021.10.win32_1.0.100.202210260954/tools/bin/../lib/gcc/arm-none-eabi/10.3.1/thumb/v6-m/nofp\libgcc.a(unorddf2.o)
                0x0000000008002d5c                __aeabi_dcmpun
 .text          0x0000000008002d98       0x6c d:/st/stm32cubeide_1.11.2/stm32cubeide/plugins/com.st.stm32cube.ide.mcu.externaltools.gnu-tools-for-stm32.10.3-2021.10.win32_1.0.100.202210260954/tools/bin/../lib/gcc/arm-none-eabi/10.3.1/thumb/v6-m/nofp\libgcc.a(fixdfsi.o)
                0x0000000008002d98                __aeabi_d2iz
 .text          0x0000000008002e04       0x60 d:/st/stm32cubeide_1.11.2/stm32cubeide/plugins/com.st.stm32cube.ide.mcu.externaltools.gnu-tools-for-stm32.10.3-2021.10.win32_1.0.100.202210260954/tools/bin/../lib/gcc/arm-none-eabi/10.3.1/thumb/v6-m/nofp\libgcc.a(floatsidf.o)
                0x0000000008002e04                __aeabi_i2d
 .text          0x0000000008002e64       0x4c d:/st/stm32cubeide_1.11.2/stm32cubeide/plugins/com.st.stm32cube.ide.mcu.externaltools.gnu-tools-for-stm32.10.3-2021.10.win32_1.0.100.202210260954/tools/bin/../lib/gcc/arm-none-eabi/10.3.1/thumb/v6-m/nofp\libgcc.a(floatunsidf.o)
                0x0000000008002e64                __aeabi_ui2d
 .text          0x0000000008002eb0       0x90 d:/st/stm32cubeide_1.11.2/stm32cubeide/plugins/com.st.stm32cube.ide.mcu.externaltools.gnu-tools-for-stm32.10.3-2021.10.win32_1.0.100.202210260954/tools/bin/../lib/gcc/arm-none-eabi/10.3.1/thumb/v6-m/nofp\libgcc.a(extendsfdf2.o)
                0x0000000008002eb0                __aeabi_f2d
 .text          0x0000000008002f40      0x110 d:/st/stm32cubeide_1.11.2/stm32cubeide/plugins/com.st.stm32cube.ide.mcu.externaltools.gnu-tools-for-stm32.10.3-2021.10.win32_1.0.100.202210260954/tools/bin/../lib/gcc/arm-none-eabi/10.3.1/thumb/v6-m/nofp\libgcc.a(truncdfsf2.o)
                0x0000000008002f40                __aeabi_d2f
 .text          0x0000000008003050       0x3c d:/st/stm32cubeide_1.11.2/stm32cubeide/plugins/com.st.stm32cube.ide.mcu.externaltools.gnu-tools-for-stm32.10.3-2021.10.win32_1.0.100.202210260954/tools/bin/../lib/gcc/arm-none-eabi/10.3.1/thumb/v6-m/nofp\libgcc.a(_clzsi2.o)
                0x0000000008003050                __clzsi2
 *(.text*)
 .text.MX_ADC1_Init
                0x000000000800308c      0x104 ./Core/Src/adc.o
                0x000000000800308c                MX_ADC1_Init
 .text.HAL_ADC_MspInit
                0x0000000008003190      0x128 ./Core/Src/adc.o
                0x0000000008003190                HAL_ADC_MspInit
 .text.MX_DMA_Init
                0x00000000080032b8       0x5c ./Core/Src/dma.o
                0x00000000080032b8                MX_DMA_Init
 .text.MX_GPIO_Init
                0x0000000008003314      0x174 ./Core/Src/gpio.o
                0x0000000008003314                MX_GPIO_Init
 .text.main     0x0000000008003488       0x5a ./Core/Src/main.o
                0x0000000008003488                main
 .text.SystemClock_Config
                0x00000000080034e2       0xaa ./Core/Src/main.o
                0x00000000080034e2                SystemClock_Config
 .text.My_sys_Init
                0x000000000800358c      0x144 ./Core/Src/main.o
                0x000000000800358c                My_sys_Init
 .text.IT_handle
                0x00000000080036d0      0x26c ./Core/Src/main.o
                0x00000000080036d0                IT_handle
 .text.Error_Handler
                0x000000000800393c        0xa ./Core/Src/main.o
                0x000000000800393c                Error_Handler
 *fill*         0x0000000008003946        0x2 
 .text.MX_SPI1_Init
                0x0000000008003948       0x7c ./Core/Src/spi.o
                0x0000000008003948                MX_SPI1_Init
 .text.HAL_SPI_MspInit
                0x00000000080039c4       0xe0 ./Core/Src/spi.o
                0x00000000080039c4                HAL_SPI_MspInit
 .text.HAL_MspInit
                0x0000000008003aa4       0x48 ./Core/Src/stm32g0xx_hal_msp.o
                0x0000000008003aa4                HAL_MspInit
 .text.NMI_Handler
                0x0000000008003aec        0x6 ./Core/Src/stm32g0xx_it.o
                0x0000000008003aec                NMI_Handler
 .text.HardFault_Handler
                0x0000000008003af2        0x6 ./Core/Src/stm32g0xx_it.o
                0x0000000008003af2                HardFault_Handler
 .text.SVC_Handler
                0x0000000008003af8        0xa ./Core/Src/stm32g0xx_it.o
                0x0000000008003af8                SVC_Handler
 .text.PendSV_Handler
                0x0000000008003b02        0xa ./Core/Src/stm32g0xx_it.o
                0x0000000008003b02                PendSV_Handler
 .text.SysTick_Handler
                0x0000000008003b0c        0xe ./Core/Src/stm32g0xx_it.o
                0x0000000008003b0c                SysTick_Handler
 *fill*         0x0000000008003b1a        0x2 
 .text.DMA1_Channel1_IRQHandler
                0x0000000008003b1c       0x18 ./Core/Src/stm32g0xx_it.o
                0x0000000008003b1c                DMA1_Channel1_IRQHandler
 .text.DMA1_Channel2_3_IRQHandler
                0x0000000008003b34       0x18 ./Core/Src/stm32g0xx_it.o
                0x0000000008003b34                DMA1_Channel2_3_IRQHandler
 .text.DMA1_Ch4_7_DMAMUX1_OVR_IRQHandler
                0x0000000008003b4c       0x24 ./Core/Src/stm32g0xx_it.o
                0x0000000008003b4c                DMA1_Ch4_7_DMAMUX1_OVR_IRQHandler
 .text.ADC1_IRQHandler
                0x0000000008003b70       0x18 ./Core/Src/stm32g0xx_it.o
                0x0000000008003b70                ADC1_IRQHandler
 .text.TIM1_BRK_UP_TRG_COM_IRQHandler
                0x0000000008003b88       0x18 ./Core/Src/stm32g0xx_it.o
                0x0000000008003b88                TIM1_BRK_UP_TRG_COM_IRQHandler
 .text.TIM3_IRQHandler
                0x0000000008003ba0       0x18 ./Core/Src/stm32g0xx_it.o
                0x0000000008003ba0                TIM3_IRQHandler
 .text.TIM6_IRQHandler
                0x0000000008003bb8       0x18 ./Core/Src/stm32g0xx_it.o
                0x0000000008003bb8                TIM6_IRQHandler
 .text.TIM7_IRQHandler
                0x0000000008003bd0       0x18 ./Core/Src/stm32g0xx_it.o
                0x0000000008003bd0                TIM7_IRQHandler
 .text.TIM14_IRQHandler
                0x0000000008003be8       0x18 ./Core/Src/stm32g0xx_it.o
                0x0000000008003be8                TIM14_IRQHandler
 .text.TIM16_IRQHandler
                0x0000000008003c00       0x18 ./Core/Src/stm32g0xx_it.o
                0x0000000008003c00                TIM16_IRQHandler
 .text.TIM17_IRQHandler
                0x0000000008003c18       0x18 ./Core/Src/stm32g0xx_it.o
                0x0000000008003c18                TIM17_IRQHandler
 .text.USART1_IRQHandler
                0x0000000008003c30       0x18 ./Core/Src/stm32g0xx_it.o
                0x0000000008003c30                USART1_IRQHandler
 .text.USART2_IRQHandler
                0x0000000008003c48       0x60 ./Core/Src/stm32g0xx_it.o
                0x0000000008003c48                USART2_IRQHandler
 .text._getpid  0x0000000008003ca8        0xc ./Core/Src/syscalls.o
                0x0000000008003ca8                _getpid
 .text._kill    0x0000000008003cb4       0x20 ./Core/Src/syscalls.o
                0x0000000008003cb4                _kill
 .text._exit    0x0000000008003cd4       0x18 ./Core/Src/syscalls.o
                0x0000000008003cd4                _exit
 .text._read    0x0000000008003cec       0x3a ./Core/Src/syscalls.o
                0x0000000008003cec                _read
 .text._write   0x0000000008003d26       0x38 ./Core/Src/syscalls.o
                0x0000000008003d26                _write
 .text._close   0x0000000008003d5e       0x14 ./Core/Src/syscalls.o
                0x0000000008003d5e                _close
 .text._fstat   0x0000000008003d72       0x1c ./Core/Src/syscalls.o
                0x0000000008003d72                _fstat
 .text._isatty  0x0000000008003d8e       0x12 ./Core/Src/syscalls.o
                0x0000000008003d8e                _isatty
 .text._lseek   0x0000000008003da0       0x16 ./Core/Src/syscalls.o
                0x0000000008003da0                _lseek
 *fill*         0x0000000008003db6        0x2 
 .text._sbrk    0x0000000008003db8       0x6c ./Core/Src/sysmem.o
                0x0000000008003db8                _sbrk
 .text.SystemInit
                0x0000000008003e24        0xa ./Core/Src/system_stm32g0xx.o
                0x0000000008003e24                SystemInit
 *fill*         0x0000000008003e2e        0x2 
 .text.MX_TIM1_Init
                0x0000000008003e30       0xfc ./Core/Src/tim.o
                0x0000000008003e30                MX_TIM1_Init
 .text.MX_TIM3_Init
                0x0000000008003f2c       0xcc ./Core/Src/tim.o
                0x0000000008003f2c                MX_TIM3_Init
 .text.MX_TIM6_Init
                0x0000000008003ff8       0x84 ./Core/Src/tim.o
                0x0000000008003ff8                MX_TIM6_Init
 .text.MX_TIM7_Init
                0x000000000800407c       0x88 ./Core/Src/tim.o
                0x000000000800407c                MX_TIM7_Init
 .text.MX_TIM14_Init
                0x0000000008004104       0x54 ./Core/Src/tim.o
                0x0000000008004104                MX_TIM14_Init
 .text.MX_TIM15_Init
                0x0000000008004158      0x1b4 ./Core/Src/tim.o
                0x0000000008004158                MX_TIM15_Init
 .text.MX_TIM16_Init
                0x000000000800430c       0x98 ./Core/Src/tim.o
                0x000000000800430c                MX_TIM16_Init
 .text.MX_TIM17_Init
                0x00000000080043a4       0x94 ./Core/Src/tim.o
                0x00000000080043a4                MX_TIM17_Init
 .text.HAL_TIM_Base_MspInit
                0x0000000008004438      0x1a0 ./Core/Src/tim.o
                0x0000000008004438                HAL_TIM_Base_MspInit
 .text.HAL_TIM_Encoder_MspInit
                0x00000000080045d8       0xa4 ./Core/Src/tim.o
                0x00000000080045d8                HAL_TIM_Encoder_MspInit
 .text.HAL_TIM_MspPostInit
                0x000000000800467c       0x7c ./Core/Src/tim.o
                0x000000000800467c                HAL_TIM_MspPostInit
 .text.HAL_TIM_PeriodElapsedCallback
                0x00000000080046f8      0x344 ./Core/Src/tim.o
                0x00000000080046f8                HAL_TIM_PeriodElapsedCallback
 .text.MX_USART1_UART_Init
                0x0000000008004a3c       0x9c ./Core/Src/usart.o
                0x0000000008004a3c                MX_USART1_UART_Init
 .text.MX_USART2_UART_Init
                0x0000000008004ad8       0xa4 ./Core/Src/usart.o
                0x0000000008004ad8                MX_USART2_UART_Init
 .text.MX_USART3_UART_Init
                0x0000000008004b7c       0x6c ./Core/Src/usart.o
                0x0000000008004b7c                MX_USART3_UART_Init
 .text.HAL_UART_MspInit
                0x0000000008004be8      0x348 ./Core/Src/usart.o
                0x0000000008004be8                HAL_UART_MspInit
 .text.Swap     0x0000000008004f30       0x26 ./Core/Src/usart.o
 .text.BubbleSort
                0x0000000008004f56       0x94 ./Core/Src/usart.o
                0x0000000008004f56                BubbleSort
 *fill*         0x0000000008004fea        0x2 
 .text.USART2_IDLECallback
                0x0000000008004fec      0x1e4 ./Core/Src/usart.o
                0x0000000008004fec                USART2_IDLECallback
 .text.Reset_Handler
                0x00000000080051d0       0x50 ./Core/Startup/startup_stm32g070rbtx.o
                0x00000000080051d0                Reset_Handler
 .text.Default_Handler
                0x0000000008005220        0x2 ./Core/Startup/startup_stm32g070rbtx.o
                0x0000000008005220                TIM1_CC_IRQHandler
                0x0000000008005220                I2C1_IRQHandler
                0x0000000008005220                RTC_TAMP_IRQHandler
                0x0000000008005220                SPI1_IRQHandler
                0x0000000008005220                USART3_4_IRQHandler
                0x0000000008005220                EXTI2_3_IRQHandler
                0x0000000008005220                I2C2_IRQHandler
                0x0000000008005220                EXTI4_15_IRQHandler
                0x0000000008005220                RCC_IRQHandler
                0x0000000008005220                Default_Handler
                0x0000000008005220                TIM15_IRQHandler
                0x0000000008005220                EXTI0_1_IRQHandler
                0x0000000008005220                SPI2_IRQHandler
                0x0000000008005220                WWDG_IRQHandler
                0x0000000008005220                FLASH_IRQHandler
 *fill*         0x0000000008005222        0x2 
 .text.HAL_Init
                0x0000000008005224       0x40 ./Drivers/STM32G0xx_HAL_Driver/Src/stm32g0xx_hal.o
                0x0000000008005224                HAL_Init
 .text.HAL_InitTick
                0x0000000008005264       0x94 ./Drivers/STM32G0xx_HAL_Driver/Src/stm32g0xx_hal.o
                0x0000000008005264                HAL_InitTick
 .text.HAL_IncTick
                0x00000000080052f8       0x24 ./Drivers/STM32G0xx_HAL_Driver/Src/stm32g0xx_hal.o
                0x00000000080052f8                HAL_IncTick
 .text.HAL_GetTick
                0x000000000800531c       0x14 ./Drivers/STM32G0xx_HAL_Driver/Src/stm32g0xx_hal.o
                0x000000000800531c                HAL_GetTick
 .text.HAL_Delay
                0x0000000008005330       0x48 ./Drivers/STM32G0xx_HAL_Driver/Src/stm32g0xx_hal.o
                0x0000000008005330                HAL_Delay
 .text.LL_ADC_SetCommonPathInternalCh
                0x0000000008005378       0x28 ./Drivers/STM32G0xx_HAL_Driver/Src/stm32g0xx_hal_adc.o
 .text.LL_ADC_GetCommonPathInternalCh
                0x00000000080053a0       0x1a ./Drivers/STM32G0xx_HAL_Driver/Src/stm32g0xx_hal_adc.o
 .text.LL_ADC_SetSamplingTimeCommonChannels
                0x00000000080053ba       0x3a ./Drivers/STM32G0xx_HAL_Driver/Src/stm32g0xx_hal_adc.o
 .text.LL_ADC_GetSamplingTimeCommonChannels
                0x00000000080053f4       0x2e ./Drivers/STM32G0xx_HAL_Driver/Src/stm32g0xx_hal_adc.o
 .text.LL_ADC_REG_IsTriggerSourceSWStart
                0x0000000008005422       0x22 ./Drivers/STM32G0xx_HAL_Driver/Src/stm32g0xx_hal_adc.o
 .text.LL_ADC_REG_SetSequencerRanks
                0x0000000008005444       0x40 ./Drivers/STM32G0xx_HAL_Driver/Src/stm32g0xx_hal_adc.o
 .text.LL_ADC_REG_SetSequencerChAdd
                0x0000000008005484       0x22 ./Drivers/STM32G0xx_HAL_Driver/Src/stm32g0xx_hal_adc.o
 .text.LL_ADC_REG_SetSequencerChRem
                0x00000000080054a6       0x24 ./Drivers/STM32G0xx_HAL_Driver/Src/stm32g0xx_hal_adc.o
 .text.LL_ADC_REG_GetDMATransfer
                0x00000000080054ca       0x18 ./Drivers/STM32G0xx_HAL_Driver/Src/stm32g0xx_hal_adc.o
 *fill*         0x00000000080054e2        0x2 
 .text.LL_ADC_SetChannelSamplingTime
                0x00000000080054e4       0x38 ./Drivers/STM32G0xx_HAL_Driver/Src/stm32g0xx_hal_adc.o
 .text.LL_ADC_EnableInternalRegulator
                0x000000000800551c       0x28 ./Drivers/STM32G0xx_HAL_Driver/Src/stm32g0xx_hal_adc.o
 .text.LL_ADC_IsInternalRegulatorEnabled
                0x0000000008005544       0x28 ./Drivers/STM32G0xx_HAL_Driver/Src/stm32g0xx_hal_adc.o
 .text.LL_ADC_Enable
                0x000000000800556c       0x24 ./Drivers/STM32G0xx_HAL_Driver/Src/stm32g0xx_hal_adc.o
 .text.LL_ADC_Disable
                0x0000000008005590       0x24 ./Drivers/STM32G0xx_HAL_Driver/Src/stm32g0xx_hal_adc.o
 .text.LL_ADC_IsEnabled
                0x00000000080055b4       0x22 ./Drivers/STM32G0xx_HAL_Driver/Src/stm32g0xx_hal_adc.o
 .text.LL_ADC_IsDisableOngoing
                0x00000000080055d6       0x22 ./Drivers/STM32G0xx_HAL_Driver/Src/stm32g0xx_hal_adc.o
 .text.LL_ADC_REG_StartConversion
                0x00000000080055f8       0x24 ./Drivers/STM32G0xx_HAL_Driver/Src/stm32g0xx_hal_adc.o
 .text.LL_ADC_REG_StopConversion
                0x000000000800561c       0x24 ./Drivers/STM32G0xx_HAL_Driver/Src/stm32g0xx_hal_adc.o
 .text.LL_ADC_REG_IsConversionOngoing
                0x0000000008005640       0x22 ./Drivers/STM32G0xx_HAL_Driver/Src/stm32g0xx_hal_adc.o
 *fill*         0x0000000008005662        0x2 
 .text.HAL_ADC_Init
                0x0000000008005664      0x350 ./Drivers/STM32G0xx_HAL_Driver/Src/stm32g0xx_hal_adc.o
                0x0000000008005664                HAL_ADC_Init
 .text.HAL_ADC_Start_DMA
                0x00000000080059b4      0x11c ./Drivers/STM32G0xx_HAL_Driver/Src/stm32g0xx_hal_adc.o
                0x00000000080059b4                HAL_ADC_Start_DMA
 .text.HAL_ADC_Stop_DMA
                0x0000000008005ad0       0xe4 ./Drivers/STM32G0xx_HAL_Driver/Src/stm32g0xx_hal_adc.o
                0x0000000008005ad0                HAL_ADC_Stop_DMA
 .text.HAL_ADC_IRQHandler
                0x0000000008005bb4      0x230 ./Drivers/STM32G0xx_HAL_Driver/Src/stm32g0xx_hal_adc.o
                0x0000000008005bb4                HAL_ADC_IRQHandler
 .text.HAL_ADC_ConvHalfCpltCallback
                0x0000000008005de4       0x10 ./Drivers/STM32G0xx_HAL_Driver/Src/stm32g0xx_hal_adc.o
                0x0000000008005de4                HAL_ADC_ConvHalfCpltCallback
 .text.HAL_ADC_LevelOutOfWindowCallback
                0x0000000008005df4       0x10 ./Drivers/STM32G0xx_HAL_Driver/Src/stm32g0xx_hal_adc.o
                0x0000000008005df4                HAL_ADC_LevelOutOfWindowCallback
 .text.HAL_ADC_ErrorCallback
                0x0000000008005e04       0x10 ./Drivers/STM32G0xx_HAL_Driver/Src/stm32g0xx_hal_adc.o
                0x0000000008005e04                HAL_ADC_ErrorCallback
 .text.HAL_ADC_ConfigChannel
                0x0000000008005e14      0x3b0 ./Drivers/STM32G0xx_HAL_Driver/Src/stm32g0xx_hal_adc.o
                0x0000000008005e14                HAL_ADC_ConfigChannel
 .text.ADC_ConversionStop
                0x00000000080061c4       0x84 ./Drivers/STM32G0xx_HAL_Driver/Src/stm32g0xx_hal_adc.o
                0x00000000080061c4                ADC_ConversionStop
 .text.ADC_Enable
                0x0000000008006248      0x10c ./Drivers/STM32G0xx_HAL_Driver/Src/stm32g0xx_hal_adc.o
                0x0000000008006248                ADC_Enable
 .text.ADC_Disable
                0x0000000008006354       0xbc ./Drivers/STM32G0xx_HAL_Driver/Src/stm32g0xx_hal_adc.o
                0x0000000008006354                ADC_Disable
 .text.ADC_DMAConvCplt
                0x0000000008006410       0xc8 ./Drivers/STM32G0xx_HAL_Driver/Src/stm32g0xx_hal_adc.o
 .text.ADC_DMAHalfConvCplt
                0x00000000080064d8       0x1e ./Drivers/STM32G0xx_HAL_Driver/Src/stm32g0xx_hal_adc.o
 .text.ADC_DMAError
                0x00000000080064f6       0x36 ./Drivers/STM32G0xx_HAL_Driver/Src/stm32g0xx_hal_adc.o
 .text.HAL_ADCEx_LevelOutOfWindow2Callback
                0x000000000800652c       0x10 ./Drivers/STM32G0xx_HAL_Driver/Src/stm32g0xx_hal_adc_ex.o
                0x000000000800652c                HAL_ADCEx_LevelOutOfWindow2Callback
 .text.HAL_ADCEx_LevelOutOfWindow3Callback
                0x000000000800653c       0x10 ./Drivers/STM32G0xx_HAL_Driver/Src/stm32g0xx_hal_adc_ex.o
                0x000000000800653c                HAL_ADCEx_LevelOutOfWindow3Callback
 .text.HAL_ADCEx_EndOfSamplingCallback
                0x000000000800654c       0x10 ./Drivers/STM32G0xx_HAL_Driver/Src/stm32g0xx_hal_adc_ex.o
                0x000000000800654c                HAL_ADCEx_EndOfSamplingCallback
 .text.HAL_ADCEx_ChannelConfigReadyCallback
                0x000000000800655c       0x10 ./Drivers/STM32G0xx_HAL_Driver/Src/stm32g0xx_hal_adc_ex.o
                0x000000000800655c                HAL_ADCEx_ChannelConfigReadyCallback
 .text.__NVIC_EnableIRQ
                0x000000000800656c       0x34 ./Drivers/STM32G0xx_HAL_Driver/Src/stm32g0xx_hal_cortex.o
 .text.__NVIC_SetPriority
                0x00000000080065a0       0xdc ./Drivers/STM32G0xx_HAL_Driver/Src/stm32g0xx_hal_cortex.o
 .text.SysTick_Config
                0x000000000800667c       0x48 ./Drivers/STM32G0xx_HAL_Driver/Src/stm32g0xx_hal_cortex.o
 .text.HAL_NVIC_SetPriority
                0x00000000080066c4       0x2a ./Drivers/STM32G0xx_HAL_Driver/Src/stm32g0xx_hal_cortex.o
                0x00000000080066c4                HAL_NVIC_SetPriority
 .text.HAL_NVIC_EnableIRQ
                0x00000000080066ee       0x20 ./Drivers/STM32G0xx_HAL_Driver/Src/stm32g0xx_hal_cortex.o
                0x00000000080066ee                HAL_NVIC_EnableIRQ
 .text.HAL_SYSTICK_Config
                0x000000000800670e       0x1a ./Drivers/STM32G0xx_HAL_Driver/Src/stm32g0xx_hal_cortex.o
                0x000000000800670e                HAL_SYSTICK_Config
 .text.HAL_DMA_Init
                0x0000000008006728      0x114 ./Drivers/STM32G0xx_HAL_Driver/Src/stm32g0xx_hal_dma.o
                0x0000000008006728                HAL_DMA_Init
 .text.HAL_DMA_Start_IT
                0x000000000800683c      0x10c ./Drivers/STM32G0xx_HAL_Driver/Src/stm32g0xx_hal_dma.o
                0x000000000800683c                HAL_DMA_Start_IT
 .text.HAL_DMA_Abort
                0x0000000008006948       0xc4 ./Drivers/STM32G0xx_HAL_Driver/Src/stm32g0xx_hal_dma.o
                0x0000000008006948                HAL_DMA_Abort
 .text.HAL_DMA_Abort_IT
                0x0000000008006a0c       0xd4 ./Drivers/STM32G0xx_HAL_Driver/Src/stm32g0xx_hal_dma.o
                0x0000000008006a0c                HAL_DMA_Abort_IT
 .text.HAL_DMA_IRQHandler
                0x0000000008006ae0      0x164 ./Drivers/STM32G0xx_HAL_Driver/Src/stm32g0xx_hal_dma.o
                0x0000000008006ae0                HAL_DMA_IRQHandler
 .text.HAL_DMA_GetError
                0x0000000008006c44       0x14 ./Drivers/STM32G0xx_HAL_Driver/Src/stm32g0xx_hal_dma.o
                0x0000000008006c44                HAL_DMA_GetError
 .text.DMA_SetConfig
                0x0000000008006c58       0x80 ./Drivers/STM32G0xx_HAL_Driver/Src/stm32g0xx_hal_dma.o
 .text.DMA_CalcDMAMUXChannelBaseAndMask
                0x0000000008006cd8       0x58 ./Drivers/STM32G0xx_HAL_Driver/Src/stm32g0xx_hal_dma.o
 .text.DMA_CalcDMAMUXRequestGenBaseAndMask
                0x0000000008006d30       0x48 ./Drivers/STM32G0xx_HAL_Driver/Src/stm32g0xx_hal_dma.o
 .text.HAL_GPIO_Init
                0x0000000008006d78      0x2c8 ./Drivers/STM32G0xx_HAL_Driver/Src/stm32g0xx_hal_gpio.o
                0x0000000008006d78                HAL_GPIO_Init
 .text.HAL_GPIO_ReadPin
                0x0000000008007040       0x3a ./Drivers/STM32G0xx_HAL_Driver/Src/stm32g0xx_hal_gpio.o
                0x0000000008007040                HAL_GPIO_ReadPin
 .text.HAL_GPIO_WritePin
                0x000000000800707a       0x3a ./Drivers/STM32G0xx_HAL_Driver/Src/stm32g0xx_hal_gpio.o
                0x000000000800707a                HAL_GPIO_WritePin
 .text.HAL_PWREx_ControlVoltageScaling
                0x00000000080070b4       0x80 ./Drivers/STM32G0xx_HAL_Driver/Src/stm32g0xx_hal_pwr_ex.o
                0x00000000080070b4                HAL_PWREx_ControlVoltageScaling
 .text.LL_RCC_GetAPB1Prescaler
                0x0000000008007134       0x18 ./Drivers/STM32G0xx_HAL_Driver/Src/stm32g0xx_hal_rcc.o
 .text.HAL_RCC_OscConfig
                0x000000000800714c      0x620 ./Drivers/STM32G0xx_HAL_Driver/Src/stm32g0xx_hal_rcc.o
                0x000000000800714c                HAL_RCC_OscConfig
 .text.HAL_RCC_ClockConfig
                0x000000000800776c      0x210 ./Drivers/STM32G0xx_HAL_Driver/Src/stm32g0xx_hal_rcc.o
                0x000000000800776c                HAL_RCC_ClockConfig
 .text.HAL_RCC_GetSysClockFreq
                0x000000000800797c      0x104 ./Drivers/STM32G0xx_HAL_Driver/Src/stm32g0xx_hal_rcc.o
                0x000000000800797c                HAL_RCC_GetSysClockFreq
 .text.HAL_RCC_GetHCLKFreq
                0x0000000008007a80       0x14 ./Drivers/STM32G0xx_HAL_Driver/Src/stm32g0xx_hal_rcc.o
                0x0000000008007a80                HAL_RCC_GetHCLKFreq
 .text.HAL_RCC_GetPCLK1Freq
                0x0000000008007a94       0x2c ./Drivers/STM32G0xx_HAL_Driver/Src/stm32g0xx_hal_rcc.o
                0x0000000008007a94                HAL_RCC_GetPCLK1Freq
 .text.HAL_RCCEx_PeriphCLKConfig
                0x0000000008007ac0      0x268 ./Drivers/STM32G0xx_HAL_Driver/Src/stm32g0xx_hal_rcc_ex.o
                0x0000000008007ac0                HAL_RCCEx_PeriphCLKConfig
 .text.HAL_SPI_Init
                0x0000000008007d28      0x170 ./Drivers/STM32G0xx_HAL_Driver/Src/stm32g0xx_hal_spi.o
                0x0000000008007d28                HAL_SPI_Init
 .text.HAL_SPI_Transmit
                0x0000000008007e98      0x2b0 ./Drivers/STM32G0xx_HAL_Driver/Src/stm32g0xx_hal_spi.o
                0x0000000008007e98                HAL_SPI_Transmit
 .text.HAL_SPI_Receive
                0x0000000008008148      0x298 ./Drivers/STM32G0xx_HAL_Driver/Src/stm32g0xx_hal_spi.o
                0x0000000008008148                HAL_SPI_Receive
 .text.HAL_SPI_TransmitReceive
                0x00000000080083e0      0x3a4 ./Drivers/STM32G0xx_HAL_Driver/Src/stm32g0xx_hal_spi.o
                0x00000000080083e0                HAL_SPI_TransmitReceive
 .text.SPI_WaitFlagStateUntilTimeout
                0x0000000008008784      0x11c ./Drivers/STM32G0xx_HAL_Driver/Src/stm32g0xx_hal_spi.o
 .text.SPI_WaitFifoStateUntilTimeout
                0x00000000080088a0      0x144 ./Drivers/STM32G0xx_HAL_Driver/Src/stm32g0xx_hal_spi.o
 .text.SPI_EndRxTransaction
                0x00000000080089e4       0xbc ./Drivers/STM32G0xx_HAL_Driver/Src/stm32g0xx_hal_spi.o
 .text.SPI_EndRxTxTransaction
                0x0000000008008aa0       0x8c ./Drivers/STM32G0xx_HAL_Driver/Src/stm32g0xx_hal_spi.o
 .text.HAL_TIM_Base_Init
                0x0000000008008b2c       0xb0 ./Drivers/STM32G0xx_HAL_Driver/Src/stm32g0xx_hal_tim.o
                0x0000000008008b2c                HAL_TIM_Base_Init
 .text.HAL_TIM_Base_Start
                0x0000000008008bdc       0x9c ./Drivers/STM32G0xx_HAL_Driver/Src/stm32g0xx_hal_tim.o
                0x0000000008008bdc                HAL_TIM_Base_Start
 .text.HAL_TIM_Base_Start_IT
                0x0000000008008c78       0xac ./Drivers/STM32G0xx_HAL_Driver/Src/stm32g0xx_hal_tim.o
                0x0000000008008c78                HAL_TIM_Base_Start_IT
 .text.HAL_TIM_PWM_Init
                0x0000000008008d24       0xb0 ./Drivers/STM32G0xx_HAL_Driver/Src/stm32g0xx_hal_tim.o
                0x0000000008008d24                HAL_TIM_PWM_Init
 .text.HAL_TIM_PWM_MspInit
                0x0000000008008dd4       0x10 ./Drivers/STM32G0xx_HAL_Driver/Src/stm32g0xx_hal_tim.o
                0x0000000008008dd4                HAL_TIM_PWM_MspInit
 .text.HAL_TIM_PWM_Start
                0x0000000008008de4      0x1c8 ./Drivers/STM32G0xx_HAL_Driver/Src/stm32g0xx_hal_tim.o
                0x0000000008008de4                HAL_TIM_PWM_Start
 .text.HAL_TIM_Encoder_Init
                0x0000000008008fac      0x150 ./Drivers/STM32G0xx_HAL_Driver/Src/stm32g0xx_hal_tim.o
                0x0000000008008fac                HAL_TIM_Encoder_Init
 .text.HAL_TIM_Encoder_Start
                0x00000000080090fc      0x148 ./Drivers/STM32G0xx_HAL_Driver/Src/stm32g0xx_hal_tim.o
                0x00000000080090fc                HAL_TIM_Encoder_Start
 .text.HAL_TIM_IRQHandler
                0x0000000008009244      0x264 ./Drivers/STM32G0xx_HAL_Driver/Src/stm32g0xx_hal_tim.o
                0x0000000008009244                HAL_TIM_IRQHandler
 .text.HAL_TIM_PWM_ConfigChannel
                0x00000000080094a8      0x200 ./Drivers/STM32G0xx_HAL_Driver/Src/stm32g0xx_hal_tim.o
                0x00000000080094a8                HAL_TIM_PWM_ConfigChannel
 .text.HAL_TIM_ConfigClockSource
                0x00000000080096a8      0x1ac ./Drivers/STM32G0xx_HAL_Driver/Src/stm32g0xx_hal_tim.o
                0x00000000080096a8                HAL_TIM_ConfigClockSource
 .text.HAL_TIM_OC_DelayElapsedCallback
                0x0000000008009854       0x10 ./Drivers/STM32G0xx_HAL_Driver/Src/stm32g0xx_hal_tim.o
                0x0000000008009854                HAL_TIM_OC_DelayElapsedCallback
 .text.HAL_TIM_IC_CaptureCallback
                0x0000000008009864       0x10 ./Drivers/STM32G0xx_HAL_Driver/Src/stm32g0xx_hal_tim.o
                0x0000000008009864                HAL_TIM_IC_CaptureCallback
 .text.HAL_TIM_PWM_PulseFinishedCallback
                0x0000000008009874       0x10 ./Drivers/STM32G0xx_HAL_Driver/Src/stm32g0xx_hal_tim.o
                0x0000000008009874                HAL_TIM_PWM_PulseFinishedCallback
 .text.HAL_TIM_TriggerCallback
                0x0000000008009884       0x10 ./Drivers/STM32G0xx_HAL_Driver/Src/stm32g0xx_hal_tim.o
                0x0000000008009884                HAL_TIM_TriggerCallback
 .text.TIM_Base_SetConfig
                0x0000000008009894       0xec ./Drivers/STM32G0xx_HAL_Driver/Src/stm32g0xx_hal_tim.o
                0x0000000008009894                TIM_Base_SetConfig
 .text.TIM_OC1_SetConfig
                0x0000000008009980      0x114 ./Drivers/STM32G0xx_HAL_Driver/Src/stm32g0xx_hal_tim.o
 .text.TIM_OC2_SetConfig
                0x0000000008009a94      0x108 ./Drivers/STM32G0xx_HAL_Driver/Src/stm32g0xx_hal_tim.o
                0x0000000008009a94                TIM_OC2_SetConfig
 .text.TIM_OC3_SetConfig
                0x0000000008009b9c      0x110 ./Drivers/STM32G0xx_HAL_Driver/Src/stm32g0xx_hal_tim.o
 .text.TIM_OC4_SetConfig
                0x0000000008009cac       0xd4 ./Drivers/STM32G0xx_HAL_Driver/Src/stm32g0xx_hal_tim.o
 .text.TIM_OC5_SetConfig
                0x0000000008009d80       0xc0 ./Drivers/STM32G0xx_HAL_Driver/Src/stm32g0xx_hal_tim.o
 .text.TIM_OC6_SetConfig
                0x0000000008009e40       0xc8 ./Drivers/STM32G0xx_HAL_Driver/Src/stm32g0xx_hal_tim.o
 .text.TIM_TI1_ConfigInputStage
                0x0000000008009f08       0x5c ./Drivers/STM32G0xx_HAL_Driver/Src/stm32g0xx_hal_tim.o
 .text.TIM_TI2_ConfigInputStage
                0x0000000008009f64       0x64 ./Drivers/STM32G0xx_HAL_Driver/Src/stm32g0xx_hal_tim.o
 .text.TIM_ITRx_SetConfig
                0x0000000008009fc8       0x38 ./Drivers/STM32G0xx_HAL_Driver/Src/stm32g0xx_hal_tim.o
 .text.TIM_ETR_SetConfig
                0x000000000800a000       0x40 ./Drivers/STM32G0xx_HAL_Driver/Src/stm32g0xx_hal_tim.o
                0x000000000800a000                TIM_ETR_SetConfig
 .text.TIM_CCxChannelCmd
                0x000000000800a040       0x46 ./Drivers/STM32G0xx_HAL_Driver/Src/stm32g0xx_hal_tim.o
                0x000000000800a040                TIM_CCxChannelCmd
 *fill*         0x000000000800a086        0x2 
 .text.HAL_TIMEx_MasterConfigSynchronization
                0x000000000800a088       0xd0 ./Drivers/STM32G0xx_HAL_Driver/Src/stm32g0xx_hal_tim_ex.o
                0x000000000800a088                HAL_TIMEx_MasterConfigSynchronization
 .text.HAL_TIMEx_ConfigBreakDeadTime
                0x000000000800a158      0x14c ./Drivers/STM32G0xx_HAL_Driver/Src/stm32g0xx_hal_tim_ex.o
                0x000000000800a158                HAL_TIMEx_ConfigBreakDeadTime
 .text.HAL_TIMEx_CommutCallback
                0x000000000800a2a4       0x10 ./Drivers/STM32G0xx_HAL_Driver/Src/stm32g0xx_hal_tim_ex.o
                0x000000000800a2a4                HAL_TIMEx_CommutCallback
 .text.HAL_TIMEx_BreakCallback
                0x000000000800a2b4       0x10 ./Drivers/STM32G0xx_HAL_Driver/Src/stm32g0xx_hal_tim_ex.o
                0x000000000800a2b4                HAL_TIMEx_BreakCallback
 .text.HAL_TIMEx_Break2Callback
                0x000000000800a2c4       0x10 ./Drivers/STM32G0xx_HAL_Driver/Src/stm32g0xx_hal_tim_ex.o
                0x000000000800a2c4                HAL_TIMEx_Break2Callback
 .text.HAL_UART_Init
                0x000000000800a2d4       0xac ./Drivers/STM32G0xx_HAL_Driver/Src/stm32g0xx_hal_uart.o
                0x000000000800a2d4                HAL_UART_Init
 .text.HAL_UART_Transmit_IT
                0x000000000800a380      0x150 ./Drivers/STM32G0xx_HAL_Driver/Src/stm32g0xx_hal_uart.o
                0x000000000800a380                HAL_UART_Transmit_IT
 .text.HAL_UART_Receive_DMA
                0x000000000800a4d0       0xae ./Drivers/STM32G0xx_HAL_Driver/Src/stm32g0xx_hal_uart.o
                0x000000000800a4d0                HAL_UART_Receive_DMA
 .text.HAL_UART_DMAStop
                0x000000000800a57e      0x128 ./Drivers/STM32G0xx_HAL_Driver/Src/stm32g0xx_hal_uart.o
                0x000000000800a57e                HAL_UART_DMAStop
 *fill*         0x000000000800a6a6        0x2 
 .text.HAL_UART_IRQHandler
                0x000000000800a6a8      0x64c ./Drivers/STM32G0xx_HAL_Driver/Src/stm32g0xx_hal_uart.o
                0x000000000800a6a8                HAL_UART_IRQHandler
 .text.HAL_UART_TxCpltCallback
                0x000000000800acf4       0x10 ./Drivers/STM32G0xx_HAL_Driver/Src/stm32g0xx_hal_uart.o
                0x000000000800acf4                HAL_UART_TxCpltCallback
 .text.HAL_UART_RxCpltCallback
                0x000000000800ad04       0x10 ./Drivers/STM32G0xx_HAL_Driver/Src/stm32g0xx_hal_uart.o
                0x000000000800ad04                HAL_UART_RxCpltCallback
 .text.HAL_UART_RxHalfCpltCallback
                0x000000000800ad14       0x10 ./Drivers/STM32G0xx_HAL_Driver/Src/stm32g0xx_hal_uart.o
                0x000000000800ad14                HAL_UART_RxHalfCpltCallback
 .text.HAL_UART_ErrorCallback
                0x000000000800ad24       0x10 ./Drivers/STM32G0xx_HAL_Driver/Src/stm32g0xx_hal_uart.o
                0x000000000800ad24                HAL_UART_ErrorCallback
 .text.HAL_UARTEx_RxEventCallback
                0x000000000800ad34       0x16 ./Drivers/STM32G0xx_HAL_Driver/Src/stm32g0xx_hal_uart.o
                0x000000000800ad34                HAL_UARTEx_RxEventCallback
 *fill*         0x000000000800ad4a        0x2 
 .text.UART_SetConfig
                0x000000000800ad4c      0x348 ./Drivers/STM32G0xx_HAL_Driver/Src/stm32g0xx_hal_uart.o
                0x000000000800ad4c                UART_SetConfig
 .text.UART_AdvFeatureConfig
                0x000000000800b094      0x168 ./Drivers/STM32G0xx_HAL_Driver/Src/stm32g0xx_hal_uart.o
                0x000000000800b094                UART_AdvFeatureConfig
 .text.UART_CheckIdleState
                0x000000000800b1fc       0x9c ./Drivers/STM32G0xx_HAL_Driver/Src/stm32g0xx_hal_uart.o
                0x000000000800b1fc                UART_CheckIdleState
 .text.UART_WaitOnFlagUntilTimeout
                0x000000000800b298      0x190 ./Drivers/STM32G0xx_HAL_Driver/Src/stm32g0xx_hal_uart.o
                0x000000000800b298                UART_WaitOnFlagUntilTimeout
 .text.UART_Start_Receive_DMA
                0x000000000800b428      0x14c ./Drivers/STM32G0xx_HAL_Driver/Src/stm32g0xx_hal_uart.o
                0x000000000800b428                UART_Start_Receive_DMA
 .text.UART_EndTxTransfer
                0x000000000800b574       0x80 ./Drivers/STM32G0xx_HAL_Driver/Src/stm32g0xx_hal_uart.o
 .text.UART_EndRxTransfer
                0x000000000800b5f4       0xcc ./Drivers/STM32G0xx_HAL_Driver/Src/stm32g0xx_hal_uart.o
 .text.UART_DMAReceiveCplt
                0x000000000800b6c0      0x130 ./Drivers/STM32G0xx_HAL_Driver/Src/stm32g0xx_hal_uart.o
 .text.UART_DMARxHalfCplt
                0x000000000800b7f0       0x42 ./Drivers/STM32G0xx_HAL_Driver/Src/stm32g0xx_hal_uart.o
 .text.UART_DMAError
                0x000000000800b832       0x86 ./Drivers/STM32G0xx_HAL_Driver/Src/stm32g0xx_hal_uart.o
 .text.UART_DMAAbortOnError
                0x000000000800b8b8       0x2e ./Drivers/STM32G0xx_HAL_Driver/Src/stm32g0xx_hal_uart.o
 .text.UART_TxISR_8BIT
                0x000000000800b8e6       0xb4 ./Drivers/STM32G0xx_HAL_Driver/Src/stm32g0xx_hal_uart.o
 .text.UART_TxISR_16BIT
                0x000000000800b99a       0xbe ./Drivers/STM32G0xx_HAL_Driver/Src/stm32g0xx_hal_uart.o
 .text.UART_TxISR_8BIT_FIFOEN
                0x000000000800ba58       0xec ./Drivers/STM32G0xx_HAL_Driver/Src/stm32g0xx_hal_uart.o
 .text.UART_TxISR_16BIT_FIFOEN
                0x000000000800bb44       0xf4 ./Drivers/STM32G0xx_HAL_Driver/Src/stm32g0xx_hal_uart.o
 .text.UART_EndTransmit_IT
                0x000000000800bc38       0x58 ./Drivers/STM32G0xx_HAL_Driver/Src/stm32g0xx_hal_uart.o
 .text.HAL_RS485Ex_Init
                0x000000000800bc90       0xe4 ./Drivers/STM32G0xx_HAL_Driver/Src/stm32g0xx_hal_uart_ex.o
                0x000000000800bc90                HAL_RS485Ex_Init
 .text.HAL_UARTEx_WakeupCallback
                0x000000000800bd74       0x10 ./Drivers/STM32G0xx_HAL_Driver/Src/stm32g0xx_hal_uart_ex.o
                0x000000000800bd74                HAL_UARTEx_WakeupCallback
 .text.HAL_UARTEx_RxFifoFullCallback
                0x000000000800bd84       0x10 ./Drivers/STM32G0xx_HAL_Driver/Src/stm32g0xx_hal_uart_ex.o
                0x000000000800bd84                HAL_UARTEx_RxFifoFullCallback
 .text.HAL_UARTEx_TxFifoEmptyCallback
                0x000000000800bd94       0x10 ./Drivers/STM32G0xx_HAL_Driver/Src/stm32g0xx_hal_uart_ex.o
                0x000000000800bd94                HAL_UARTEx_TxFifoEmptyCallback
 .text.HAL_UARTEx_DisableFifoMode
                0x000000000800bda4       0x74 ./Drivers/STM32G0xx_HAL_Driver/Src/stm32g0xx_hal_uart_ex.o
                0x000000000800bda4                HAL_UARTEx_DisableFifoMode
 .text.HAL_UARTEx_SetTxFifoThreshold
                0x000000000800be18       0x7e ./Drivers/STM32G0xx_HAL_Driver/Src/stm32g0xx_hal_uart_ex.o
                0x000000000800be18                HAL_UARTEx_SetTxFifoThreshold
 *fill*         0x000000000800be96        0x2 
 .text.HAL_UARTEx_SetRxFifoThreshold
                0x000000000800be98       0x84 ./Drivers/STM32G0xx_HAL_Driver/Src/stm32g0xx_hal_uart_ex.o
                0x000000000800be98                HAL_UARTEx_SetRxFifoThreshold
 .text.UARTEx_SetNbDataToProcess
                0x000000000800bf1c       0xbc ./Drivers/STM32G0xx_HAL_Driver/Src/stm32g0xx_hal_uart_ex.o
 .text.AT_25_init
                0x000000000800bfd8       0xdc ./MyCode/AT25/at25.o
                0x000000000800bfd8                AT_25_init
 .text.SPI_Save_Word_16bits
                0x000000000800c0b4      0x10c ./MyCode/AT25/at25.o
                0x000000000800c0b4                SPI_Save_Word_16bits
 .text.SPI_Load_Word_16bits
                0x000000000800c1c0       0xd8 ./MyCode/AT25/at25.o
                0x000000000800c1c0                SPI_Load_Word_16bits
 .text.SPI_AT25_Write
                0x000000000800c298       0x5e ./MyCode/AT25/at25.o
                0x000000000800c298                SPI_AT25_Write
 .text.SPI_AT25_Read
                0x000000000800c2f6       0x5e ./MyCode/AT25/at25.o
                0x000000000800c2f6                SPI_AT25_Read
 .text.AT25_Save_VISet
                0x000000000800c354       0x8c ./MyCode/AT25/at25.o
                0x000000000800c354                AT25_Save_VISet
 .text.AT25_Save_Recall_Save_VI
                0x000000000800c3e0       0xd8 ./MyCode/AT25/at25.o
                0x000000000800c3e0                AT25_Save_Recall_Save_VI
 .text.AT25_Save_Recall_Recall_VI
                0x000000000800c4b8       0x80 ./MyCode/AT25/at25.o
                0x000000000800c4b8                AT25_Save_Recall_Recall_VI
 .text.AT25_Save_Delay
                0x000000000800c538       0x34 ./MyCode/AT25/at25.o
                0x000000000800c538                AT25_Save_Delay
 .text.AT25_Save_Cycle
                0x000000000800c56c       0x4c ./MyCode/AT25/at25.o
                0x000000000800c56c                AT25_Save_Cycle
 .text.AT25_Save_CC_CV_CP
                0x000000000800c5b8       0x2c ./MyCode/AT25/at25.o
                0x000000000800c5b8                AT25_Save_CC_CV_CP
 .text.AT25_Save_VI_Rate
                0x000000000800c5e4       0x38 ./MyCode/AT25/at25.o
                0x000000000800c5e4                AT25_Save_VI_Rate
 .text.AT25_Save_AD_Param
                0x000000000800c61c       0xd4 ./MyCode/AT25/at25.o
                0x000000000800c61c                AT25_Save_AD_Param
 .text.AT25_load_AD_Param
                0x000000000800c6f0       0xbc ./MyCode/AT25/at25.o
                0x000000000800c6f0                AT25_load_AD_Param
 .text.AT25_Reset
                0x000000000800c7ac      0x128 ./MyCode/AT25/at25.o
                0x000000000800c7ac                AT25_Reset
 .text.ADD      0x000000000800c8d4       0x62 ./MyCode/DAC/DAC.o
                0x000000000800c8d4                ADD
 *fill*         0x000000000800c936        0x2 
 .text.DAC_Cmd_send
                0x000000000800c938      0x1f4 ./MyCode/DAC/DAC.o
                0x000000000800c938                DAC_Cmd_send
 .text.power_on
                0x000000000800cb2c       0x30 ./MyCode/DAC/DAC.o
                0x000000000800cb2c                power_on
 .text.power_off
                0x000000000800cb5c       0x68 ./MyCode/DAC/DAC.o
                0x000000000800cb5c                power_off
 .text.Output_Zero
                0x000000000800cbc4       0x4c ./MyCode/DAC/DAC.o
                0x000000000800cbc4                Output_Zero
 .text.First_menu_data_Refresh
                0x000000000800cc10       0x3c ./MyCode/ENCODER/ENCODER.o
 .text.Calibration_V_data_Refresh
                0x000000000800cc4c      0x23c ./MyCode/ENCODER/ENCODER.o
 .text.Calibration_I_data_Refresh
                0x000000000800ce88      0x23c ./MyCode/ENCODER/ENCODER.o
 .text.Vset_data_Refresh
                0x000000000800d0c4      0x2e4 ./MyCode/ENCODER/ENCODER.o
 .text.Iset_data_Refresh
                0x000000000800d3a8      0x2f0 ./MyCode/ENCODER/ENCODER.o
 .text.VRate_data_Refresh
                0x000000000800d698      0x408 ./MyCode/ENCODER/ENCODER.o
 .text.IRate_data_Refresh
                0x000000000800daa0      0x160 ./MyCode/ENCODER/ENCODER.o
 .text.Save_data_Refresh
                0x000000000800dc00      0x1f4 ./MyCode/ENCODER/ENCODER.o
 .text.Recall_data_Refresh
                0x000000000800ddf4       0x34 ./MyCode/ENCODER/ENCODER.o
 .text.Timer_data_Refresh
                0x000000000800de28      0x134 ./MyCode/ENCODER/ENCODER.o
 .text.Light_data_Refresh
                0x000000000800df5c       0x58 ./MyCode/ENCODER/ENCODER.o
 .text.FAN_data_Refresh
                0x000000000800dfb4       0xa0 ./MyCode/ENCODER/ENCODER.o
 .text.enter_action
                0x000000000800e054      0x26c ./MyCode/ENCODER/ENCODER.o
 .text.Encoder_Data_refresh
                0x000000000800e2c0      0x15c ./MyCode/ENCODER/ENCODER.o
                0x000000000800e2c0                Encoder_Data_refresh
 .text.Encoder_Enter_Handle
                0x000000000800e41c       0x88 ./MyCode/ENCODER/ENCODER.o
                0x000000000800e41c                Encoder_Enter_Handle
 .text.__NVIC_SystemReset
                0x000000000800e4a4       0x24 ./MyCode/KEY/newkey.o
 .text.String_to_float
                0x000000000800e4c8      0x2a8 ./MyCode/KEY/newkey.o
                0x000000000800e4c8                String_to_float
 .text.String_To_Float
                0x000000000800e770      0x634 ./MyCode/KEY/newkey.o
                0x000000000800e770                String_To_Float
 .text.Keys_Input_Set_Voltage
                0x000000000800eda4       0xa8 ./MyCode/KEY/newkey.o
 .text.Keys_Input_Set_Current
                0x000000000800ee4c       0x98 ./MyCode/KEY/newkey.o
 .text.Keys_Input_Set_V_Rate
                0x000000000800eee4       0xec ./MyCode/KEY/newkey.o
 .text.Keys_Input_Set_I_Rate
                0x000000000800efd0       0xec ./MyCode/KEY/newkey.o
 .text.Keys_Input_RS232
                0x000000000800f0bc       0xa0 ./MyCode/KEY/newkey.o
 .text.Keys_Input_Cycle
                0x000000000800f15c      0x16c ./MyCode/KEY/newkey.o
 .text.Keys_Input_Delay
                0x000000000800f2c8       0xc8 ./MyCode/KEY/newkey.o
 .text.Keys_Input_Save
                0x000000000800f390      0x170 ./MyCode/KEY/newkey.o
 .text.Keys_Input_Recall
                0x000000000800f500       0x24 ./MyCode/KEY/newkey.o
 .text.Keys_Input_Password
                0x000000000800f524       0x7c ./MyCode/KEY/newkey.o
 .text.Keys_Input_Calibration_Voltage
                0x000000000800f5a0       0xc4 ./MyCode/KEY/newkey.o
 .text.Keys_Input_Calibration_Current
                0x000000000800f664       0xc4 ./MyCode/KEY/newkey.o
 .text.key_num_handle
                0x000000000800f728      0x10e ./MyCode/KEY/newkey.o
                0x000000000800f728                key_num_handle
 *fill*         0x000000000800f836        0x2 
 .text.Key_V_set
                0x000000000800f838      0x264 ./MyCode/KEY/newkey.o
                0x000000000800f838                Key_V_set
 .text.Key_I_set
                0x000000000800fa9c      0x264 ./MyCode/KEY/newkey.o
                0x000000000800fa9c                Key_I_set
 .text.enter_second_menu
                0x000000000800fd00       0x60 ./MyCode/KEY/newkey.o
 .text.ISET_enter
                0x000000000800fd60      0x140 ./MyCode/KEY/newkey.o
 .text.VSET_enter
                0x000000000800fea0      0x120 ./MyCode/KEY/newkey.o
 .text.Password_enter
                0x000000000800ffc0       0xbc ./MyCode/KEY/newkey.o
 .text.IRateSET_enter
                0x000000000801007c       0x6c ./MyCode/KEY/newkey.o
 .text.VRateSET_enter
                0x00000000080100e8       0x70 ./MyCode/KEY/newkey.o
 .text.Save_enter
                0x0000000008010158       0xac ./MyCode/KEY/newkey.o
 .text.Load_enter
                0x0000000008010204       0xe8 ./MyCode/KEY/newkey.o
 .text.Delay_enter
                0x00000000080102ec       0xfc ./MyCode/KEY/newkey.o
 .text.Cycle_enter
                0x00000000080103e8      0x238 ./MyCode/KEY/newkey.o
 .text.Reset_enter
                0x0000000008010620       0x50 ./MyCode/KEY/newkey.o
 .text.Sample_show_enter
                0x0000000008010670       0x4c ./MyCode/KEY/newkey.o
 .text.Key_Enter
                0x00000000080106bc      0x484 ./MyCode/KEY/newkey.o
                0x00000000080106bc                Key_Enter
 .text.Key_Shift
                0x0000000008010b40      0x1cc ./MyCode/KEY/newkey.o
                0x0000000008010b40                Key_Shift
 .text.Key_ON_OFF
                0x0000000008010d0c       0x60 ./MyCode/KEY/newkey.o
                0x0000000008010d0c                Key_ON_OFF
 .text.Key_Preset_Lock
                0x0000000008010d6c       0x74 ./MyCode/KEY/newkey.o
                0x0000000008010d6c                Key_Preset_Lock
 .text.Key_Recall_Save
                0x0000000008010de0       0xe8 ./MyCode/KEY/newkey.o
                0x0000000008010de0                Key_Recall_Save
 .text.Key_Up   0x0000000008010ec8      0x2bc ./MyCode/KEY/newkey.o
                0x0000000008010ec8                Key_Up
 .text.Key_Down
                0x0000000008011184      0x298 ./MyCode/KEY/newkey.o
                0x0000000008011184                Key_Down
 .text.Key_ESC  0x000000000801141c      0x180 ./MyCode/KEY/newkey.o
                0x000000000801141c                Key_ESC
 .text.key_scan
                0x000000000801159c      0x2a0 ./MyCode/KEY/newkey.o
                0x000000000801159c                key_scan
 .text.KEY_Handle
                0x000000000801183c      0x190 ./MyCode/KEY/newkey.o
                0x000000000801183c                KEY_Handle
 .text.HAL_ADC_ConvCpltCallback
                0x00000000080119cc       0x40 ./MyCode/PROTECT/protect.o
                0x00000000080119cc                HAL_ADC_ConvCpltCallback
 .text.Check_Error
                0x0000000008011a0c      0x260 ./MyCode/PROTECT/protect.o
                0x0000000008011a0c                Check_Error
 .text.TIM16_DELAY_ON
                0x0000000008011c6c       0x3c ./MyCode/PROTECT/time_delay_cycle.o
                0x0000000008011c6c                TIM16_DELAY_ON
 .text.TIM16_DELAY_OFF
                0x0000000008011ca8       0x48 ./MyCode/PROTECT/time_delay_cycle.o
                0x0000000008011ca8                TIM16_DELAY_OFF
 .text.TIM17_CYCLE_ON
                0x0000000008011cf0       0xa0 ./MyCode/PROTECT/time_delay_cycle.o
                0x0000000008011cf0                TIM17_CYCLE_ON
 .text.TIM17_CYCLE_OFF
                0x0000000008011d90       0x48 ./MyCode/PROTECT/time_delay_cycle.o
                0x0000000008011d90                TIM17_CYCLE_OFF
 .text.SPI_OLED_SendData
                0x0000000008011dd8       0x70 ./MyCode/oled/spi_oled.o
                0x0000000008011dd8                SPI_OLED_SendData
 .text.SPI_OLED_SendCommond
                0x0000000008011e48       0x70 ./MyCode/oled/spi_oled.o
                0x0000000008011e48                SPI_OLED_SendCommond
 .text.OLED_Init
                0x0000000008011eb8      0x1b8 ./MyCode/oled/spi_oled.o
                0x0000000008011eb8                OLED_Init
 .text.Font_1Bit_To_4Bit
                0x0000000008012070      0x1b8 ./MyCode/oled/spi_oled.o
                0x0000000008012070                Font_1Bit_To_4Bit
 .text._1Bit_To_4Bit_16x32
                0x0000000008012228      0x29c ./MyCode/oled/spi_oled.o
 .text._1Bit_To_4Bit_8x16
                0x00000000080124c4      0x22c ./MyCode/oled/spi_oled.o
 .text.Font_1Bit_To_4Bit_12x24
                0x00000000080126f0      0x2e0 ./MyCode/oled/spi_oled.o
                0x00000000080126f0                Font_1Bit_To_4Bit_12x24
 .text.Set_Column_Address
                0x00000000080129d0       0x3c ./MyCode/oled/spi_oled.o
                0x00000000080129d0                Set_Column_Address
 .text.Set_Row_Address
                0x0000000008012a0c       0x34 ./MyCode/oled/spi_oled.o
                0x0000000008012a0c                Set_Row_Address
 .text.Set_WriteData
                0x0000000008012a40       0x10 ./MyCode/oled/spi_oled.o
                0x0000000008012a40                Set_WriteData
 .text.Fill_RAM
                0x0000000008012a50       0x80 ./MyCode/oled/spi_oled.o
                0x0000000008012a50                Fill_RAM
 .text.Clear_Screen
                0x0000000008012ad0       0xac ./MyCode/oled/spi_oled.o
                0x0000000008012ad0                Clear_Screen
 .text.Write_Single_8x16AsicII
                0x0000000008012b7c       0x88 ./MyCode/oled/spi_oled.o
                0x0000000008012b7c                Write_Single_8x16AsicII
 .text.Write_String_8x16AsicII
                0x0000000008012c04       0x7a ./MyCode/oled/spi_oled.o
                0x0000000008012c04                Write_String_8x16AsicII
 *fill*         0x0000000008012c7e        0x2 
 .text.Write_Single_16x32AsicII
                0x0000000008012c80       0x88 ./MyCode/oled/spi_oled.o
                0x0000000008012c80                Write_Single_16x32AsicII
 .text.Write_String_16x32AsicII
                0x0000000008012d08       0x7a ./MyCode/oled/spi_oled.o
                0x0000000008012d08                Write_String_16x32AsicII
 *fill*         0x0000000008012d82        0x2 
 .text.Write_Single_12x24AsicII
                0x0000000008012d84       0xc0 ./MyCode/oled/spi_oled.o
                0x0000000008012d84                Write_Single_12x24AsicII
 .text.Write_String_12x24AsicII
                0x0000000008012e44       0x7e ./MyCode/oled/spi_oled.o
                0x0000000008012e44                Write_String_12x24AsicII
 *fill*         0x0000000008012ec2        0x2 
 .text.Display_Main_Interface_Voltage
                0x0000000008012ec4       0xe0 ./MyCode/oled/spi_oled.o
                0x0000000008012ec4                Display_Main_Interface_Voltage
 .text.Display_Main_Interface_Current
                0x0000000008012fa4       0xe0 ./MyCode/oled/spi_oled.o
                0x0000000008012fa4                Display_Main_Interface_Current
 .text.Display_Main_Interface_Power
                0x0000000008013084      0x158 ./MyCode/oled/spi_oled.o
                0x0000000008013084                Display_Main_Interface_Power
 .text.Display_Main_Interface_Lock
                0x00000000080131dc       0x40 ./MyCode/oled/spi_oled.o
 .text.Display_Main_Interface_CV_CC_CP
                0x000000000801321c       0x64 ./MyCode/oled/spi_oled.o
                0x000000000801321c                Display_Main_Interface_CV_CC_CP
 .text.Display_Main_Interface_ON_OFF
                0x0000000008013280       0x40 ./MyCode/oled/spi_oled.o
                0x0000000008013280                Display_Main_Interface_ON_OFF
 .text.Display_Main_Interface_Shift
                0x00000000080132c0       0x48 ./MyCode/oled/spi_oled.o
 .text.Display_Main_Interface_V_set
                0x0000000008013308      0x294 ./MyCode/oled/spi_oled.o
                0x0000000008013308                Display_Main_Interface_V_set
 .text.Display_Main_Interface_I_set
                0x000000000801359c      0x288 ./MyCode/oled/spi_oled.o
                0x000000000801359c                Display_Main_Interface_I_set
 .text.Display_Main_Interface
                0x0000000008013824       0x7c ./MyCode/oled/spi_oled.o
                0x0000000008013824                Display_Main_Interface
 .text.Display_Param_Interface
                0x00000000080138a0       0x80 ./MyCode/oled/spi_oled.o
                0x00000000080138a0                Display_Param_Interface
 .text.Display_Access_Interface_Voltage
                0x0000000008013920       0xfc ./MyCode/oled/spi_oled.o
 .text.Display_Access_Interface_Current
                0x0000000008013a1c       0xfc ./MyCode/oled/spi_oled.o
 .text.Display_Access_Interface_Save
                0x0000000008013b18       0x8c ./MyCode/oled/spi_oled.o
                0x0000000008013b18                Display_Access_Interface_Save
 .text.Display_Access_Interface_Recall
                0x0000000008013ba4       0xd4 ./MyCode/oled/spi_oled.o
                0x0000000008013ba4                Display_Access_Interface_Recall
 .text.Display_Menu_Function_Interface_First_Menu
                0x0000000008013c78       0xc8 ./MyCode/oled/spi_oled.o
                0x0000000008013c78                Display_Menu_Function_Interface_First_Menu
 .text.second_munu_system
                0x0000000008013d40       0x64 ./MyCode/oled/spi_oled.o
 .text.second_munu_slope
                0x0000000008013da4       0x64 ./MyCode/oled/spi_oled.o
 .text.second_munu_RS232
                0x0000000008013e08       0x3c ./MyCode/oled/spi_oled.o
 .text.second_menu_timer
                0x0000000008013e44       0x8c ./MyCode/oled/spi_oled.o
 .text.second_menu_AD
                0x0000000008013ed0      0x1d8 ./MyCode/oled/spi_oled.o
 .text.second_menu_Hard
                0x00000000080140a8       0xc8 ./MyCode/oled/spi_oled.o
 .text.second_menu_Calibration
                0x0000000008014170      0x160 ./MyCode/oled/spi_oled.o
 .text.Display_Menu_Function_Interface_Second_Menu
                0x00000000080142d0       0x80 ./MyCode/oled/spi_oled.o
                0x00000000080142d0                Display_Menu_Function_Interface_Second_Menu
 .text.Display_Protect_Interface
                0x0000000008014350      0x2d0 ./MyCode/oled/spi_oled.o
                0x0000000008014350                Display_Protect_Interface
 .text.Cursor_flash
                0x0000000008014620      0x1b4 ./MyCode/oled/spi_oled.o
                0x0000000008014620                Cursor_flash
 .text.Cursor_flash_off
                0x00000000080147d4       0x6c ./MyCode/oled/spi_oled.o
                0x00000000080147d4                Cursor_flash_off
 .text.Cursor_flash_on
                0x0000000008014840       0x20 ./MyCode/oled/spi_oled.o
                0x0000000008014840                Cursor_flash_on
 .text.Display_Interface
                0x0000000008014860      0x188 ./MyCode/oled/spi_oled.o
                0x0000000008014860                Display_Interface
 .text.__errno  0x00000000080149e8        0xc d:/st/stm32cubeide_1.11.2/stm32cubeide/plugins/com.st.stm32cube.ide.mcu.externaltools.gnu-tools-for-stm32.10.3-2021.10.win32_1.0.100.202210260954/tools/bin/../lib/gcc/arm-none-eabi/10.3.1/../../../../arm-none-eabi/lib/thumb/v6-m/nofp\libc_nano.a(lib_a-errno.o)
                0x00000000080149e8                __errno
 .text.__libc_init_array
                0x00000000080149f4       0x48 d:/st/stm32cubeide_1.11.2/stm32cubeide/plugins/com.st.stm32cube.ide.mcu.externaltools.gnu-tools-for-stm32.10.3-2021.10.win32_1.0.100.202210260954/tools/bin/../lib/gcc/arm-none-eabi/10.3.1/../../../../arm-none-eabi/lib/thumb/v6-m/nofp\libc_nano.a(lib_a-init.o)
                0x00000000080149f4                __libc_init_array
 .text.malloc   0x0000000008014a3c       0x14 d:/st/stm32cubeide_1.11.2/stm32cubeide/plugins/com.st.stm32cube.ide.mcu.externaltools.gnu-tools-for-stm32.10.3-2021.10.win32_1.0.100.202210260954/tools/bin/../lib/gcc/arm-none-eabi/10.3.1/../../../../arm-none-eabi/lib/thumb/v6-m/nofp\libc_nano.a(lib_a-malloc.o)
                0x0000000008014a3c                malloc
 .text.memcpy   0x0000000008014a50       0x12 d:/st/stm32cubeide_1.11.2/stm32cubeide/plugins/com.st.stm32cube.ide.mcu.externaltools.gnu-tools-for-stm32.10.3-2021.10.win32_1.0.100.202210260954/tools/bin/../lib/gcc/arm-none-eabi/10.3.1/../../../../arm-none-eabi/lib/thumb/v6-m/nofp\libc_nano.a(lib_a-memcpy-stub.o)
                0x0000000008014a50                memcpy
 .text.memset   0x0000000008014a62       0x10 d:/st/stm32cubeide_1.11.2/stm32cubeide/plugins/com.st.stm32cube.ide.mcu.externaltools.gnu-tools-for-stm32.10.3-2021.10.win32_1.0.100.202210260954/tools/bin/../lib/gcc/arm-none-eabi/10.3.1/../../../../arm-none-eabi/lib/thumb/v6-m/nofp\libc_nano.a(lib_a-memset.o)
                0x0000000008014a62                memset
 *fill*         0x0000000008014a72        0x2 
 .text._free_r  0x0000000008014a74       0x94 d:/st/stm32cubeide_1.11.2/stm32cubeide/plugins/com.st.stm32cube.ide.mcu.externaltools.gnu-tools-for-stm32.10.3-2021.10.win32_1.0.100.202210260954/tools/bin/../lib/gcc/arm-none-eabi/10.3.1/../../../../arm-none-eabi/lib/thumb/v6-m/nofp\libc_nano.a(lib_a-nano-freer.o)
                0x0000000008014a74                _free_r
 .text.sbrk_aligned
                0x0000000008014b08       0x44 d:/st/stm32cubeide_1.11.2/stm32cubeide/plugins/com.st.stm32cube.ide.mcu.externaltools.gnu-tools-for-stm32.10.3-2021.10.win32_1.0.100.202210260954/tools/bin/../lib/gcc/arm-none-eabi/10.3.1/../../../../arm-none-eabi/lib/thumb/v6-m/nofp\libc_nano.a(lib_a-nano-mallocr.o)
 .text._malloc_r
                0x0000000008014b4c       0xec d:/st/stm32cubeide_1.11.2/stm32cubeide/plugins/com.st.stm32cube.ide.mcu.externaltools.gnu-tools-for-stm32.10.3-2021.10.win32_1.0.100.202210260954/tools/bin/../lib/gcc/arm-none-eabi/10.3.1/../../../../arm-none-eabi/lib/thumb/v6-m/nofp\libc_nano.a(lib_a-nano-mallocr.o)
                0x0000000008014b4c                _malloc_r
 .text.__cvt    0x0000000008014c38       0xc6 d:/st/stm32cubeide_1.11.2/stm32cubeide/plugins/com.st.stm32cube.ide.mcu.externaltools.gnu-tools-for-stm32.10.3-2021.10.win32_1.0.100.202210260954/tools/bin/../lib/gcc/arm-none-eabi/10.3.1/../../../../arm-none-eabi/lib/thumb/v6-m/nofp\libc_nano.a(lib_a-nano-vfprintf_float.o)
                0x0000000008014c38                __cvt
 .text.__exponent
                0x0000000008014cfe       0x8e d:/st/stm32cubeide_1.11.2/stm32cubeide/plugins/com.st.stm32cube.ide.mcu.externaltools.gnu-tools-for-stm32.10.3-2021.10.win32_1.0.100.202210260954/tools/bin/../lib/gcc/arm-none-eabi/10.3.1/../../../../arm-none-eabi/lib/thumb/v6-m/nofp\libc_nano.a(lib_a-nano-vfprintf_float.o)
                0x0000000008014cfe                __exponent
 .text._printf_float
                0x0000000008014d8c      0x484 d:/st/stm32cubeide_1.11.2/stm32cubeide/plugins/com.st.stm32cube.ide.mcu.externaltools.gnu-tools-for-stm32.10.3-2021.10.win32_1.0.100.202210260954/tools/bin/../lib/gcc/arm-none-eabi/10.3.1/../../../../arm-none-eabi/lib/thumb/v6-m/nofp\libc_nano.a(lib_a-nano-vfprintf_float.o)
                0x0000000008014d8c                _printf_float
 .text._printf_common
                0x0000000008015210       0xde d:/st/stm32cubeide_1.11.2/stm32cubeide/plugins/com.st.stm32cube.ide.mcu.externaltools.gnu-tools-for-stm32.10.3-2021.10.win32_1.0.100.202210260954/tools/bin/../lib/gcc/arm-none-eabi/10.3.1/../../../../arm-none-eabi/lib/thumb/v6-m/nofp\libc_nano.a(lib_a-nano-vfprintf_i.o)
                0x0000000008015210                _printf_common
 *fill*         0x00000000080152ee        0x2 
 .text._printf_i
                0x00000000080152f0      0x224 d:/st/stm32cubeide_1.11.2/stm32cubeide/plugins/com.st.stm32cube.ide.mcu.externaltools.gnu-tools-for-stm32.10.3-2021.10.win32_1.0.100.202210260954/tools/bin/../lib/gcc/arm-none-eabi/10.3.1/../../../../arm-none-eabi/lib/thumb/v6-m/nofp\libc_nano.a(lib_a-nano-vfprintf_i.o)
                0x00000000080152f0                _printf_i
 .text._sbrk_r  0x0000000008015514       0x24 d:/st/stm32cubeide_1.11.2/stm32cubeide/plugins/com.st.stm32cube.ide.mcu.externaltools.gnu-tools-for-stm32.10.3-2021.10.win32_1.0.100.202210260954/tools/bin/../lib/gcc/arm-none-eabi/10.3.1/../../../../arm-none-eabi/lib/thumb/v6-m/nofp\libc_nano.a(lib_a-sbrkr.o)
                0x0000000008015514                _sbrk_r
 .text.sprintf  0x0000000008015538       0x40 d:/st/stm32cubeide_1.11.2/stm32cubeide/plugins/com.st.stm32cube.ide.mcu.externaltools.gnu-tools-for-stm32.10.3-2021.10.win32_1.0.100.202210260954/tools/bin/../lib/gcc/arm-none-eabi/10.3.1/../../../../arm-none-eabi/lib/thumb/v6-m/nofp\libc_nano.a(lib_a-sprintf.o)
                0x0000000008015538                siprintf
                0x0000000008015538                sprintf
 .text.quorem   0x0000000008015578      0x116 d:/st/stm32cubeide_1.11.2/stm32cubeide/plugins/com.st.stm32cube.ide.mcu.externaltools.gnu-tools-for-stm32.10.3-2021.10.win32_1.0.100.202210260954/tools/bin/../lib/gcc/arm-none-eabi/10.3.1/../../../../arm-none-eabi/lib/thumb/v6-m/nofp\libc_nano.a(lib_a-dtoa.o)
 *fill*         0x000000000801568e        0x2 
 .text._dtoa_r  0x0000000008015690      0xc34 d:/st/stm32cubeide_1.11.2/stm32cubeide/plugins/com.st.stm32cube.ide.mcu.externaltools.gnu-tools-for-stm32.10.3-2021.10.win32_1.0.100.202210260954/tools/bin/../lib/gcc/arm-none-eabi/10.3.1/../../../../arm-none-eabi/lib/thumb/v6-m/nofp\libc_nano.a(lib_a-dtoa.o)
                0x0000000008015690                _dtoa_r
 .text._localeconv_r
                0x00000000080162c4        0x8 d:/st/stm32cubeide_1.11.2/stm32cubeide/plugins/com.st.stm32cube.ide.mcu.externaltools.gnu-tools-for-stm32.10.3-2021.10.win32_1.0.100.202210260954/tools/bin/../lib/gcc/arm-none-eabi/10.3.1/../../../../arm-none-eabi/lib/thumb/v6-m/nofp\libc_nano.a(lib_a-localeconv.o)
                0x00000000080162c4                _localeconv_r
 .text.memchr   0x00000000080162cc       0x16 d:/st/stm32cubeide_1.11.2/stm32cubeide/plugins/com.st.stm32cube.ide.mcu.externaltools.gnu-tools-for-stm32.10.3-2021.10.win32_1.0.100.202210260954/tools/bin/../lib/gcc/arm-none-eabi/10.3.1/../../../../arm-none-eabi/lib/thumb/v6-m/nofp\libc_nano.a(lib_a-memchr-stub.o)
                0x00000000080162cc                memchr
 *fill*         0x00000000080162e2        0x2 
 .text.__malloc_lock
                0x00000000080162e4       0x10 d:/st/stm32cubeide_1.11.2/stm32cubeide/plugins/com.st.stm32cube.ide.mcu.externaltools.gnu-tools-for-stm32.10.3-2021.10.win32_1.0.100.202210260954/tools/bin/../lib/gcc/arm-none-eabi/10.3.1/../../../../arm-none-eabi/lib/thumb/v6-m/nofp\libc_nano.a(lib_a-mlock.o)
                0x00000000080162e4                __malloc_lock
 .text.__malloc_unlock
                0x00000000080162f4       0x10 d:/st/stm32cubeide_1.11.2/stm32cubeide/plugins/com.st.stm32cube.ide.mcu.externaltools.gnu-tools-for-stm32.10.3-2021.10.win32_1.0.100.202210260954/tools/bin/../lib/gcc/arm-none-eabi/10.3.1/../../../../arm-none-eabi/lib/thumb/v6-m/nofp\libc_nano.a(lib_a-mlock.o)
                0x00000000080162f4                __malloc_unlock
 .text._Balloc  0x0000000008016304       0x88 d:/st/stm32cubeide_1.11.2/stm32cubeide/plugins/com.st.stm32cube.ide.mcu.externaltools.gnu-tools-for-stm32.10.3-2021.10.win32_1.0.100.202210260954/tools/bin/../lib/gcc/arm-none-eabi/10.3.1/../../../../arm-none-eabi/lib/thumb/v6-m/nofp\libc_nano.a(lib_a-mprec.o)
                0x0000000008016304                _Balloc
 .text._Bfree   0x000000000801638c       0x48 d:/st/stm32cubeide_1.11.2/stm32cubeide/plugins/com.st.stm32cube.ide.mcu.externaltools.gnu-tools-for-stm32.10.3-2021.10.win32_1.0.100.202210260954/tools/bin/../lib/gcc/arm-none-eabi/10.3.1/../../../../arm-none-eabi/lib/thumb/v6-m/nofp\libc_nano.a(lib_a-mprec.o)
                0x000000000801638c                _Bfree
 .text.__multadd
                0x00000000080163d4       0x88 d:/st/stm32cubeide_1.11.2/stm32cubeide/plugins/com.st.stm32cube.ide.mcu.externaltools.gnu-tools-for-stm32.10.3-2021.10.win32_1.0.100.202210260954/tools/bin/../lib/gcc/arm-none-eabi/10.3.1/../../../../arm-none-eabi/lib/thumb/v6-m/nofp\libc_nano.a(lib_a-mprec.o)
                0x00000000080163d4                __multadd
 .text.__hi0bits
                0x000000000801645c       0x34 d:/st/stm32cubeide_1.11.2/stm32cubeide/plugins/com.st.stm32cube.ide.mcu.externaltools.gnu-tools-for-stm32.10.3-2021.10.win32_1.0.100.202210260954/tools/bin/../lib/gcc/arm-none-eabi/10.3.1/../../../../arm-none-eabi/lib/thumb/v6-m/nofp\libc_nano.a(lib_a-mprec.o)
                0x000000000801645c                __hi0bits
 .text.__lo0bits
                0x0000000008016490       0x5c d:/st/stm32cubeide_1.11.2/stm32cubeide/plugins/com.st.stm32cube.ide.mcu.externaltools.gnu-tools-for-stm32.10.3-2021.10.win32_1.0.100.202210260954/tools/bin/../lib/gcc/arm-none-eabi/10.3.1/../../../../arm-none-eabi/lib/thumb/v6-m/nofp\libc_nano.a(lib_a-mprec.o)
                0x0000000008016490                __lo0bits
 .text.__i2b    0x00000000080164ec       0x2c d:/st/stm32cubeide_1.11.2/stm32cubeide/plugins/com.st.stm32cube.ide.mcu.externaltools.gnu-tools-for-stm32.10.3-2021.10.win32_1.0.100.202210260954/tools/bin/../lib/gcc/arm-none-eabi/10.3.1/../../../../arm-none-eabi/lib/thumb/v6-m/nofp\libc_nano.a(lib_a-mprec.o)
                0x00000000080164ec                __i2b
 .text.__multiply
                0x0000000008016518      0x160 d:/st/stm32cubeide_1.11.2/stm32cubeide/plugins/com.st.stm32cube.ide.mcu.externaltools.gnu-tools-for-stm32.10.3-2021.10.win32_1.0.100.202210260954/tools/bin/../lib/gcc/arm-none-eabi/10.3.1/../../../../arm-none-eabi/lib/thumb/v6-m/nofp\libc_nano.a(lib_a-mprec.o)
                0x0000000008016518                __multiply
 .text.__pow5mult
                0x0000000008016678       0xb8 d:/st/stm32cubeide_1.11.2/stm32cubeide/plugins/com.st.stm32cube.ide.mcu.externaltools.gnu-tools-for-stm32.10.3-2021.10.win32_1.0.100.202210260954/tools/bin/../lib/gcc/arm-none-eabi/10.3.1/../../../../arm-none-eabi/lib/thumb/v6-m/nofp\libc_nano.a(lib_a-mprec.o)
                0x0000000008016678                __pow5mult
 .text.__lshift
                0x0000000008016730       0xdc d:/st/stm32cubeide_1.11.2/stm32cubeide/plugins/com.st.stm32cube.ide.mcu.externaltools.gnu-tools-for-stm32.10.3-2021.10.win32_1.0.100.202210260954/tools/bin/../lib/gcc/arm-none-eabi/10.3.1/../../../../arm-none-eabi/lib/thumb/v6-m/nofp\libc_nano.a(lib_a-mprec.o)
                0x0000000008016730                __lshift
 .text.__mcmp   0x000000000801680c       0x36 d:/st/stm32cubeide_1.11.2/stm32cubeide/plugins/com.st.stm32cube.ide.mcu.externaltools.gnu-tools-for-stm32.10.3-2021.10.win32_1.0.100.202210260954/tools/bin/../lib/gcc/arm-none-eabi/10.3.1/../../../../arm-none-eabi/lib/thumb/v6-m/nofp\libc_nano.a(lib_a-mprec.o)
                0x000000000801680c                __mcmp
 *fill*         0x0000000008016842        0x2 
 .text.__mdiff  0x0000000008016844      0x130 d:/st/stm32cubeide_1.11.2/stm32cubeide/plugins/com.st.stm32cube.ide.mcu.externaltools.gnu-tools-for-stm32.10.3-2021.10.win32_1.0.100.202210260954/tools/bin/../lib/gcc/arm-none-eabi/10.3.1/../../../../arm-none-eabi/lib/thumb/v6-m/nofp\libc_nano.a(lib_a-mprec.o)
                0x0000000008016844                __mdiff
 .text.__d2b    0x0000000008016974       0xc8 d:/st/stm32cubeide_1.11.2/stm32cubeide/plugins/com.st.stm32cube.ide.mcu.externaltools.gnu-tools-for-stm32.10.3-2021.10.win32_1.0.100.202210260954/tools/bin/../lib/gcc/arm-none-eabi/10.3.1/../../../../arm-none-eabi/lib/thumb/v6-m/nofp\libc_nano.a(lib_a-mprec.o)
                0x0000000008016974                __d2b
 .text._calloc_r
                0x0000000008016a3c       0x58 d:/st/stm32cubeide_1.11.2/stm32cubeide/plugins/com.st.stm32cube.ide.mcu.externaltools.gnu-tools-for-stm32.10.3-2021.10.win32_1.0.100.202210260954/tools/bin/../lib/gcc/arm-none-eabi/10.3.1/../../../../arm-none-eabi/lib/thumb/v6-m/nofp\libc_nano.a(lib_a-nano-callocr.o)
                0x0000000008016a3c                _calloc_r
 .text.__ssputs_r
                0x0000000008016a94       0xc4 d:/st/stm32cubeide_1.11.2/stm32cubeide/plugins/com.st.stm32cube.ide.mcu.externaltools.gnu-tools-for-stm32.10.3-2021.10.win32_1.0.100.202210260954/tools/bin/../lib/gcc/arm-none-eabi/10.3.1/../../../../arm-none-eabi/lib/thumb/v6-m/nofp\libc_nano.a(lib_a-nano-svfprintf.o)
                0x0000000008016a94                __ssputs_r
 .text._svfprintf_r
                0x0000000008016b58      0x200 d:/st/stm32cubeide_1.11.2/stm32cubeide/plugins/com.st.stm32cube.ide.mcu.externaltools.gnu-tools-for-stm32.10.3-2021.10.win32_1.0.100.202210260954/tools/bin/../lib/gcc/arm-none-eabi/10.3.1/../../../../arm-none-eabi/lib/thumb/v6-m/nofp\libc_nano.a(lib_a-nano-svfprintf.o)
                0x0000000008016b58                _svfiprintf_r
                0x0000000008016b58                _svfprintf_r
 .text.__assert_func
                0x0000000008016d58       0x3c d:/st/stm32cubeide_1.11.2/stm32cubeide/plugins/com.st.stm32cube.ide.mcu.externaltools.gnu-tools-for-stm32.10.3-2021.10.win32_1.0.100.202210260954/tools/bin/../lib/gcc/arm-none-eabi/10.3.1/../../../../arm-none-eabi/lib/thumb/v6-m/nofp\libc_nano.a(lib_a-assert.o)
                0x0000000008016d58                __assert_func
 .text.fprintf  0x0000000008016d94       0x20 d:/st/stm32cubeide_1.11.2/stm32cubeide/plugins/com.st.stm32cube.ide.mcu.externaltools.gnu-tools-for-stm32.10.3-2021.10.win32_1.0.100.202210260954/tools/bin/../lib/gcc/arm-none-eabi/10.3.1/../../../../arm-none-eabi/lib/thumb/v6-m/nofp\libc_nano.a(lib_a-fprintf.o)
                0x0000000008016d94                fiprintf
                0x0000000008016d94                fprintf
 .text.__retarget_lock_init_recursive
                0x0000000008016db4        0x2 d:/st/stm32cubeide_1.11.2/stm32cubeide/plugins/com.st.stm32cube.ide.mcu.externaltools.gnu-tools-for-stm32.10.3-2021.10.win32_1.0.100.202210260954/tools/bin/../lib/gcc/arm-none-eabi/10.3.1/../../../../arm-none-eabi/lib/thumb/v6-m/nofp\libc_nano.a(lib_a-lock.o)
                0x0000000008016db4                __retarget_lock_init_recursive
 .text.__retarget_lock_acquire_recursive
                0x0000000008016db6        0x2 d:/st/stm32cubeide_1.11.2/stm32cubeide/plugins/com.st.stm32cube.ide.mcu.externaltools.gnu-tools-for-stm32.10.3-2021.10.win32_1.0.100.202210260954/tools/bin/../lib/gcc/arm-none-eabi/10.3.1/../../../../arm-none-eabi/lib/thumb/v6-m/nofp\libc_nano.a(lib_a-lock.o)
                0x0000000008016db6                __retarget_lock_acquire_recursive
 .text.__retarget_lock_release_recursive
                0x0000000008016db8        0x2 d:/st/stm32cubeide_1.11.2/stm32cubeide/plugins/com.st.stm32cube.ide.mcu.externaltools.gnu-tools-for-stm32.10.3-2021.10.win32_1.0.100.202210260954/tools/bin/../lib/gcc/arm-none-eabi/10.3.1/../../../../arm-none-eabi/lib/thumb/v6-m/nofp\libc_nano.a(lib_a-lock.o)
                0x0000000008016db8                __retarget_lock_release_recursive
 .text.__ascii_mbtowc
                0x0000000008016dba       0x24 d:/st/stm32cubeide_1.11.2/stm32cubeide/plugins/com.st.stm32cube.ide.mcu.externaltools.gnu-tools-for-stm32.10.3-2021.10.win32_1.0.100.202210260954/tools/bin/../lib/gcc/arm-none-eabi/10.3.1/../../../../arm-none-eabi/lib/thumb/v6-m/nofp\libc_nano.a(lib_a-mbtowc_r.o)
                0x0000000008016dba                __ascii_mbtowc
 .text.memmove  0x0000000008016dde       0x26 d:/st/stm32cubeide_1.11.2/stm32cubeide/plugins/com.st.stm32cube.ide.mcu.externaltools.gnu-tools-for-stm32.10.3-2021.10.win32_1.0.100.202210260954/tools/bin/../lib/gcc/arm-none-eabi/10.3.1/../../../../arm-none-eabi/lib/thumb/v6-m/nofp\libc_nano.a(lib_a-memmove.o)
                0x0000000008016dde                memmove
 .text._realloc_r
                0x0000000008016e04       0x5e d:/st/stm32cubeide_1.11.2/stm32cubeide/plugins/com.st.stm32cube.ide.mcu.externaltools.gnu-tools-for-stm32.10.3-2021.10.win32_1.0.100.202210260954/tools/bin/../lib/gcc/arm-none-eabi/10.3.1/../../../../arm-none-eabi/lib/thumb/v6-m/nofp\libc_nano.a(lib_a-nano-reallocr.o)
                0x0000000008016e04                _realloc_r
 .text.__sfputc_r
                0x0000000008016e62       0x2a d:/st/stm32cubeide_1.11.2/stm32cubeide/plugins/com.st.stm32cube.ide.mcu.externaltools.gnu-tools-for-stm32.10.3-2021.10.win32_1.0.100.202210260954/tools/bin/../lib/gcc/arm-none-eabi/10.3.1/../../../../arm-none-eabi/lib/thumb/v6-m/nofp\libc_nano.a(lib_a-nano-vfprintf.o)
 .text.__sfputs_r
                0x0000000008016e8c       0x24 d:/st/stm32cubeide_1.11.2/stm32cubeide/plugins/com.st.stm32cube.ide.mcu.externaltools.gnu-tools-for-stm32.10.3-2021.10.win32_1.0.100.202210260954/tools/bin/../lib/gcc/arm-none-eabi/10.3.1/../../../../arm-none-eabi/lib/thumb/v6-m/nofp\libc_nano.a(lib_a-nano-vfprintf.o)
                0x0000000008016e8c                __sfputs_r
 .text._vfprintf_r
                0x0000000008016eb0      0x274 d:/st/stm32cubeide_1.11.2/stm32cubeide/plugins/com.st.stm32cube.ide.mcu.externaltools.gnu-tools-for-stm32.10.3-2021.10.win32_1.0.100.202210260954/tools/bin/../lib/gcc/arm-none-eabi/10.3.1/../../../../arm-none-eabi/lib/thumb/v6-m/nofp\libc_nano.a(lib_a-nano-vfprintf.o)
                0x0000000008016eb0                _vfprintf_r
                0x0000000008016eb0                _vfiprintf_r
 .text.__swbuf_r
                0x0000000008017124       0xac d:/st/stm32cubeide_1.11.2/stm32cubeide/plugins/com.st.stm32cube.ide.mcu.externaltools.gnu-tools-for-stm32.10.3-2021.10.win32_1.0.100.202210260954/tools/bin/../lib/gcc/arm-none-eabi/10.3.1/../../../../arm-none-eabi/lib/thumb/v6-m/nofp\libc_nano.a(lib_a-wbuf.o)
                0x0000000008017124                __swbuf_r
 .text.__ascii_wctomb
                0x00000000080171d0       0x1a d:/st/stm32cubeide_1.11.2/stm32cubeide/plugins/com.st.stm32cube.ide.mcu.externaltools.gnu-tools-for-stm32.10.3-2021.10.win32_1.0.100.202210260954/tools/bin/../lib/gcc/arm-none-eabi/10.3.1/../../../../arm-none-eabi/lib/thumb/v6-m/nofp\libc_nano.a(lib_a-wctomb_r.o)
                0x00000000080171d0                __ascii_wctomb
 *fill*         0x00000000080171ea        0x2 
 .text.__swsetup_r
                0x00000000080171ec       0xf0 d:/st/stm32cubeide_1.11.2/stm32cubeide/plugins/com.st.stm32cube.ide.mcu.externaltools.gnu-tools-for-stm32.10.3-2021.10.win32_1.0.100.202210260954/tools/bin/../lib/gcc/arm-none-eabi/10.3.1/../../../../arm-none-eabi/lib/thumb/v6-m/nofp\libc_nano.a(lib_a-wsetup.o)
                0x00000000080171ec                __swsetup_r
 .text.abort    0x00000000080172dc        0xe d:/st/stm32cubeide_1.11.2/stm32cubeide/plugins/com.st.stm32cube.ide.mcu.externaltools.gnu-tools-for-stm32.10.3-2021.10.win32_1.0.100.202210260954/tools/bin/../lib/gcc/arm-none-eabi/10.3.1/../../../../arm-none-eabi/lib/thumb/v6-m/nofp\libc_nano.a(lib_a-abort.o)
                0x00000000080172dc                abort
 *fill*         0x00000000080172ea        0x2 
 .text.__sflush_r
                0x00000000080172ec      0x118 d:/st/stm32cubeide_1.11.2/stm32cubeide/plugins/com.st.stm32cube.ide.mcu.externaltools.gnu-tools-for-stm32.10.3-2021.10.win32_1.0.100.202210260954/tools/bin/../lib/gcc/arm-none-eabi/10.3.1/../../../../arm-none-eabi/lib/thumb/v6-m/nofp\libc_nano.a(lib_a-fflush.o)
                0x00000000080172ec                __sflush_r
 .text._fflush_r
                0x0000000008017404       0x80 d:/st/stm32cubeide_1.11.2/stm32cubeide/plugins/com.st.stm32cube.ide.mcu.externaltools.gnu-tools-for-stm32.10.3-2021.10.win32_1.0.100.202210260954/tools/bin/../lib/gcc/arm-none-eabi/10.3.1/../../../../arm-none-eabi/lib/thumb/v6-m/nofp\libc_nano.a(lib_a-fflush.o)
                0x0000000008017404                _fflush_r
 .text.std      0x0000000008017484       0x48 d:/st/stm32cubeide_1.11.2/stm32cubeide/plugins/com.st.stm32cube.ide.mcu.externaltools.gnu-tools-for-stm32.10.3-2021.10.win32_1.0.100.202210260954/tools/bin/../lib/gcc/arm-none-eabi/10.3.1/../../../../arm-none-eabi/lib/thumb/v6-m/nofp\libc_nano.a(lib_a-findfp.o)
 .text._cleanup_r