../MyCode/oled/spi_oled.c:66:6:SPI_OLED_SendData	16	static
../MyCode/oled/spi_oled.c:81:6:SPI_OLED_SendData_Long	16	static
../MyCode/oled/spi_oled.c:101:6:SPI_OLED_SendCommond	16	static
../MyCode/oled/spi_oled.c:116:6:OLED_Init	8	static
../MyCode/oled/spi_oled.c:225:6:Font_1Bit_To_4Bit	48	static
../MyCode/oled/spi_oled.c:268:13:_1Bit_To_4Bit_16x32	304	static
../MyCode/oled/spi_oled.c:316:13:_1Bit_To_4Bit_8x16	112	static
../MyCode/oled/spi_oled.c:368:6:Font_1Bit_To_4Bit_12x24	72	static
../MyCode/oled/spi_oled.c:438:6:Set_Column_Address	16	static
../MyCode/oled/spi_oled.c:451:6:Set_Row_Address	16	static
../MyCode/oled/spi_oled.c:463:6:Set_WriteData	8	static
../MyCode/oled/spi_oled.c:473:6:Set_Remap_Format	16	static
../MyCode/oled/spi_oled.c:485:6:Fill_RAM	24	static
../MyCode/oled/spi_oled.c:507:6:Clear_Screen	8200	static
../MyCode/oled/spi_oled.c:537:6:Row_Interval	24	static
../MyCode/oled/spi_oled.c:568:6:Point_Interval	24	static
../MyCode/oled/spi_oled.c:624:14:myStrncpy	32	static
../MyCode/oled/spi_oled.c:645:6:Write_Single_8x16AsicII	32	static
../MyCode/oled/spi_oled.c:669:6:Write_String_8x16AsicII	32	static
../MyCode/oled/spi_oled.c:686:6:Write_Single_16x16Chinese	32	static
../MyCode/oled/spi_oled.c:713:6:Write_String_16x16Chinese	40	static
../MyCode/oled/spi_oled.c:750:6:Write_Single_16x32AsicII	32	static
../MyCode/oled/spi_oled.c:776:6:Write_String_16x32AsicII	32	static
../MyCode/oled/spi_oled.c:793:6:Write_Single_12x24AsicII	32	static
../MyCode/oled/spi_oled.c:822:6:Write_String_12x24AsicII	32	static
../MyCode/oled/spi_oled.c:845:6:Display_Horizontal_Line	32	static
../MyCode/oled/spi_oled.c:870:6:Display_Vertical_Line_1	32	static
../MyCode/oled/spi_oled.c:895:6:Display_Vertical_Line_2	32	static
../MyCode/oled/spi_oled.c:920:6:Display_Vertical_Line_3	32	static
../MyCode/oled/spi_oled.c:945:6:Display_Vertical_Line_4	32	static
../MyCode/oled/spi_oled.c:971:6:Display_Rectangular	24	static
../MyCode/oled/spi_oled.c:984:6:Dsiplay_Solid_Rectangular	32	static
../MyCode/oled/spi_oled.c:1012:6:Display_Main_Interface_Voltage	32	static
../MyCode/oled/spi_oled.c:1041:6:Display_Main_Interface_Current	32	static
../MyCode/oled/spi_oled.c:1067:6:Display_Main_Interface_Power	40	static
../MyCode/oled/spi_oled.c:1110:13:Display_Main_Interface_Lock	16	static
../MyCode/oled/spi_oled.c:1138:6:Display_Main_Interface_CV_CC_CP	24	static
../MyCode/oled/spi_oled.c:1168:6:Display_Main_Interface_ON_OFF	16	static
../MyCode/oled/spi_oled.c:1185:13:Display_Main_Interface_Shift	16	static
../MyCode/oled/spi_oled.c:1201:6:Display_Main_Interface_CYCLE_DELAY	16	static
../MyCode/oled/spi_oled.c:1240:6:Display_Main_Interface_V_set	24	static
../MyCode/oled/spi_oled.c:1330:6:Display_Main_Interface_I_set	24	static
../MyCode/oled/spi_oled.c:1422:6:Display_Main_Interface	24	static
../MyCode/oled/spi_oled.c:1449:6:Display_Param_Interface	24	static
../MyCode/oled/spi_oled.c:1467:13:Display_Access_Interface_Voltage	32	static
../MyCode/oled/spi_oled.c:1502:13:Display_Access_Interface_Current	32	static
../MyCode/oled/spi_oled.c:1539:6:Display_Access_Interface_default	16	static
../MyCode/oled/spi_oled.c:1563:6:Display_Access_Interface_Save	16	static
../MyCode/oled/spi_oled.c:1585:6:Display_Access_Interface_Recall	16	static
../MyCode/oled/spi_oled.c:1616:6:Display_Menu_Function_Interface_First_Menu	16	static
../MyCode/oled/spi_oled.c:1667:13:second_munu_system	16	static
../MyCode/oled/spi_oled.c:1691:13:second_munu_slope	16	static
../MyCode/oled/spi_oled.c:1709:13:second_munu_RS232	16	static
../MyCode/oled/spi_oled.c:1718:13:second_menu_timer	16	static
../MyCode/oled/spi_oled.c:1740:13:second_menu_AD	48	static
../MyCode/oled/spi_oled.c:1791:13:second_menu_Hard	16	static
../MyCode/oled/spi_oled.c:1824:13:second_menu_Calibration	16	static
../MyCode/oled/spi_oled.c:1890:6:Display_Menu_Function_Interface_Second_Menu	16	static
../MyCode/oled/spi_oled.c:1951:6:Display_Protect_Interface	24	static
../MyCode/oled/spi_oled.c:2066:6:Display_RS232_ID	16	static
../MyCode/oled/spi_oled.c:2085:6:Display_RS232_BaudRate	16	static
../MyCode/oled/spi_oled.c:2124:6:Display_Oled_V_Rate	8	static
../MyCode/oled/spi_oled.c:2147:6:Display_Oled_I_Rate	8	static
../MyCode/oled/spi_oled.c:2168:6:Cursor_flash	2072	static
../MyCode/oled/spi_oled.c:2221:6:Cursor_flash_off	16	static
../MyCode/oled/spi_oled.c:2234:6:Cursor_flash_on	8	static
../MyCode/oled/spi_oled.c:2248:6:Display_Interface	32	static
