../Core/Src/stm32g0xx_it.c:85:6:NMI_Handler	8	static
../Core/Src/stm32g0xx_it.c:100:6:HardFault_Handler	8	static
../Core/Src/stm32g0xx_it.c:115:6:SVC_Handler	8	static
../Core/Src/stm32g0xx_it.c:128:6:PendSV_Handler	8	static
../Core/Src/stm32g0xx_it.c:141:6:SysTick_Handler	8	static
../Core/Src/stm32g0xx_it.c:162:6:DMA1_Channel1_IRQHandler	8	static
../Core/Src/stm32g0xx_it.c:176:6:DMA1_Channel2_3_IRQHandler	8	static
../Core/Src/stm32g0xx_it.c:190:6:DMA1_Ch4_7_DMAMUX1_OVR_IRQHandler	8	static
../Core/Src/stm32g0xx_it.c:205:6:ADC1_IRQHandler	8	static
../Core/Src/stm32g0xx_it.c:219:6:TIM1_BRK_UP_TRG_COM_IRQHandler	8	static
../Core/Src/stm32g0xx_it.c:233:6:TIM3_IRQHandler	8	static
../Core/Src/stm32g0xx_it.c:247:6:TIM6_IRQHandler	8	static
../Core/Src/stm32g0xx_it.c:261:6:TIM7_IRQHandler	8	static
../Core/Src/stm32g0xx_it.c:276:6:TIM14_IRQHandler	8	static
../Core/Src/stm32g0xx_it.c:290:6:TIM16_IRQHandler	8	static
../Core/Src/stm32g0xx_it.c:305:6:TIM17_IRQHandler	8	static
../Core/Src/stm32g0xx_it.c:320:6:USART1_IRQHandler	8	static
../Core/Src/stm32g0xx_it.c:334:6:USART2_IRQHandler	8	static
