../Core/Src/tim.c:38:6:MX_TIM1_Init	40	static
../Core/Src/tim.c:82:6:MX_TIM3_Init	64	static
../Core/Src/tim.c:128:6:MX_TIM6_Init	24	static
../Core/Src/tim.c:161:6:MX_TIM7_Init	24	static
../Core/Src/tim.c:196:6:MX_TIM14_Init	8	static
../Core/Src/tim.c:223:6:MX_TIM15_Init	120	static
../Core/Src/tim.c:302:6:MX_TIM16_Init	8	static
../Core/Src/tim.c:331:6:MX_TIM17_Init	8	static
../Core/Src/tim.c:360:6:HAL_TIM_Base_MspInit	48	static
../Core/Src/tim.c:466:6:HAL_TIM_Encoder_MspInit	56	static
../Core/Src/tim.c:498:6:HAL_TIM_MspPostInit	48	static
../Core/Src/tim.c:527:6:HAL_TIM_Base_MspDeInit	16	static
../Core/Src/tim.c:627:6:HAL_TIM_Encoder_MspDeInit	16	static
../Core/Src/tim.c:654:6:HAL_TIM_PeriodElapsedCallback	16	static
