../Drivers/CMSIS/Include/core_cm0plus.h:985:34:__NVIC_SystemReset	8	static,ignoring_inline_asm
../MyCode/KEY/key.c:46:7:String_To_Float	48	static
../MyCode/KEY/key.c:96:13:Keys_Input_Password_Set	16	static
../MyCode/KEY/key.c:134:13:Keys_Input_Set_Voltage	16	static
../MyCode/KEY/key.c:182:13:Keys_Input_Set_Current	16	static
../MyCode/KEY/key.c:233:13:Keys_Input_Set_V_Rate	16	static
../MyCode/KEY/key.c:272:13:Keys_Input_Set_I_Rate	16	static
../MyCode/KEY/key.c:311:13:Keys_Input_RS232	16	static
../MyCode/KEY/key.c:342:13:Keys_Input_Cycle	16	static
../MyCode/KEY/key.c:437:13:Keys_Input_Delay	16	static
../MyCode/KEY/key.c:486:13:Keys_Input_Recall_Save	16	static
../MyCode/KEY/key.c:513:6:key_num_handle	32	static
../MyCode/KEY/key.c:533:6:Key_Decimal_Point	8	static
../MyCode/KEY/key.c:561:6:Key_V_set	32	static
../MyCode/KEY/key.c:607:6:Key_I_set	32	static
../MyCode/KEY/key.c:655:6:Key_Enter	24	static
../MyCode/KEY/key.c:1079:6:Key_Shift	8	static
../MyCode/KEY/key.c:1101:6:Key_ESC	8	static
../MyCode/KEY/key.c:1296:6:Key_Up	8	static
../MyCode/KEY/key.c:1464:6:Key_Down	8	static
../MyCode/KEY/key.c:1611:6:Key_ON_OFF	8	static
../MyCode/KEY/key.c:1652:6:Key_Preset_Lock	32	static
../MyCode/KEY/key.c:1713:6:Key_Recall_Save	8	static
../MyCode/KEY/key.c:1739:6:KEY_CHECK	16	static
../MyCode/KEY/key.c:1769:6:Keys_Handler	16	static
