../Drivers/CMSIS/Include/core_cm0plus.h:985:34:__NVIC_SystemReset	8	static,ignoring_inline_asm
../MyCode/KEY/newkey.c:57:7:String_to_float	48	static
../MyCode/KEY/newkey.c:133:7:String_To_Float	48	static
../MyCode/KEY/newkey.c:223:13:Keys_Input_Set_Voltage	16	static
../MyCode/KEY/newkey.c:258:13:Keys_Input_Set_Current	16	static
../MyCode/KEY/newkey.c:291:13:Keys_Input_Set_V_Rate	16	static
../MyCode/KEY/newkey.c:338:13:Keys_Input_Set_I_Rate	16	static
../MyCode/KEY/newkey.c:383:13:Keys_Input_RS232	16	static
../MyCode/KEY/newkey.c:415:13:Keys_Input_Cycle	16	static
../MyCode/KEY/newkey.c:487:13:Keys_Input_Delay	16	static
../MyCode/KEY/newkey.c:522:13:Keys_Input_Save	16	static
../MyCode/KEY/newkey.c:589:13:Keys_Input_Recall	16	static
../MyCode/KEY/newkey.c:601:13:Keys_Input_Password	16	static
../MyCode/KEY/newkey.c:619:13:Keys_Input_Calibration_Voltage	16	static
../MyCode/KEY/newkey.c:654:13:Keys_Input_Calibration_Current	16	static
../MyCode/KEY/newkey.c:696:6:key_num_handle	32	static
../MyCode/KEY/newkey.c:738:6:Key_V_set	32	static
../MyCode/KEY/newkey.c:862:6:Key_I_set	32	static
../MyCode/KEY/newkey.c:985:13:enter_second_menu	8	static
../MyCode/KEY/newkey.c:1022:13:ISET_enter	8	static
../MyCode/KEY/newkey.c:1069:13:VSET_enter	8	static
../MyCode/KEY/newkey.c:1117:13:Password_enter	16	static
../MyCode/KEY/newkey.c:1148:13:IRateSET_enter	8	static
../MyCode/KEY/newkey.c:1162:13:VRateSET_enter	8	static
../MyCode/KEY/newkey.c:1175:13:Save_enter	16	static
../MyCode/KEY/newkey.c:1198:13:Load_enter	16	static
../MyCode/KEY/newkey.c:1221:13:Delay_enter	8	static
../MyCode/KEY/newkey.c:1243:13:Cycle_enter	8	static
../MyCode/KEY/newkey.c:1293:13:Reset_enter	8	static
../MyCode/KEY/newkey.c:1324:13:Frq_enter	8	static
../MyCode/KEY/newkey.c:1329:13:Sample_show_enter	8	static
../MyCode/KEY/newkey.c:1351:6:Key_Enter	16	static
../MyCode/KEY/newkey.c:1508:6:Key_Shift	8	static
../MyCode/KEY/newkey.c:1596:6:Key_ON_OFF	8	static
../MyCode/KEY/newkey.c:1630:6:Key_Preset_Lock	8	static
../MyCode/KEY/newkey.c:1665:6:Key_Recall_Save	8	static
../MyCode/KEY/newkey.c:1702:6:Key_Up	8	static
../MyCode/KEY/newkey.c:1809:6:Key_Down	8	static
../MyCode/KEY/newkey.c:1930:6:Key_ESC	8	static
../MyCode/KEY/newkey.c:2008:6:key_scan	16	static
../MyCode/KEY/newkey.c:2134:6:KEY_Handle	8	static
