../Drivers/CMSIS/Include/core_cm0plus.h:985:34:__NVIC_SystemReset	8	static,ignoring_inline_asm
../MyCode/KEY/newkey.c:63:7:String_to_float	40	static
../MyCode/KEY/newkey.c:118:7:String_To_Float	48	static
../MyCode/KEY/newkey.c:208:13:Keys_Input_Set_Voltage	16	static
../MyCode/KEY/newkey.c:243:13:Keys_Input_Set_Current	16	static
../MyCode/KEY/newkey.c:276:13:Keys_Input_Set_V_Rate	16	static
../MyCode/KEY/newkey.c:323:13:Keys_Input_Set_I_Rate	16	static
../MyCode/KEY/newkey.c:368:13:Keys_Input_RS232	16	static
../MyCode/KEY/newkey.c:400:13:Keys_Input_Cycle	16	static
../MyCode/KEY/newkey.c:472:13:Keys_Input_Delay	16	static
../MyCode/KEY/newkey.c:507:13:Keys_Input_Save	16	static
../MyCode/KEY/newkey.c:574:13:Keys_Input_Recall	16	static
../MyCode/KEY/newkey.c:586:13:Keys_Input_Password	16	static
../MyCode/KEY/newkey.c:604:13:Keys_Input_Calibration_Voltage	16	static
../MyCode/KEY/newkey.c:639:13:Keys_Input_Calibration_Current	16	static
../MyCode/KEY/newkey.c:681:6:key_num_handle	32	static
../MyCode/KEY/newkey.c:723:6:Key_V_set	32	static
../MyCode/KEY/newkey.c:847:6:Key_I_set	32	static
../MyCode/KEY/newkey.c:969:13:enter_second_menu	8	static
../MyCode/KEY/newkey.c:1006:13:ISET_enter	8	static
../MyCode/KEY/newkey.c:1053:13:VSET_enter	8	static
../MyCode/KEY/newkey.c:1102:13:Password_enter	16	static
../MyCode/KEY/newkey.c:1133:13:IRateSET_enter	8	static
../MyCode/KEY/newkey.c:1147:13:VRateSET_enter	8	static
../MyCode/KEY/newkey.c:1160:13:Save_enter	16	static
../MyCode/KEY/newkey.c:1183:13:Load_enter	16	static
../MyCode/KEY/newkey.c:1213:13:Delay_enter	8	static
../MyCode/KEY/newkey.c:1239:13:Cycle_enter	8	static
../MyCode/KEY/newkey.c:1292:13:Reset_enter	8	static
../MyCode/KEY/newkey.c:1307:13:Frq_enter	8	static
../MyCode/KEY/newkey.c:1320:13:Sample_show_enter	8	static
../MyCode/KEY/newkey.c:1342:6:Key_Enter	16	static
../MyCode/KEY/newkey.c:1485:6:Key_Shift	8	static
../MyCode/KEY/newkey.c:1505:6:Key_ON_OFF	8	static
../MyCode/KEY/newkey.c:1570:6:Key_Preset_Lock	8	static
../MyCode/KEY/newkey.c:1604:6:Key_Recall_Save	8	static
../MyCode/KEY/newkey.c:1641:6:Key_Up	8	static
../MyCode/KEY/newkey.c:1744:6:Key_Down	8	static
../MyCode/KEY/newkey.c:1865:6:Key_ESC	8	static
../MyCode/KEY/newkey.c:1942:6:key_scan	16	static
../MyCode/KEY/newkey.c:2068:6:KEY_Handle	8	static
