../Drivers/CMSIS/Include/core_cm0plus.h:985:34:__NVIC_SystemReset	8	static,ignoring_inline_asm
../MyCode/KEY/newkey.c:67:7:String_To_Float	48	static
../MyCode/KEY/newkey.c:157:13:Keys_Input_Set_Voltage	16	static
../MyCode/KEY/newkey.c:197:13:Keys_Input_Set_Current	16	static
../MyCode/KEY/newkey.c:236:13:Keys_Input_Set_V_Rate	16	static
../MyCode/KEY/newkey.c:287:13:Keys_Input_Set_I_Rate	16	static
../MyCode/KEY/newkey.c:335:13:Keys_Input_RS232	16	static
../MyCode/KEY/newkey.c:366:13:Keys_Input_Cycle	16	static
../MyCode/KEY/newkey.c:436:13:Keys_Input_Delay	16	static
../MyCode/KEY/newkey.c:470:13:Keys_Input_Save	16	static
../MyCode/KEY/newkey.c:518:13:Keys_Input_Recall	16	static
../MyCode/KEY/newkey.c:530:13:Keys_Input_Password	16	static
../MyCode/KEY/newkey.c:548:13:Keys_Input_Calibration_Voltage	16	static
../MyCode/KEY/newkey.c:582:13:Keys_Input_Calibration_Current	16	static
../MyCode/KEY/newkey.c:623:6:key_num_handle	32	static
../MyCode/KEY/newkey.c:665:6:Key_V_set	32	static
../MyCode/KEY/newkey.c:789:6:Key_I_set	32	static
../MyCode/KEY/newkey.c:911:13:enter_second_menu	8	static
../MyCode/KEY/newkey.c:948:13:ISET_enter	8	static
../MyCode/KEY/newkey.c:997:13:VSET_enter	8	static
../MyCode/KEY/newkey.c:1036:13:Password_enter	16	static
../MyCode/KEY/newkey.c:1067:13:IRateSET_enter	8	static
../MyCode/KEY/newkey.c:1081:13:VRateSET_enter	8	static
../MyCode/KEY/newkey.c:1094:13:Save_enter	16	static
../MyCode/KEY/newkey.c:1108:13:Load_enter	16	static
../MyCode/KEY/newkey.c:1138:13:Delay_enter	8	static
../MyCode/KEY/newkey.c:1164:13:Cycle_enter	8	static
../MyCode/KEY/newkey.c:1217:13:Reset_enter	8	static
../MyCode/KEY/newkey.c:1232:13:Frq_enter	8	static
../MyCode/KEY/newkey.c:1245:13:Sample_show_enter	8	static
../MyCode/KEY/newkey.c:1267:6:Key_Enter	16	static
../MyCode/KEY/newkey.c:1410:6:Key_Shift	8	static
../MyCode/KEY/newkey.c:1430:6:Key_ON_OFF	8	static
../MyCode/KEY/newkey.c:1495:6:Key_Preset_Lock	8	static
../MyCode/KEY/newkey.c:1529:6:Key_Recall_Save	8	static
../MyCode/KEY/newkey.c:1566:6:Key_Up	8	static
../MyCode/KEY/newkey.c:1669:6:Key_Down	8	static
../MyCode/KEY/newkey.c:1790:6:Key_ESC	8	static
../MyCode/KEY/newkey.c:1867:6:key_scan	16	static
../MyCode/KEY/newkey.c:1993:6:KEY_Handle	8	static
