../MyCode/ENCODER/ENCODER.c:3:13:First_menu_data_Refresh	8	static
../MyCode/ENCODER/ENCODER.c:10:13:Calibration_V_data_Refresh	8	static
../MyCode/ENCODER/ENCODER.c:100:13:Calibration_I_data_Refresh	8	static
../MyCode/ENCODER/ENCODER.c:188:13:Vset_data_Refresh	8	static
../MyCode/ENCODER/ENCODER.c:283:13:Iset_data_Refresh	8	static
../MyCode/ENCODER/ENCODER.c:381:13:VRate_data_Refresh	8	static
../MyCode/ENCODER/ENCODER.c:519:13:IRate_data_Refresh	8	static
../MyCode/ENCODER/ENCODER.c:554:13:Save_data_Refresh	8	static
../MyCode/ENCODER/ENCODER.c:617:13:Recall_data_Refresh	8	static
../MyCode/ENCODER/ENCODER.c:624:13:Timer_data_Refresh	8	static
../MyCode/ENCODER/ENCODER.c:649:13:Light_data_Refresh	8	static
../MyCode/ENCODER/ENCODER.c:657:13:FAN_data_Refresh	16	static
../MyCode/ENCODER/ENCODER.c:673:13:enter_action	8	static
../MyCode/ENCODER/ENCODER.c:814:6:Encoder_Data_refresh	8	static
../MyCode/ENCODER/ENCODER.c:943:6:Encoder_Enter_Handle	8	static
