../MyCode/ENCODER/ENCODER.c:3:13:First_menu_data_Refresh	8	static
../MyCode/ENCODER/ENCODER.c:10:13:Calibration_V_data_Refresh	8	static
../MyCode/ENCODER/ENCODER.c:100:13:Calibration_I_data_Refresh	8	static
../MyCode/ENCODER/ENCODER.c:188:13:Vset_data_Refresh	8	static
../MyCode/ENCODER/ENCODER.c:297:13:Iset_data_Refresh	8	static
../MyCode/ENCODER/ENCODER.c:408:13:VRate_data_Refresh	8	static
../MyCode/ENCODER/ENCODER.c:546:13:IRate_data_Refresh	8	static
../MyCode/ENCODER/ENCODER.c:581:13:Save_data_Refresh	8	static
../MyCode/ENCODER/ENCODER.c:644:13:Recall_data_Refresh	8	static
../MyCode/ENCODER/ENCODER.c:651:13:Timer_data_Refresh	8	static
../MyCode/ENCODER/ENCODER.c:676:13:Light_data_Refresh	8	static
../MyCode/ENCODER/ENCODER.c:684:13:FAN_data_Refresh	16	static
../MyCode/ENCODER/ENCODER.c:700:13:enter_action	8	static
../MyCode/ENCODER/ENCODER.c:841:6:Encoder_Data_refresh	8	static
../MyCode/ENCODER/ENCODER.c:970:6:Encoder_Enter_Handle	8	static
