../MyCode/AT25/at25.c:12:9:SPI_AT25_SendByte	32	static
../MyCode/AT25/at25.c:30:9:SPI_AT25_ReadByte	16	static
../MyCode/AT25/at25.c:39:6:AT_25_init	16	static
../MyCode/AT25/at25.c:76:6:SPI_Save_Word_16bits	32	static
../MyCode/AT25/at25.c:115:6:SPI_Save_Word_8bits	32	static
../MyCode/AT25/at25.c:152:10:SPI_Load_Word_16bits	32	static
../MyCode/AT25/at25.c:178:9:SPI_Load_Word_8bits	32	static
../MyCode/AT25/at25.c:203:6:SPI_AT25_Write	16	static
../MyCode/AT25/at25.c:222:6:SPI_AT25_Read	24	static
../MyCode/AT25/at25.c:245:6:AT25_Save_VISet	32	static
../MyCode/AT25/at25.c:264:6:AT25_Save_Recall_Save_VI	32	static
../MyCode/AT25/at25.c:281:10:AT25_Save_Recall_Recall_VI	32	static
../MyCode/AT25/at25.c:310:6:AT25_Save_RS232	16	static
../MyCode/AT25/at25.c:329:6:AT25_Save_Delay	16	static
../MyCode/AT25/at25.c:345:6:AT25_Save_Cycle	16	static
../MyCode/AT25/at25.c:363:6:AT25_Save_CC_CV_CP	16	static
../MyCode/AT25/at25.c:377:6:AT25_Save_VI_Rate	16	static
../MyCode/AT25/at25.c:392:6:AT25_Save_AD_Param	24	static
../MyCode/AT25/at25.c:408:6:AT25_load_AD_Param	24	static
../MyCode/AT25/at25.c:432:6:AT25_Reset	72	static
../MyCode/AT25/at25.c:474:6:AT25_Load_VISet	16	static
../MyCode/AT25/at25.c:489:7:AT25_Load_V	24	static
../MyCode/AT25/at25.c:498:7:AT25_Load_I	24	static
../MyCode/AT25/at25.c:512:13:AT25_Load_RecallSaveSet	88	static
../MyCode/AT25/at25.c:538:13:AT25_Load_RS232	16	static
../MyCode/AT25/at25.c:557:13:AT25_Load_Delay	16	static
../MyCode/AT25/at25.c:576:13:AT25_Load_Cycle	32	static
../MyCode/AT25/at25.c:597:13:AT25_Load_CC_CV_CP	16	static
../MyCode/AT25/at25.c:610:13:AT25_Load_VI_Rate	16	static
../MyCode/AT25/at25.c:628:6:AT25_Load_Data	8	static
