../MyCode/AT25/at25.c:12:9:SPI_AT25_SendByte	32	static
../MyCode/AT25/at25.c:30:9:SPI_AT25_ReadByte	16	static
../MyCode/AT25/at25.c:39:6:AT_25_init	16	static
../MyCode/AT25/at25.c:76:6:SPI_Save_Word_16bits	32	static
../MyCode/AT25/at25.c:115:6:SPI_Save_Word_8bits	32	static
../MyCode/AT25/at25.c:152:10:SPI_Load_Word_16bits	32	static
../MyCode/AT25/at25.c:178:9:SPI_Load_Word_8bits	32	static
../MyCode/AT25/at25.c:203:6:SPI_AT25_Write	16	static
../MyCode/AT25/at25.c:222:6:SPI_AT25_Read	24	static
../MyCode/AT25/at25.c:245:6:AT25_Save_VISet	32	static
../MyCode/AT25/at25.c:264:6:AT25_Save_Recall_Save_VI	32	static
../MyCode/AT25/at25.c:281:10:AT25_Save_Recall_Recall_VI	32	static
../MyCode/AT25/at25.c:310:6:AT25_Save_RS232	16	static
../MyCode/AT25/at25.c:329:6:AT25_Save_Delay	16	static
../MyCode/AT25/at25.c:351:6:AT25_Save_Cycle	24	static
../MyCode/AT25/at25.c:374:6:AT25_Save_CC_CV_CP	16	static
../MyCode/AT25/at25.c:388:6:AT25_Save_VI_Rate	16	static
../MyCode/AT25/at25.c:403:6:AT25_Save_AD_Param	16	static
../MyCode/AT25/at25.c:417:6:AT25_load_AD_Param	16	static
../MyCode/AT25/at25.c:436:6:AT25_Reset	72	static
../MyCode/AT25/at25.c:478:6:AT25_Load_VISet	16	static
../MyCode/AT25/at25.c:493:7:AT25_Load_V	24	static
../MyCode/AT25/at25.c:502:7:AT25_Load_I	24	static
../MyCode/AT25/at25.c:516:13:AT25_Load_RecallSaveSet	88	static
../MyCode/AT25/at25.c:542:13:AT25_Load_RS232	16	static
../MyCode/AT25/at25.c:561:13:AT25_Load_Delay	16	static
../MyCode/AT25/at25.c:581:13:AT25_Load_Cycle	32	static
../MyCode/AT25/at25.c:602:13:AT25_Load_CC_CV_CP	16	static
../MyCode/AT25/at25.c:615:13:AT25_Load_VI_Rate	16	static
../MyCode/AT25/at25.c:633:6:AT25_Load_Data	8	static
